Archive member included to satisfy reference by file (symbol)

H:/MikroKontroler/STM32CubeIDE_1.19.0/STM32CubeIDE/plugins/com.st.stm32cube.ide.mcu.externaltools.gnu-tools-for-stm32.13.3.rel1.win32_1.0.0.202411081344/tools/bin/../lib/gcc/arm-none-eabi/13.3.1/../../../../arm-none-eabi/lib/thumb/v7e-m+fp/hard\libc_nano.a(libc_a-exit.o)
                              H:/MikroKontroler/STM32CubeIDE_1.19.0/STM32CubeIDE/plugins/com.st.stm32cube.ide.mcu.externaltools.gnu-tools-for-stm32.13.3.rel1.win32_1.0.0.202411081344/tools/bin/../lib/gcc/arm-none-eabi/13.3.1/../../../../arm-none-eabi/lib/thumb/v7e-m+fp/hard/crt0.o (exit)
H:/MikroKontroler/STM32CubeIDE_1.19.0/STM32CubeIDE/plugins/com.st.stm32cube.ide.mcu.externaltools.gnu-tools-for-stm32.13.3.rel1.win32_1.0.0.202411081344/tools/bin/../lib/gcc/arm-none-eabi/13.3.1/../../../../arm-none-eabi/lib/thumb/v7e-m+fp/hard\libc_nano.a(libc_a-findfp.o)
                              H:/MikroKontroler/STM32CubeIDE_1.19.0/STM32CubeIDE/plugins/com.st.stm32cube.ide.mcu.externaltools.gnu-tools-for-stm32.13.3.rel1.win32_1.0.0.202411081344/tools/bin/../lib/gcc/arm-none-eabi/13.3.1/../../../../arm-none-eabi/lib/thumb/v7e-m+fp/hard\libc_nano.a(libc_a-exit.o) (__stdio_exit_handler)
H:/MikroKontroler/STM32CubeIDE_1.19.0/STM32CubeIDE/plugins/com.st.stm32cube.ide.mcu.externaltools.gnu-tools-for-stm32.13.3.rel1.win32_1.0.0.202411081344/tools/bin/../lib/gcc/arm-none-eabi/13.3.1/../../../../arm-none-eabi/lib/thumb/v7e-m+fp/hard\libc_nano.a(libc_a-fwalk.o)
                              H:/MikroKontroler/STM32CubeIDE_1.19.0/STM32CubeIDE/plugins/com.st.stm32cube.ide.mcu.externaltools.gnu-tools-for-stm32.13.3.rel1.win32_1.0.0.202411081344/tools/bin/../lib/gcc/arm-none-eabi/13.3.1/../../../../arm-none-eabi/lib/thumb/v7e-m+fp/hard\libc_nano.a(libc_a-findfp.o) (_fwalk_sglue)
H:/MikroKontroler/STM32CubeIDE_1.19.0/STM32CubeIDE/plugins/com.st.stm32cube.ide.mcu.externaltools.gnu-tools-for-stm32.13.3.rel1.win32_1.0.0.202411081344/tools/bin/../lib/gcc/arm-none-eabi/13.3.1/../../../../arm-none-eabi/lib/thumb/v7e-m+fp/hard\libc_nano.a(libc_a-printf.o)
                              ./Core/Src/main.o (printf)
H:/MikroKontroler/STM32CubeIDE_1.19.0/STM32CubeIDE/plugins/com.st.stm32cube.ide.mcu.externaltools.gnu-tools-for-stm32.13.3.rel1.win32_1.0.0.202411081344/tools/bin/../lib/gcc/arm-none-eabi/13.3.1/../../../../arm-none-eabi/lib/thumb/v7e-m+fp/hard\libc_nano.a(libc_a-puts.o)
                              ./Core/Src/main.o (puts)
H:/MikroKontroler/STM32CubeIDE_1.19.0/STM32CubeIDE/plugins/com.st.stm32cube.ide.mcu.externaltools.gnu-tools-for-stm32.13.3.rel1.win32_1.0.0.202411081344/tools/bin/../lib/gcc/arm-none-eabi/13.3.1/../../../../arm-none-eabi/lib/thumb/v7e-m+fp/hard\libc_nano.a(libc_a-snprintf.o)
                              ./Core/Src/ssd1306_tests.o (snprintf)
H:/MikroKontroler/STM32CubeIDE_1.19.0/STM32CubeIDE/plugins/com.st.stm32cube.ide.mcu.externaltools.gnu-tools-for-stm32.13.3.rel1.win32_1.0.0.202411081344/tools/bin/../lib/gcc/arm-none-eabi/13.3.1/../../../../arm-none-eabi/lib/thumb/v7e-m+fp/hard\libc_nano.a(libc_a-stdio.o)
                              H:/MikroKontroler/STM32CubeIDE_1.19.0/STM32CubeIDE/plugins/com.st.stm32cube.ide.mcu.externaltools.gnu-tools-for-stm32.13.3.rel1.win32_1.0.0.202411081344/tools/bin/../lib/gcc/arm-none-eabi/13.3.1/../../../../arm-none-eabi/lib/thumb/v7e-m+fp/hard\libc_nano.a(libc_a-findfp.o) (__sread)
H:/MikroKontroler/STM32CubeIDE_1.19.0/STM32CubeIDE/plugins/com.st.stm32cube.ide.mcu.externaltools.gnu-tools-for-stm32.13.3.rel1.win32_1.0.0.202411081344/tools/bin/../lib/gcc/arm-none-eabi/13.3.1/../../../../arm-none-eabi/lib/thumb/v7e-m+fp/hard\libc_nano.a(libc_a-wbuf.o)
                              H:/MikroKontroler/STM32CubeIDE_1.19.0/STM32CubeIDE/plugins/com.st.stm32cube.ide.mcu.externaltools.gnu-tools-for-stm32.13.3.rel1.win32_1.0.0.202411081344/tools/bin/../lib/gcc/arm-none-eabi/13.3.1/../../../../arm-none-eabi/lib/thumb/v7e-m+fp/hard\libc_nano.a(libc_a-puts.o) (__swbuf_r)
H:/MikroKontroler/STM32CubeIDE_1.19.0/STM32CubeIDE/plugins/com.st.stm32cube.ide.mcu.externaltools.gnu-tools-for-stm32.13.3.rel1.win32_1.0.0.202411081344/tools/bin/../lib/gcc/arm-none-eabi/13.3.1/../../../../arm-none-eabi/lib/thumb/v7e-m+fp/hard\libc_nano.a(libc_a-wsetup.o)
                              H:/MikroKontroler/STM32CubeIDE_1.19.0/STM32CubeIDE/plugins/com.st.stm32cube.ide.mcu.externaltools.gnu-tools-for-stm32.13.3.rel1.win32_1.0.0.202411081344/tools/bin/../lib/gcc/arm-none-eabi/13.3.1/../../../../arm-none-eabi/lib/thumb/v7e-m+fp/hard\libc_nano.a(libc_a-puts.o) (__swsetup_r)
H:/MikroKontroler/STM32CubeIDE_1.19.0/STM32CubeIDE/plugins/com.st.stm32cube.ide.mcu.externaltools.gnu-tools-for-stm32.13.3.rel1.win32_1.0.0.202411081344/tools/bin/../lib/gcc/arm-none-eabi/13.3.1/../../../../arm-none-eabi/lib/thumb/v7e-m+fp/hard\libc_nano.a(libc_a-memmove.o)
                              ./Core/Src/ssd1306_tests.o (memmove)
[...]
Memory Configuration

Name             Origin             Length             Attributes
RAM              0x20000000         0x00018000         xrw
RAM2             0x10000000         0x00008000         xrw
FLASH            0x08000000         0x00100000         xr
*default*        0x00000000         0xffffffff

Linker script and memory map

LOAD H:/MikroKontroler/STM32CubeIDE_1.19.0/STM32CubeIDE/plugins/com.st.stm32cube.ide.mcu.externaltools.gnu-tools-for-stm32.13.3.rel1.win32_1.0.0.202411081344/tools/bin/../lib/gcc/arm-none-eabi/13.3.1/thumb/v7e-m+fp/hard/crti.o
LOAD H:/MikroKontroler/STM32CubeIDE_1.19.0/STM32CubeIDE/plugins/com.st.stm32cube.ide.mcu.externaltools.gnu-tools-for-stm32.13.3.rel1.win32_1.0.0.202411081344/tools/bin/../lib/gcc/arm-none-eabi/13.3.1/thumb/v7e-m+fp/hard/crtbegin.o
LOAD H:/MikroKontroler/STM32CubeIDE_1.19.0/STM32CubeIDE/plugins/com.st.stm32cube.ide.mcu.externaltools.gnu-tools-for-stm32.13.3.rel1.win32_1.0.0.202411081344/tools/bin/../lib/gcc/arm-none-eabi/13.3.1/../../../../arm-none-eabi/lib/thumb/v7e-m+fp/hard/crt0.o
LOAD ./Core/Src/MPU6050.o
LOAD ./Core/Src/main.o
LOAD ./Core/Src/ssd1306.o
LOAD ./Core/Src/ssd1306_fonts.o
LOAD ./Core/Src/ssd1306_tests.o
LOAD ./Core/Src/stm32l4xx_hal_msp.o
LOAD ./Core/Src/stm32l4xx_it.o
LOAD ./Core/Src/syscalls.o
LOAD ./Core/Src/sysmem.o
LOAD ./Core/Src/system_stm32l4xx.o
LOAD ./Core/Startup/startup_stm32l476rgtx.o
LOAD ./Drivers/STM32L4xx_HAL_Driver/Src/stm32l4xx_hal.o
LOAD ./Drivers/STM32L4xx_HAL_Driver/Src/stm32l4xx_hal_cortex.o
LOAD ./Drivers/STM32L4xx_HAL_Driver/Src/stm32l4xx_hal_dma.o
LOAD ./Drivers/STM32L4xx_HAL_Driver/Src/stm32l4xx_hal_dma_ex.o
LOAD ./Drivers/STM32L4xx_HAL_Driver/Src/stm32l4xx_hal_exti.o
LOAD ./Drivers/STM32L4xx_HAL_Driver/Src/stm32l4xx_hal_flash.o
LOAD ./Drivers/STM32L4xx_HAL_Driver/Src/stm32l4xx_hal_flash_ex.o
LOAD ./Drivers/STM32L4xx_HAL_Driver/Src/stm32l4xx_hal_flash_ramfunc.o
LOAD ./Drivers/STM32L4xx_HAL_Driver/Src/stm32l4xx_hal_gpio.o
LOAD ./Drivers/STM32L4xx_HAL_Driver/Src/stm32l4xx_hal_i2c.o
LOAD ./Drivers/STM32L4xx_HAL_Driver/Src/stm32l4xx_hal_i2c_ex.o
LOAD ./Drivers/STM32L4xx_HAL_Driver/Src/stm32l4xx_hal_pwr.o
LOAD ./Drivers/STM32L4xx_HAL_Driver/Src/stm32l4xx_hal_pwr_ex.o
LOAD ./Drivers/STM32L4xx_HAL_Driver/Src/stm32l4xx_hal_rcc.o
LOAD ./Drivers/STM32L4xx_HAL_Driver/Src/stm32l4xx_hal_rcc_ex.o
LOAD ./Drivers/STM32L4xx_HAL_Driver/Src/stm32l4xx_hal_spi.o
LOAD ./Drivers/STM32L4xx_HAL_Driver/Src/stm32l4xx_hal_spi_ex.o
LOAD ./Drivers/STM32L4xx_HAL_Driver/Src/stm32l4xx_hal_uart.o
LOAD ./Drivers/STM32L4xx_HAL_Driver/Src/stm32l4xx_hal_uart_ex.o
START GROUP
LOAD H:/MikroKontroler/STM32CubeIDE_1.19.0/STM32CubeIDE/plugins/com.st.stm32cube.ide.mcu.externaltools.gnu-tools-for-stm32.13.3.rel1.win32_1.0.0.202411081344/tools/bin/../lib/gcc/arm-none-eabi/13.3.1/../../../../arm-none-eabi/lib/thumb/v7e-m+fp/hard\libc_nano.a
LOAD H:/MikroKontroler/STM32CubeIDE_1.19.0/STM32CubeIDE/plugins/com.st.stm32cube.ide.mcu.externaltools.gnu-tools-for-stm32.13.3.rel1.win32_1.0.0.202411081344/tools/bin/../lib/gcc/arm-none-eabi/13.3.1/../../../../arm-none-eabi/lib/thumb/v7e-m+fp/hard\libm.a
END GROUP
START GROUP
LOAD H:/MikroKontroler/STM32CubeIDE_1.19.0/STM32CubeIDE/plugins/com.st.stm32cube.ide.mcu.externaltools.gnu-tools-for-stm32.13.3.rel1.win32_1.0.0.202411081344/tools/bin/../lib/gcc/arm-none-eabi/13.3.1/thumb/v7e-m+fp/hard\libgcc.a
LOAD H:/MikroKontroler/STM32CubeIDE_1.19.0/STM32CubeIDE/plugins/com.st.stm32cube.ide.mcu.externaltools.gnu-tools-for-stm32.13.3.rel1.win32_1.0.0.202411081344/tools/bin/../lib/gcc/arm-none-eabi/13.3.1/../../../../arm-none-eabi/lib/thumb/v7e-m+fp/hard\libc_nano.a
END GROUP
START GROUP
LOAD H:/MikroKontroler/STM32CubeIDE_1.19.0/STM32CubeIDE/plugins/com.st.stm32cube.ide.mcu.externaltools.gnu-tools-for-stm32.13.3.rel1.win32_1.0.0.202411081344/tools/bin/../lib/gcc/arm-none-eabi/13.3.1/thumb/v7e-m+fp/hard\libgcc.a
LOAD H:/MikroKontroler/STM32CubeIDE_1.19.0/STM32CubeIDE/plugins/com.st.stm32cube.ide.mcu.externaltools.gnu-tools-for-stm32.13.3.rel1.win32_1.0.0.202411081344/tools/bin/../lib/gcc/arm-none-eabi/13.3.1/../../../../arm-none-eabi/lib/thumb/v7e-m+fp/hard\libc_nano.a
LOAD H:/MikroKontroler/STM32CubeIDE_1.19.0/STM32CubeIDE/plugins/com.st.stm32cube.ide.mcu.externaltools.gnu-tools-for-stm32.13.3.rel1.win32_1.0.0.202411081344/tools/bin/../lib/gcc/arm-none-eabi/13.3.1/../../../../arm-none-eabi/lib/thumb/v7e-m+fp/hard\libnosys.a
END GROUP
START GROUP
LOAD H:/MikroKontroler/STM32CubeIDE_1.19.0/STM32CubeIDE/plugins/com.st.stm32cube.ide.mcu.externaltools.gnu-tools-for-stm32.13.3.rel1.win32_1.0.0.202411081344/tools/bin/../lib/gcc/arm-none-eabi/13.3.1/thumb/v7e-m+fp/hard\libgcc.a
LOAD H:/MikroKontroler/STM32CubeIDE_1.19.0/STM32CubeIDE/plugins/com.st.stm32cube.ide.mcu.externaltools.gnu-tools-for-stm32.13.3.rel1.win32_1.0.0.202411081344/tools/bin/../lib/gcc/arm-none-eabi/13.3.1/../../../../arm-none-eabi/lib/thumb/v7e-m+fp/hard\libc_nano.a
LOAD H:/MikroKontroler/STM32CubeIDE_1.19.0/STM32CubeIDE/plugins/com.st.stm32cube.ide.mcu.externaltools.gnu-tools-for-stm32.13.3.rel1.win32_1.0.0.202411081344/tools/bin/../lib/gcc/arm-none-eabi/13.3.1/../../../../arm-none-eabi/lib/thumb/v7e-m+fp/hard\libnosys.a
END GROUP
LOAD H:/MikroKontroler/STM32CubeIDE_1.19.0/STM32CubeIDE/plugins/com.st.stm32cube.ide.mcu.externaltools.gnu-tools-for-stm32.13.3.rel1.win32_1.0.0.202411081344/tools/bin/../lib/gcc/arm-none-eabi/13.3.1/thumb/v7e-m+fp/hard/crtend.o
LOAD H:/MikroKontroler/STM32CubeIDE_1.19.0/STM32CubeIDE/plugins/com.st.stm32cube.ide.mcu.externaltools.gnu-tools-for-stm32.13.3.rel1.win32_1.0.0.202411081344/tools/bin/../lib/gcc/arm-none-eabi/13.3.1/thumb/v7e-m+fp/hard/crtn.o
                0x20018000                        _estack = (ORIGIN (RAM) + LENGTH (RAM))
                0x00000200                        _Min_Heap_Size = 0x200
                0x00000400                        _Min_Stack_Size = 0x400

.isr_vector     0x08000000      0x188
                0x08000000                        . = ALIGN (0x4)
 *(.isr_vector)
 .isr_vector    0x08000000      0x188 ./Core/Startup/startup_stm32l476rgtx.o
                0x08000000                g_pfnVectors
                0x08000188                        . = ALIGN (0x4)

.text           0x08000190     0x6be4
                0x08000190                        . = ALIGN (0x4)
 *(.text)
 .text          0x08000190       0x40 H:/MikroKontroler/STM32CubeIDE_1.19.0/STM32CubeIDE/plugins/com.st.stm32cube.ide.mcu.externaltools.gnu-tools-for-stm32.13.3.rel1.win32_1.0.0.202411081344/tools/bin/../lib/gcc/arm-none-eabi/13.3.1/thumb/v7e-m+fp/hard/crtbegin.o
 .text          0x080001d0       0xa0 H:/MikroKontroler/STM32CubeIDE_1.19.0/STM32CubeIDE/plugins/com.st.stm32cube.ide.mcu.externaltools.gnu-tools-for-stm32.13.3.rel1.win32_1.0.0.202411081344/tools/bin/../lib/gcc/arm-none-eabi/13.3.1/../../../../arm-none-eabi/lib/thumb/v7e-m+fp/hard\libc_nano.a(libc_a-memchr.o)
                0x080001d0                memchr
 .text          0x08000270      0x378 H:/MikroKontroler/STM32CubeIDE_1.19.0/STM32CubeIDE/plugins/com.st.stm32cube.ide.mcu.externaltools.gnu-tools-for-stm32.13.3.rel1.win32_1.0.0.202411081344/tools/bin/../lib/gcc/arm-none-eabi/13.3.1/thumb/v7e-m+fp/hard\libgcc.a(_arm_addsubdf3.o)
                0x08000270                __aeabi_drsub
                0x08000278                __aeabi_dsub
                0x08000278                __subdf3
                0x0800027c                __aeabi_dadd
                0x0800027c                __adddf3
                0x080004f4                __floatunsidf
                0x080004f4                __aeabi_ui2d
                0x08000514                __floatsidf
                0x08000514                __aeabi_i2d
                0x08000538                __aeabi_f2d
                0x08000538                __extendsfdf2
                0x0800057c                __floatundidf
                0x0800057c                __aeabi_ul2d
                0x0800058c                __floatdidf
                0x0800058c                __aeabi_l2d
 .text          0x080005e8      0x424 H:/MikroKontroler/STM32CubeIDE_1.19.0/STM32CubeIDE/plugins/com.st.stm32cube.ide.mcu.externaltools.gnu-tools-for-stm32.13.3.rel1.win32_1.0.0.202411081344/tools/bin/../lib/gcc/arm-none-eabi/13.3.1/thumb/v7e-m+fp/hard\libgcc.a(_arm_muldivdf3.o)
                0x080005e8                __aeabi_dmul
                0x080005e8                __muldf3
                0x0800083c                __divdf3
                0x0800083c                __aeabi_ddiv
 .text          0x08000a0c       0xa0 H:/MikroKontroler/STM32CubeIDE_1.19.0/STM32CubeIDE/plugins/com.st.stm32cube.ide.mcu.externaltools.gnu-tools-for-stm32.13.3.rel1.win32_1.0.0.202411081344/tools/bin/../lib/gcc/arm-none-eabi/13.3.1/thumb/v7e-m+fp/hard\libgcc.a(_arm_truncdfsf2.o)
                0x08000a0c                __truncdfsf2
                0x08000a0c                __aeabi_d2f
 .text          0x08000aac       0x30 H:/MikroKontroler/STM32CubeIDE_1.19.0/STM32CubeIDE/plugins/com.st.stm32cube.ide.mcu.externaltools.gnu-tools-for-stm32.13.3.rel1.win32_1.0.0.202411081344/tools/bin/../lib/gcc/arm-none-eabi/13.3.1/thumb/v7e-m+fp/hard\libgcc.a(_aeabi_uldivmod.o)
                0x08000aac                __aeabi_uldivmod
 .text          0x08000adc      0x2f8 H:/MikroKontroler/STM32CubeIDE_1.19.0/STM32CubeIDE/plugins/com.st.stm32cube.ide.mcu.externaltools.gnu-tools-for-stm32.13.3.rel1.win32_1.0.0.202411081344/tools/bin/../lib/gcc/arm-none-eabi/13.3.1/thumb/v7e-m+fp/hard\libgcc.a(_udivmoddi4.o)
                0x08000adc                __udivmoddi4
 .text          0x08000dd4        0x4 H:/MikroKontroler/STM32CubeIDE_1.19.0/STM32CubeIDE/plugins/com.st.stm32cube.ide.mcu.externaltools.gnu-tools-for-stm32.13.3.rel1.win32_1.0.0.202411081344/tools/bin/../lib/gcc/arm-none-eabi/13.3.1/thumb/v7e-m+fp/hard\libgcc.a(_dvmd_tls.o)
                0x08000dd4                __aeabi_idiv0
                0x08000dd4                __aeabi_ldiv0
 *(.text*)
 .text.MPU6050_init
                0x08000dd8       0xac ./Core/Src/MPU6050.o
                0x08000dd8                MPU6050_init
 .text.MPU6050_Read_Accel
                0x08000e84      0x110 ./Core/Src/MPU6050.o
                0x08000e84                MPU6050_Read_Accel
 .text.__io_putchar
                0x08000f94       0x40 ./Core/Src/main.o
                0x08000f94                __io_putchar
 .text.print_float
                0x08000fd4       0x58 ./Core/Src/main.o
                0x08000fd4                print_float
 .text.move_y   0x0800102c       0xb4 ./Core/Src/main.o
                0x0800102c                move_y
 .text.move_x   0x080010e0       0xb4 ./Core/Src/main.o
                0x080010e0                move_x
 .text.main     0x08001194      0x2a4 ./Core/Src/main.o
                0x08001194                main
 .text.SystemClock_Config
                0x08001438       0xa2 ./Core/Src/main.o
                0x08001438                SystemClock_Config
 *fill*         0x080014da        0x2 
 .text.MX_I2C1_Init
                0x080014dc       0x80 ./Core/Src/main.o
 .text.MX_SPI2_Init
                0x0800155c       0x7c ./Core/Src/main.o
 .text.MX_USART2_UART_Init
                0x080015d8       0x60 ./Core/Src/main.o
 .text.MX_GPIO_Init
                0x08001638      0x110 ./Core/Src/main.o
 .text.Error_Handler
                0x08001748        0xc ./Core/Src/main.o
                0x08001748                Error_Handler
 .text.ssd1306_Reset
                0x08001754       0x3c ./Core/Src/ssd1306.o
                0x08001754                ssd1306_Reset
 .text.ssd1306_WriteCommand
                0x08001790       0x4c ./Core/Src/ssd1306.o
                0x08001790                ssd1306_WriteCommand
 .text.ssd1306_WriteData
                0x080017dc       0x4c ./Core/Src/ssd1306.o
                0x080017dc                ssd1306_WriteData
 .text.ssd1306_Init
                0x08001828       0xd4 ./Core/Src/ssd1306.o
                0x08001828                ssd1306_Init
 .text.ssd1306_Fill
                0x080018fc       0x30 ./Core/Src/ssd1306.o
                0x080018fc                ssd1306_Fill
 .text.ssd1306_UpdateScreen
                0x0800192c       0x50 ./Core/Src/ssd1306.o
                0x0800192c                ssd1306_UpdateScreen
 .text.ssd1306_DrawPixel
                0x0800197c       0xa8 ./Core/Src/ssd1306.o
                0x0800197c                ssd1306_DrawPixel
 .text.ssd1306_WriteChar
                0x08001a24      0x120 ./Core/Src/ssd1306.o
                0x08001a24                ssd1306_WriteChar
 .text.ssd1306_WriteString
                0x08001b44       0x4c ./Core/Src/ssd1306.o
                0x08001b44                ssd1306_WriteString
 .text.ssd1306_SetCursor
                0x08001b90       0x30 ./Core/Src/ssd1306.o
                0x08001b90                ssd1306_SetCursor
 .text.ssd1306_SetContrast
                0x08001bc0       0x26 ./Core/Src/ssd1306.o
                0x08001bc0                ssd1306_SetContrast
 *fill*         0x08001be6        0x2 
 .text.ssd1306_SetDisplayOn
                0x08001be8       0x3c ./Core/Src/ssd1306.o
                0x08001be8                ssd1306_SetDisplayOn
 .text.HAL_MspInit
                0x08001c24       0x48 ./Core/Src/stm32l4xx_hal_msp.o
                0x08001c24                HAL_MspInit
 .text.HAL_I2C_MspInit
                0x08001c6c       0xbc ./Core/Src/stm32l4xx_hal_msp.o
                0x08001c6c                HAL_I2C_MspInit
 .text.HAL_SPI_MspInit
                0x08001d28       0xc4 ./Core/Src/stm32l4xx_hal_msp.o
                0x08001d28                HAL_SPI_MspInit
 .text.HAL_UART_MspInit
                0x08001dec       0xb8 ./Core/Src/stm32l4xx_hal_msp.o
                0x08001dec                HAL_UART_MspInit
 .text.NMI_Handler
                0x08001ea4        0x8 ./Core/Src/stm32l4xx_it.o
                0x08001ea4                NMI_Handler
 .text.HardFault_Handler
                0x08001eac        0x8 ./Core/Src/stm32l4xx_it.o
                0x08001eac                HardFault_Handler
 .text.MemManage_Handler
                0x08001eb4        0x8 ./Core/Src/stm32l4xx_it.o
                0x08001eb4                MemManage_Handler
 .text.BusFault_Handler
                0x08001ebc        0x8 ./Core/Src/stm32l4xx_it.o
                0x08001ebc                BusFault_Handler
 .text.UsageFault_Handler
                0x08001ec4        0x8 ./Core/Src/stm32l4xx_it.o
                0x08001ec4                UsageFault_Handler
 .text.SVC_Handler
                0x08001ecc        0xe ./Core/Src/stm32l4xx_it.o
                0x08001ecc                SVC_Handler
 .text.DebugMon_Handler
                0x08001eda        0xe ./Core/Src/stm32l4xx_it.o
                0x08001eda                DebugMon_Handler
 .text.PendSV_Handler
                0x08001ee8        0xe ./Core/Src/stm32l4xx_it.o
                0x08001ee8                PendSV_Handler
 .text.SysTick_Handler
                0x08001ef6        0xc ./Core/Src/stm32l4xx_it.o
                0x08001ef6                SysTick_Handler
 .text._read    0x08001f02       0x3a ./Core/Src/syscalls.o
                0x08001f02                _read
 .text._write   0x08001f3c       0x38 ./Core/Src/syscalls.o
                0x08001f3c                _write
 .text._close   0x08001f74       0x18 ./Core/Src/syscalls.o
                0x08001f74                _close
 .text._fstat   0x08001f8c       0x20 ./Core/Src/syscalls.o
                0x08001f8c                _fstat
 .text._isatty  0x08001fac       0x16 ./Core/Src/syscalls.o
                0x08001fac                _isatty
 .text._lseek   0x08001fc2       0x1a ./Core/Src/syscalls.o
                0x08001fc2                _lseek
 .text._sbrk    0x08001fdc       0x6c ./Core/Src/sysmem.o
                0x08001fdc                _sbrk
 .text.SystemInit
                0x08002048       0x24 ./Core/Src/system_stm32l4xx.o
                0x08002048                SystemInit
 .text.Reset_Handler
                0x0800206c       0x50 ./Core/Startup/startup_stm32l476rgtx.o
                0x0800206c                Reset_Handler
 .text.Default_Handler
                0x080020bc        0x2 ./Core/Startup/startup_stm32l476rgtx.o
                0x080020bc                RTC_Alarm_IRQHandler
                0x080020bc                EXTI2_IRQHandler
                0x080020bc                TIM8_TRG_COM_IRQHandler
                0x080020bc                TIM8_CC_IRQHandler
                0x080020bc                TIM1_CC_IRQHandler
                0x080020bc                TSC_IRQHandler
                0x080020bc                TAMP_STAMP_IRQHandler
                0x080020bc                EXTI3_IRQHandler
                0x080020bc                LPTIM2_IRQHandler
                0x080020bc                DFSDM1_FLT1_IRQHandler
                0x080020bc                I2C3_ER_IRQHandler
                0x080020bc                DFSDM1_FLT2_IRQHandler
                0x080020bc                EXTI0_IRQHandler
                0x080020bc                I2C2_EV_IRQHandler
                0x080020bc                CAN1_RX0_IRQHandler
                0x080020bc                FPU_IRQHandler
                0x080020bc                TIM1_UP_TIM16_IRQHandler
                0x080020bc                ADC1_2_IRQHandler
                0x080020bc                SPI1_IRQHandler
                0x080020bc                TIM6_DAC_IRQHandler
                0x080020bc                TIM8_UP_IRQHandler
                0x080020bc                DMA2_Channel2_IRQHandler
                0x080020bc                DMA1_Channel4_IRQHandler
                0x080020bc                SAI2_IRQHandler
                0x080020bc                DFSDM1_FLT3_IRQHandler
                0x080020bc                USART3_IRQHandler
                0x080020bc                DMA1_Channel7_IRQHandler
                0x080020bc                CAN1_RX1_IRQHandler
                0x080020bc                LCD_IRQHandler
                0x080020bc                UART5_IRQHandler
                0x080020bc                ADC3_IRQHandler
                0x080020bc                TIM4_IRQHandler
                0x080020bc                DMA2_Channel1_IRQHandler
                0x080020bc                QUADSPI_IRQHandler
                0x080020bc                I2C1_EV_IRQHandler
                0x080020bc                DMA1_Channel6_IRQHandler
                0x080020bc                UART4_IRQHandler
                0x080020bc                DMA2_Channel4_IRQHandler
                0x080020bc                TIM3_IRQHandler
                0x080020bc                RCC_IRQHandler
                0x080020bc                DMA1_Channel1_IRQHandler
                0x080020bc                Default_Handler
                0x080020bc                DMA2_Channel7_IRQHandler
                0x080020bc                EXTI15_10_IRQHandler
                0x080020bc                TIM7_IRQHandler
                0x080020bc                SDMMC1_IRQHandler
                0x080020bc                TIM5_IRQHandler
                0x080020bc                I2C3_EV_IRQHandler
                0x080020bc                EXTI9_5_IRQHandler
                0x080020bc                RTC_WKUP_IRQHandler
                0x080020bc                PVD_PVM_IRQHandler
                0x080020bc                SPI2_IRQHandler
                0x080020bc                CAN1_TX_IRQHandler
                0x080020bc                DMA2_Channel5_IRQHandler
                0x080020bc                DMA1_Channel5_IRQHandler
                0x080020bc                EXTI4_IRQHandler
                0x080020bc                RNG_IRQHandler
                0x080020bc                TIM1_TRG_COM_TIM17_IRQHandler
                0x080020bc                DMA1_Channel3_IRQHandler
                0x080020bc                COMP_IRQHandler
                0x080020bc                WWDG_IRQHandler
                0x080020bc                LPUART1_IRQHandler
                0x080020bc                DMA2_Channel6_IRQHandler
                0x080020bc                TIM2_IRQHandler
                0x080020bc                EXTI1_IRQHandler
                0x080020bc                USART2_IRQHandler
                0x080020bc                DFSDM1_FLT0_IRQHandler
                0x080020bc                I2C2_ER_IRQHandler
                0x080020bc                DMA1_Channel2_IRQHandler
                0x080020bc                TIM8_BRK_IRQHandler
                0x080020bc                CAN1_SCE_IRQHandler
                0x080020bc                FLASH_IRQHandler
                0x080020bc                USART1_IRQHandler
                0x080020bc                OTG_FS_IRQHandler
                0x080020bc                SPI3_IRQHandler
                0x080020bc                I2C1_ER_IRQHandler
                0x080020bc                FMC_IRQHandler
                0x080020bc                SWPMI1_IRQHandler
                0x080020bc                LPTIM1_IRQHandler
                0x080020bc                SAI1_IRQHandler
                0x080020bc                DMA2_Channel3_IRQHandler
                0x080020bc                TIM1_BRK_TIM15_IRQHandler
 *fill*         0x080020be        0x2 
 .text.HAL_Init
                0x080020c0       0x40 ./Drivers/STM32L4xx_HAL_Driver/Src/stm32l4xx_hal.o
                0x080020c0                HAL_Init
 .text.HAL_InitTick
                0x08002100       0x78 ./Drivers/STM32L4xx_HAL_Driver/Src/stm32l4xx_hal.o
                0x08002100                HAL_InitTick
 .text.HAL_IncTick
                0x08002178       0x28 ./Drivers/STM32L4xx_HAL_Driver/Src/stm32l4xx_hal.o
                0x08002178                HAL_IncTick
 .text.HAL_GetTick
                0x080021a0       0x18 ./Drivers/STM32L4xx_HAL_Driver/Src/stm32l4xx_hal.o
                0x080021a0                HAL_GetTick
 .text.HAL_Delay
                0x080021b8       0x48 ./Drivers/STM32L4xx_HAL_Driver/Src/stm32l4xx_hal.o
                0x080021b8                HAL_Delay
 .text.__NVIC_SetPriorityGrouping
                0x08002200       0x48 ./Drivers/STM32L4xx_HAL_Driver/Src/stm32l4xx_hal_cortex.o
 .text.__NVIC_GetPriorityGrouping
                0x08002248       0x1c ./Drivers/STM32L4xx_HAL_Driver/Src/stm32l4xx_hal_cortex.o
 .text.__NVIC_SetPriority
                0x08002264       0x54 ./Drivers/STM32L4xx_HAL_Driver/Src/stm32l4xx_hal_cortex.o
 .text.NVIC_EncodePriority
                0x080022b8       0x66 ./Drivers/STM32L4xx_HAL_Driver/Src/stm32l4xx_hal_cortex.o
 *fill*         0x0800231e        0x2 
 .text.SysTick_Config
                0x08002320       0x44 ./Drivers/STM32L4xx_HAL_Driver/Src/stm32l4xx_hal_cortex.o
 .text.HAL_NVIC_SetPriorityGrouping
                0x08002364       0x16 ./Drivers/STM32L4xx_HAL_Driver/Src/stm32l4xx_hal_cortex.o
                0x08002364                HAL_NVIC_SetPriorityGrouping
 .text.HAL_NVIC_SetPriority
                0x0800237a       0x38 ./Drivers/STM32L4xx_HAL_Driver/Src/stm32l4xx_hal_cortex.o
                0x0800237a                HAL_NVIC_SetPriority
 .text.HAL_SYSTICK_Config
                0x080023b2       0x18 ./Drivers/STM32L4xx_HAL_Driver/Src/stm32l4xx_hal_cortex.o
                0x080023b2                HAL_SYSTICK_Config
 *fill*         0x080023ca        0x2 
 .text.HAL_GPIO_Init
                0x080023cc      0x354 ./Drivers/STM32L4xx_HAL_Driver/Src/stm32l4xx_hal_gpio.o
                0x080023cc                HAL_GPIO_Init
 .text.HAL_GPIO_WritePin
                0x08002720       0x30 ./Drivers/STM32L4xx_HAL_Driver/Src/stm32l4xx_hal_gpio.o
                0x08002720                HAL_GPIO_WritePin
 .text.HAL_I2C_Init
                0x08002750      0x136 ./Drivers/STM32L4xx_HAL_Driver/Src/stm32l4xx_hal_i2c.o
                0x08002750                HAL_I2C_Init
 *fill*         0x08002886        0x2 
 .text.HAL_I2C_Mem_Write
                0x08002888      0x228 ./Drivers/STM32L4xx_HAL_Driver/Src/stm32l4xx_hal_i2c.o
                0x08002888                HAL_I2C_Mem_Write
 .text.HAL_I2C_Mem_Read
                0x08002ab0      0x234 ./Drivers/STM32L4xx_HAL_Driver/Src/stm32l4xx_hal_i2c.o
                0x08002ab0                HAL_I2C_Mem_Read
 .text.HAL_I2C_IsDeviceReady
                0x08002ce4      0x1e8 ./Drivers/STM32L4xx_HAL_Driver/Src/stm32l4xx_hal_i2c.o
                0x08002ce4                HAL_I2C_IsDeviceReady
 .text.I2C_RequestMemoryWrite
                0x08002ecc       0xa8 ./Drivers/STM32L4xx_HAL_Driver/Src/stm32l4xx_hal_i2c.o
 .text.I2C_RequestMemoryRead
                0x08002f74       0xa8 ./Drivers/STM32L4xx_HAL_Driver/Src/stm32l4xx_hal_i2c.o
 .text.I2C_Flush_TXDR
                0x0800301c       0x48 ./Drivers/STM32L4xx_HAL_Driver/Src/stm32l4xx_hal_i2c.o
 .text.I2C_WaitOnFlagUntilTimeout
                0x08003064       0xb2 ./Drivers/STM32L4xx_HAL_Driver/Src/stm32l4xx_hal_i2c.o
 .text.I2C_WaitOnTXISFlagUntilTimeout
                0x08003116       0x8e ./Drivers/STM32L4xx_HAL_Driver/Src/stm32l4xx_hal_i2c.o
 .text.I2C_WaitOnSTOPFlagUntilTimeout
                0x080031a4       0x86 ./Drivers/STM32L4xx_HAL_Driver/Src/stm32l4xx_hal_i2c.o
 *fill*         0x0800322a        0x2 
 .text.I2C_IsErrorOccurred
                0x0800322c      0x1c0 ./Drivers/STM32L4xx_HAL_Driver/Src/stm32l4xx_hal_i2c.o
 .text.I2C_TransferConfig
                0x080033ec       0x64 ./Drivers/STM32L4xx_HAL_Driver/Src/stm32l4xx_hal_i2c.o
 .text.HAL_I2CEx_ConfigAnalogFilter
                0x08003450       0x96 ./Drivers/STM32L4xx_HAL_Driver/Src/stm32l4xx_hal_i2c_ex.o
                0x08003450                HAL_I2CEx_ConfigAnalogFilter
 .text.HAL_I2CEx_ConfigDigitalFilter
                0x080034e6       0x98 ./Drivers/STM32L4xx_HAL_Driver/Src/stm32l4xx_hal_i2c_ex.o
                0x080034e6                HAL_I2CEx_ConfigDigitalFilter
 *fill*         0x0800357e        0x2 
 .text.HAL_PWREx_GetVoltageRange
                0x08003580       0x1c ./Drivers/STM32L4xx_HAL_Driver/Src/stm32l4xx_hal_pwr_ex.o
                0x08003580                HAL_PWREx_GetVoltageRange
 .text.HAL_PWREx_ControlVoltageScaling
                0x0800359c       0xac ./Drivers/STM32L4xx_HAL_Driver/Src/stm32l4xx_hal_pwr_ex.o
                0x0800359c                HAL_PWREx_ControlVoltageScaling
 .text.HAL_RCC_OscConfig
                0x08003648      0x7b8 ./Drivers/STM32L4xx_HAL_Driver/Src/stm32l4xx_hal_rcc.o
                0x08003648                HAL_RCC_OscConfig
 .text.HAL_RCC_ClockConfig
                0x08003e00      0x200 ./Drivers/STM32L4xx_HAL_Driver/Src/stm32l4xx_hal_rcc.o
                0x08003e00                HAL_RCC_ClockConfig
 .text.HAL_RCC_GetSysClockFreq
                0x08004000      0x118 ./Drivers/STM32L4xx_HAL_Driver/Src/stm32l4xx_hal_rcc.o
                0x08004000                HAL_RCC_GetSysClockFreq
 .text.HAL_RCC_GetHCLKFreq
                0x08004118       0x18 ./Drivers/STM32L4xx_HAL_Driver/Src/stm32l4xx_hal_rcc.o
                0x08004118                HAL_RCC_GetHCLKFreq
 .text.HAL_RCC_GetPCLK1Freq
                0x08004130       0x2c ./Drivers/STM32L4xx_HAL_Driver/Src/stm32l4xx_hal_rcc.o
                0x08004130                HAL_RCC_GetPCLK1Freq
 .text.HAL_RCC_GetPCLK2Freq
                0x0800415c       0x2c ./Drivers/STM32L4xx_HAL_Driver/Src/stm32l4xx_hal_rcc.o
                0x0800415c                HAL_RCC_GetPCLK2Freq
 .text.RCC_SetFlashLatencyFromMSIRange
                0x08004188       0xc0 ./Drivers/STM32L4xx_HAL_Driver/Src/stm32l4xx_hal_rcc.o
 .text.HAL_RCCEx_PeriphCLKConfig
                0x08004248      0x5d4 ./Drivers/STM32L4xx_HAL_Driver/Src/stm32l4xx_hal_rcc_ex.o
                0x08004248                HAL_RCCEx_PeriphCLKConfig
 .text.RCCEx_PLLSAI1_Config
                0x0800481c      0x1e8 ./Drivers/STM32L4xx_HAL_Driver/Src/stm32l4xx_hal_rcc_ex.o
 .text.RCCEx_PLLSAI2_Config
                0x08004a04      0x1bc ./Drivers/STM32L4xx_HAL_Driver/Src/stm32l4xx_hal_rcc_ex.o
 .text.HAL_SPI_Init
                0x08004bc0      0x146 ./Drivers/STM32L4xx_HAL_Driver/Src/stm32l4xx_hal_spi.o
                0x08004bc0                HAL_SPI_Init
 .text.HAL_SPI_Transmit
                0x08004d06      0x2ec ./Drivers/STM32L4xx_HAL_Driver/Src/stm32l4xx_hal_spi.o
                0x08004d06                HAL_SPI_Transmit
 *fill*         0x08004ff2        0x2 
 .text.SPI_WaitFlagStateUntilTimeout
                0x08004ff4      0x110 ./Drivers/STM32L4xx_HAL_Driver/Src/stm32l4xx_hal_spi.o
 .text.SPI_WaitFifoStateUntilTimeout
                0x08005104      0x12c ./Drivers/STM32L4xx_HAL_Driver/Src/stm32l4xx_hal_spi.o
 .text.SPI_EndRxTxTransaction
                0x08005230       0x8c ./Drivers/STM32L4xx_HAL_Driver/Src/stm32l4xx_hal_spi.o
 .text.HAL_UART_Init
                0x080052bc       0x9c ./Drivers/STM32L4xx_HAL_Driver/Src/stm32l4xx_hal_uart.o
                0x080052bc                HAL_UART_Init
 .text.HAL_UART_Transmit
                0x08005358      0x126 ./Drivers/STM32L4xx_HAL_Driver/Src/stm32l4xx_hal_uart.o
                0x08005358                HAL_UART_Transmit
 *fill*         0x0800547e        0x2 
 .text.UART_SetConfig
                0x08005480      0x570 ./Drivers/STM32L4xx_HAL_Driver/Src/stm32l4xx_hal_uart.o
                0x08005480                UART_SetConfig
 .text.UART_AdvFeatureConfig
                0x080059f0      0x144 ./Drivers/STM32L4xx_HAL_Driver/Src/stm32l4xx_hal_uart.o
                0x080059f0                UART_AdvFeatureConfig
 .text.UART_CheckIdleState
                0x08005b34      0x150 ./Drivers/STM32L4xx_HAL_Driver/Src/stm32l4xx_hal_uart.o
                0x08005b34                UART_CheckIdleState
 .text.UART_WaitOnFlagUntilTimeout
                0x08005c84       0xda ./Drivers/STM32L4xx_HAL_Driver/Src/stm32l4xx_hal_uart.o
                0x08005c84                UART_WaitOnFlagUntilTimeout
 .text.UART_EndRxTransfer
                0x08005d5e       0xc8 ./Drivers/STM32L4xx_HAL_Driver/Src/stm32l4xx_hal_uart.o
 *fill*         0x08005e26        0x2 
 .text.std      0x08005e28       0x6c H:/MikroKontroler/STM32CubeIDE_1.19.0/STM32CubeIDE/plugins/com.st.stm32cube.ide.mcu.externaltools.gnu-tools-for-stm32.13.3.rel1.win32_1.0.0.202411081344/tools/bin/../lib/gcc/arm-none-eabi/13.3.1/../../../../arm-none-eabi/lib/thumb/v7e-m+fp/hard\libc_nano.a(libc_a-findfp.o)
 .text.stdio_exit_handler
                0x08005e94       0x18 H:/MikroKontroler/STM32CubeIDE_1.19.0/STM32CubeIDE/plugins/com.st.stm32cube.ide.mcu.externaltools.gnu-tools-for-stm32.13.3.rel1.win32_1.0.0.202411081344/tools/bin/../lib/gcc/arm-none-eabi/13.3.1/../../../../arm-none-eabi/lib/thumb/v7e-m+fp/hard\libc_nano.a(libc_a-findfp.o)
 .text.cleanup_stdio
                0x08005eac       0x40 H:/MikroKontroler/STM32CubeIDE_1.19.0/STM32CubeIDE/plugins/com.st.stm32cube.ide.mcu.externaltools.gnu-tools-for-stm32.13.3.rel1.win32_1.0.0.202411081344/tools/bin/../lib/gcc/arm-none-eabi/13.3.1/../../../../arm-none-eabi/lib/thumb/v7e-m+fp/hard\libc_nano.a(libc_a-findfp.o)
 .text.global_stdio_init.part.0
                0x08005eec       0x3c H:/MikroKontroler/STM32CubeIDE_1.19.0/STM32CubeIDE/plugins/com.st.stm32cube.ide.mcu.externaltools.gnu-tools-for-stm32.13.3.rel1.win32_1.0.0.202411081344/tools/bin/../lib/gcc/arm-none-eabi/13.3.1/../../../../arm-none-eabi/lib/thumb/v7e-m+fp/hard\libc_nano.a(libc_a-findfp.o)
 .text.__sfp_lock_acquire
                0x08005f28        0xc H:/MikroKontroler/STM32CubeIDE_1.19.0/STM32CubeIDE/plugins/com.st.stm32cube.ide.mcu.externaltools.gnu-tools-for-stm32.13.3.rel1.win32_1.0.0.202411081344/tools/bin/../lib/gcc/arm-none-eabi/13.3.1/../../../../arm-none-eabi/lib/thumb/v7e-m+fp/hard\libc_nano.a(libc_a-findfp.o)
                0x08005f28                __sfp_lock_acquire
 .text.__sfp_lock_release
                0x08005f34        0xc H:/MikroKontroler/STM32CubeIDE_1.19.0/STM32CubeIDE/plugins/com.st.stm32cube.ide.mcu.externaltools.gnu-tools-for-stm32.13.3.rel1.win32_1.0.0.202411081344/tools/bin/../lib/gcc/arm-none-eabi/13.3.1/../../../../arm-none-eabi/lib/thumb/v7e-m+fp/hard\libc_nano.a(libc_a-findfp.o)
                0x08005f34                __sfp_lock_release
 .text.__sinit  0x08005f40       0x30 H:/MikroKontroler/STM32CubeIDE_1.19.0/STM32CubeIDE/plugins/com.st.stm32cube.ide.mcu.externaltools.gnu-tools-for-stm32.13.3.rel1.win32_1.0.0.202411081344/tools/bin/../lib/gcc/arm-none-eabi/13.3.1/../../../../arm-none-eabi/lib/thumb/v7e-m+fp/hard\libc_nano.a(libc_a-findfp.o)
                0x08005f40                __sinit
 .text._fwalk_sglue
                0x08005f70       0x3c H:/MikroKontroler/STM32CubeIDE_1.19.0/STM32CubeIDE/plugins/com.st.stm32cube.ide.mcu.externaltools.gnu-tools-for-stm32.13.3.rel1.win32_1.0.0.202411081344/tools/bin/../lib/gcc/arm-none-eabi/13.3.1/../../../../arm-none-eabi/lib/thumb/v7e-m+fp/hard\libc_nano.a(libc_a-fwalk.o)
                0x08005f70                _fwalk_sglue
 .text.printf   0x08005fac       0x24 H:/MikroKontroler/STM32CubeIDE_1.19.0/STM32CubeIDE/plugins/com.st.stm32cube.ide.mcu.externaltools.gnu-tools-for-stm32.13.3.rel1.win32_1.0.0.202411081344/tools/bin/../lib/gcc/arm-none-eabi/13.3.1/../../../../arm-none-eabi/lib/thumb/v7e-m+fp/hard\libc_nano.a(libc_a-printf.o)
                0x08005fac                iprintf
                0x08005fac                printf
 .text._puts_r  0x08005fd0       0xaa H:/MikroKontroler/STM32CubeIDE_1.19.0/STM32CubeIDE/plugins/com.st.stm32cube.ide.mcu.externaltools.gnu-tools-for-stm32.13.3.rel1.win32_1.0.0.202411081344/tools/bin/../lib/gcc/arm-none-eabi/13.3.1/../../../../arm-none-eabi/lib/thumb/v7e-m+fp/hard\libc_nano.a(libc_a-puts.o)
                0x08005fd0                _puts_r
 *fill*         0x0800607a        0x2 
 .text.puts     0x0800607c       0x10 H:/MikroKontroler/STM32CubeIDE_1.19.0/STM32CubeIDE/plugins/com.st.stm32cube.ide.mcu.externaltools.gnu-tools-for-stm32.13.3.rel1.win32_1.0.0.202411081344/tools/bin/../lib/gcc/arm-none-eabi/13.3.1/../../../../arm-none-eabi/lib/thumb/v7e-m+fp/hard\libc_nano.a(libc_a-puts.o)
                0x0800607c                puts
 .text.__sread  0x0800608c       0x22 H:/MikroKontroler/STM32CubeIDE_1.19.0/STM32CubeIDE/plugins/com.st.stm32cube.ide.mcu.externaltools.gnu-tools-for-stm32.13.3.rel1.win32_1.0.0.202411081344/tools/bin/../lib/gcc/arm-none-eabi/13.3.1/../../../../arm-none-eabi/lib/thumb/v7e-m+fp/hard\libc_nano.a(libc_a-stdio.o)
                0x0800608c                __sread
 .text.__swrite
                0x080060ae       0x38 H:/MikroKontroler/STM32CubeIDE_1.19.0/STM32CubeIDE/plugins/com.st.stm32cube.ide.mcu.externaltools.gnu-tools-for-stm32.13.3.rel1.win32_1.0.0.202411081344/tools/bin/../lib/gcc/arm-none-eabi/13.3.1/../../../../arm-none-eabi/lib/thumb/v7e-m+fp/hard\libc_nano.a(libc_a-stdio.o)
                0x080060ae                __swrite
 .text.__sseek  0x080060e6       0x24 H:/MikroKontroler/STM32CubeIDE_1.19.0/STM32CubeIDE/plugins/com.st.stm32cube.ide.mcu.externaltools.gnu-tools-for-stm32.13.3.rel1.win32_1.0.0.202411081344/tools/bin/../lib/gcc/arm-none-eabi/13.3.1/../../../../arm-none-eabi/lib/thumb/v7e-m+fp/hard\libc_nano.a(libc_a-stdio.o)
                0x080060e6                __sseek
 .text.__sclose
                0x0800610a        0x8 H:/MikroKontroler/STM32CubeIDE_1.19.0/STM32CubeIDE/plugins/com.st.stm32cube.ide.mcu.externaltools.gnu-tools-for-stm32.13.3.rel1.win32_1.0.0.202411081344/tools/bin/../lib/gcc/arm-none-eabi/13.3.1/../../../../arm-none-eabi/lib/thumb/v7e-m+fp/hard\libc_nano.a(libc_a-stdio.o)
                0x0800610a                __sclose
 .text.__swbuf_r
                0x08006112       0x7c H:/MikroKontroler/STM32CubeIDE_1.19.0/STM32CubeIDE/plugins/com.st.stm32cube.ide.mcu.externaltools.gnu-tools-for-stm32.13.3.rel1.win32_1.0.0.202411081344/tools/bin/../lib/gcc/arm-none-eabi/13.3.1/../../../../arm-none-eabi/lib/thumb/v7e-m+fp/hard\libc_nano.a(libc_a-wbuf.o)
                0x08006112                __swbuf_r
 *fill*         0x0800618e        0x2 
 .text.__swsetup_r
                0x08006190       0xac H:/MikroKontroler/STM32CubeIDE_1.19.0/STM32CubeIDE/plugins/com.st.stm32cube.ide.mcu.externaltools.gnu-tools-for-stm32.13.3.rel1.win32_1.0.0.202411081344/tools/bin/../lib/gcc/arm-none-eabi/13.3.1/../../../../arm-none-eabi/lib/thumb/v7e-m+fp/hard\libc_nano.a(libc_a-wsetup.o)
                0x08006190                __swsetup_r
 .text.memset   0x0800623c       0x10 H:/MikroKontroler/STM32CubeIDE_1.19.0/STM32CubeIDE/plugins/com.st.stm32cube.ide.mcu.externaltools.gnu-tools-for-stm32.13.3.rel1.win32_1.0.0.202411081344/tools/bin/../lib/gcc/arm-none-eabi/13.3.1/../../../../arm-none-eabi/lib/thumb/v7e-m+fp/hard\libc_nano.a(libc_a-memset.o)
                0x0800623c                memset
 .text._close_r
                0x0800624c       0x20 H:/MikroKontroler/STM32CubeIDE_1.19.0/STM32CubeIDE/plugins/com.st.stm32cube.ide.mcu.externaltools.gnu-tools-for-stm32.13.3.rel1.win32_1.0.0.202411081344/tools/bin/../lib/gcc/arm-none-eabi/13.3.1/../../../../arm-none-eabi/lib/thumb/v7e-m+fp/hard\libc_nano.a(libc_a-closer.o)
                0x0800624c                _close_r
 .text._lseek_r
                0x0800626c       0x24 H:/MikroKontroler/STM32CubeIDE_1.19.0/STM32CubeIDE/plugins/com.st.stm32cube.ide.mcu.externaltools.gnu-tools-for-stm32.13.3.rel1.win32_1.0.0.202411081344/tools/bin/../lib/gcc/arm-none-eabi/13.3.1/../../../../arm-none-eabi/lib/thumb/v7e-m+fp/hard\libc_nano.a(libc_a-lseekr.o)
                0x0800626c                _lseek_r
 .text._read_r  0x08006290       0x24 H:/MikroKontroler/STM32CubeIDE_1.19.0/STM32CubeIDE/plugins/com.st.stm32cube.ide.mcu.externaltools.gnu-tools-for-stm32.13.3.rel1.win32_1.0.0.202411081344/tools/bin/../lib/gcc/arm-none-eabi/13.3.1/../../../../arm-none-eabi/lib/thumb/v7e-m+fp/hard\libc_nano.a(libc_a-readr.o)
                0x08006290                _read_r
 .text._write_r
                0x080062b4       0x24 H:/MikroKontroler/STM32CubeIDE_1.19.0/STM32CubeIDE/plugins/com.st.stm32cube.ide.mcu.externaltools.gnu-tools-for-stm32.13.3.rel1.win32_1.0.0.202411081344/tools/bin/../lib/gcc/arm-none-eabi/13.3.1/../../../../arm-none-eabi/lib/thumb/v7e-m+fp/hard\libc_nano.a(libc_a-writer.o)
                0x080062b4                _write_r
 .text.__errno  0x080062d8        0xc H:/MikroKontroler/STM32CubeIDE_1.19.0/STM32CubeIDE/plugins/com.st.stm32cube.ide.mcu.externaltools.gnu-tools-for-stm32.13.3.rel1.win32_1.0.0.202411081344/tools/bin/../lib/gcc/arm-none-eabi/13.3.1/../../../../arm-none-eabi/lib/thumb/v7e-m+fp/hard\libc_nano.a(libc_a-errno.o)
                0x080062d8                __errno
 .text.__libc_init_array
                0x080062e4       0x48 H:/MikroKontroler/STM32CubeIDE_1.19.0/STM32CubeIDE/plugins/com.st.stm32cube.ide.mcu.externaltools.gnu-tools-for-stm32.13.3.rel1.win32_1.0.0.202411081344/tools/bin/../lib/gcc/arm-none-eabi/13.3.1/../../../../arm-none-eabi/lib/thumb/v7e-m+fp/hard\libc_nano.a(libc_a-init.o)
                0x080062e4                __libc_init_array
 .text.__retarget_lock_init_recursive
                0x0800632c        0x2 H:/MikroKontroler/STM32CubeIDE_1.19.0/STM32CubeIDE/plugins/com.st.stm32cube.ide.mcu.externaltools.gnu-tools-for-stm32.13.3.rel1.win32_1.0.0.202411081344/tools/bin/../lib/gcc/arm-none-eabi/13.3.1/../../../../arm-none-eabi/lib/thumb/v7e-m+fp/hard\libc_nano.a(libc_a-lock.o)
                0x0800632c                __retarget_lock_init_recursive
 .text.__retarget_lock_acquire_recursive
                0x0800632e        0x2 H:/MikroKontroler/STM32CubeIDE_1.19.0/STM32CubeIDE/plugins/com.st.stm32cube.ide.mcu.externaltools.gnu-tools-for-stm32.13.3.rel1.win32_1.0.0.202411081344/tools/bin/../lib/gcc/arm-none-eabi/13.3.1/../../../../arm-none-eabi/lib/thumb/v7e-m+fp/hard\libc_nano.a(libc_a-lock.o)
                0x0800632e                __retarget_lock_acquire_recursive
 .text.__retarget_lock_release_recursive
                0x08006330        0x2 H:/MikroKontroler/STM32CubeIDE_1.19.0/STM32CubeIDE/plugins/com.st.stm32cube.ide.mcu.externaltools.gnu-tools-for-stm32.13.3.rel1.win32_1.0.0.202411081344/tools/bin/../lib/gcc/arm-none-eabi/13.3.1/../../../../arm-none-eabi/lib/thumb/v7e-m+fp/hard\libc_nano.a(libc_a-lock.o)
                0x08006330                __retarget_lock_release_recursive
 .text.memcpy   0x08006332       0x1c H:/MikroKontroler/STM32CubeIDE_1.19.0/STM32CubeIDE/plugins/com.st.stm32cube.ide.mcu.externaltools.gnu-tools-for-stm32.13.3.rel1.win32_1.0.0.202411081344/tools/bin/../lib/gcc/arm-none-eabi/13.3.1/../../../../arm-none-eabi/lib/thumb/v7e-m+fp/hard\libc_nano.a(libc_a-memcpy-stub.o)
                0x08006332                memcpy
 *fill*         0x0800634e        0x2 
 .text._free_r  0x08006350       0x94 H:/MikroKontroler/STM32CubeIDE_1.19.0/STM32CubeIDE/plugins/com.st.stm32cube.ide.mcu.externaltools.gnu-tools-for-stm32.13.3.rel1.win32_1.0.0.202411081344/tools/bin/../lib/gcc/arm-none-eabi/13.3.1/../../../../arm-none-eabi/lib/thumb/v7e-m+fp/hard\libc_nano.a(libc_a-freer.o)
                0x08006350                _free_r
 .text.sbrk_aligned
                0x080063e4       0x44 H:/MikroKontroler/STM32CubeIDE_1.19.0/STM32CubeIDE/plugins/com.st.stm32cube.ide.mcu.externaltools.gnu-tools-for-stm32.13.3.rel1.win32_1.0.0.202411081344/tools/bin/../lib/gcc/arm-none-eabi/13.3.1/../../../../arm-none-eabi/lib/thumb/v7e-m+fp/hard\libc_nano.a(libc_a-mallocr.o)
 .text._malloc_r
                0x08006428      0x100 H:/MikroKontroler/STM32CubeIDE_1.19.0/STM32CubeIDE/plugins/com.st.stm32cube.ide.mcu.externaltools.gnu-tools-for-stm32.13.3.rel1.win32_1.0.0.202411081344/tools/bin/../lib/gcc/arm-none-eabi/13.3.1/../../../../arm-none-eabi/lib/thumb/v7e-m+fp/hard\libc_nano.a(libc_a-mallocr.o)
                0x08006428                _malloc_r
 .text.__malloc_lock
                0x08006528        0xc H:/MikroKontroler/STM32CubeIDE_1.19.0/STM32CubeIDE/plugins/com.st.stm32cube.ide.mcu.externaltools.gnu-tools-for-stm32.13.3.rel1.win32_1.0.0.202411081344/tools/bin/../lib/gcc/arm-none-eabi/13.3.1/../../../../arm-none-eabi/lib/thumb/v7e-m+fp/hard\libc_nano.a(libc_a-mlock.o)
                0x08006528                __malloc_lock
 .text.__malloc_unlock
                0x08006534        0xc H:/MikroKontroler/STM32CubeIDE_1.19.0/STM32CubeIDE/plugins/com.st.stm32cube.ide.mcu.externaltools.gnu-tools-for-stm32.13.3.rel1.win32_1.0.0.202411081344/tools/bin/../lib/gcc/arm-none-eabi/13.3.1/../../../../arm-none-eabi/lib/thumb/v7e-m+fp/hard\libc_nano.a(libc_a-mlock.o)
                0x08006534                __malloc_unlock
 .text.__sfputc_r
                0x08006540       0x2e H:/MikroKontroler/STM32CubeIDE_1.19.0/STM32CubeIDE/plugins/com.st.stm32cube.ide.mcu.externaltools.gnu-tools-for-stm32.13.3.rel1.win32_1.0.0.202411081344/tools/bin/../lib/gcc/arm-none-eabi/13.3.1/../../../../arm-none-eabi/lib/thumb/v7e-m+fp/hard\libc_nano.a(libc_a-nano-vfprintf.o)
 .text.__sfputs_r
                0x0800656e       0x24 H:/MikroKontroler/STM32CubeIDE_1.19.0/STM32CubeIDE/plugins/com.st.stm32cube.ide.mcu.externaltools.gnu-tools-for-stm32.13.3.rel1.win32_1.0.0.202411081344/tools/bin/../lib/gcc/arm-none-eabi/13.3.1/../../../../arm-none-eabi/lib/thumb/v7e-m+fp/hard\libc_nano.a(libc_a-nano-vfprintf.o)
                0x0800656e                __sfputs_r
 *fill*         0x08006592        0x2 
 .text._vfprintf_r
                0x08006594      0x230 H:/MikroKontroler/STM32CubeIDE_1.19.0/STM32CubeIDE/plugins/com.st.stm32cube.ide.mcu.externaltools.gnu-tools-for-stm32.13.3.rel1.win32_1.0.0.202411081344/tools/bin/../lib/gcc/arm-none-eabi/13.3.1/../../../../arm-none-eabi/lib/thumb/v7e-m+fp/hard\libc_nano.a(libc_a-nano-vfprintf.o)
                0x08006594                _vfprintf_r
                0x08006594                _vfiprintf_r
 .text._printf_common
                0x080067c4       0xda H:/MikroKontroler/STM32CubeIDE_1.19.0/STM32CubeIDE/plugins/com.st.stm32cube.ide.mcu.externaltools.gnu-tools-for-stm32.13.3.rel1.win32_1.0.0.202411081344/tools/bin/../lib/gcc/arm-none-eabi/13.3.1/../../../../arm-none-eabi/lib/thumb/v7e-m+fp/hard\libc_nano.a(libc_a-nano-vfprintf_i.o)
                0x080067c4                _printf_common
 *fill*         0x0800689e        0x2 
 .text._printf_i
                0x080068a0      0x23c H:/MikroKontroler/STM32CubeIDE_1.19.0/STM32CubeIDE/plugins/com.st.stm32cube.ide.mcu.externaltools.gnu-tools-for-stm32.13.3.rel1.win32_1.0.0.202411081344/tools/bin/../lib/gcc/arm-none-eabi/13.3.1/../../../../arm-none-eabi/lib/thumb/v7e-m+fp/hard\libc_nano.a(libc_a-nano-vfprintf_i.o)
                0x080068a0                _printf_i
 .text.__sflush_r
                0x08006adc      0x108 H:/MikroKontroler/STM32CubeIDE_1.19.0/STM32CubeIDE/plugins/com.st.stm32cube.ide.mcu.externaltools.gnu-tools-for-stm32.13.3.rel1.win32_1.0.0.202411081344/tools/bin/../lib/gcc/arm-none-eabi/13.3.1/../../../../arm-none-eabi/lib/thumb/v7e-m+fp/hard\libc_nano.a(libc_a-fflush.o)
                0x08006adc                __sflush_r
 .text._fflush_r
                0x08006be4       0x50 H:/MikroKontroler/STM32CubeIDE_1.19.0/STM32CubeIDE/plugins/com.st.stm32cube.ide.mcu.externaltools.gnu-tools-for-stm32.13.3.rel1.win32_1.0.0.202411081344/tools/bin/../lib/gcc/arm-none-eabi/13.3.1/../../../../arm-none-eabi/lib/thumb/v7e-m+fp/hard\libc_nano.a(libc_a-fflush.o)
                0x08006be4                _fflush_r
 .text.__swhatbuf_r
                0x08006c34       0x4c H:/MikroKontroler/STM32CubeIDE_1.19.0/STM32CubeIDE/plugins/com.st.stm32cube.ide.mcu.externaltools.gnu-tools-for-stm32.13.3.rel1.win32_1.0.0.202411081344/tools/bin/../lib/gcc/arm-none-eabi/13.3.1/../../../../arm-none-eabi/lib/thumb/v7e-m+fp/hard\libc_nano.a(libc_a-makebuf.o)
                0x08006c34                __swhatbuf_r
 .text.__smakebuf_r
                0x08006c80       0x78 H:/MikroKontroler/STM32CubeIDE_1.19.0/STM32CubeIDE/plugins/com.st.stm32cube.ide.mcu.externaltools.gnu-tools-for-stm32.13.3.rel1.win32_1.0.0.202411081344/tools/bin/../lib/gcc/arm-none-eabi/13.3.1/../../../../arm-none-eabi/lib/thumb/v7e-m+fp/hard\libc_nano.a(libc_a-makebuf.o)
                0x08006c80                __smakebuf_r
 .text._fstat_r
                0x08006cf8       0x24 H:/MikroKontroler/STM32CubeIDE_1.19.0/STM32CubeIDE/plugins/com.st.stm32cube.ide.mcu.externaltools.gnu-tools-for-stm32.13.3.rel1.win32_1.0.0.202411081344/tools/bin/../lib/gcc/arm-none-eabi/13.3.1/../../../../arm-none-eabi/lib/thumb/v7e-m+fp/hard\libc_nano.a(libc_a-fstatr.o)
                0x08006cf8                _fstat_r
 .text._isatty_r
                0x08006d1c       0x20 H:/MikroKontroler/STM32CubeIDE_1.19.0/STM32CubeIDE/plugins/com.st.stm32cube.ide.mcu.externaltools.gnu-tools-for-stm32.13.3.rel1.win32_1.0.0.202411081344/tools/bin/../lib/gcc/arm-none-eabi/13.3.1/../../../../arm-none-eabi/lib/thumb/v7e-m+fp/hard\libc_nano.a(libc_a-isattyr.o)
                0x08006d1c                _isatty_r
 .text._sbrk_r  0x08006d3c       0x20 H:/MikroKontroler/STM32CubeIDE_1.19.0/STM32CubeIDE/plugins/com.st.stm32cube.ide.mcu.externaltools.gnu-tools-for-stm32.13.3.rel1.win32_1.0.0.202411081344/tools/bin/../lib/gcc/arm-none-eabi/13.3.1/../../../../arm-none-eabi/lib/thumb/v7e-m+fp/hard\libc_nano.a(libc_a-sbrkr.o)
                0x08006d3c                _sbrk_r
 *(.glue_7)
 .glue_7        0x08006d5c        0x0 linker stubs
 *(.glue_7t)
 .glue_7t       0x08006d5c        0x0 linker stubs
 *(.eh_frame)
 .eh_frame      0x08006d5c        0x0 H:/MikroKontroler/STM32CubeIDE_1.19.0/STM32CubeIDE/plugins/com.st.stm32cube.ide.mcu.externaltools.gnu-tools-for-stm32.13.3.rel1.win32_1.0.0.202411081344/tools/bin/../lib/gcc/arm-none-eabi/13.3.1/thumb/v7e-m+fp/hard/crtbegin.o
 *(.init)
 .init          0x08006d5c        0x4 H:/MikroKontroler/STM32CubeIDE_1.19.0/STM32CubeIDE/plugins/com.st.stm32cube.ide.mcu.externaltools.gnu-tools-for-stm32.13.3.rel1.win32_1.0.0.202411081344/tools/bin/../lib/gcc/arm-none-eabi/13.3.1/thumb/v7e-m+fp/hard/crti.o
                0x08006d5c                _init
 .init          0x08006d60        0x8 H:/MikroKontroler/STM32CubeIDE_1.19.0/STM32CubeIDE/plugins/com.st.stm32cube.ide.mcu.externaltools.gnu-tools-for-stm32.13.3.rel1.win32_1.0.0.202411081344/tools/bin/../lib/gcc/arm-none-eabi/13.3.1/thumb/v7e-m+fp/hard/crtn.o
 *(.fini)
 .fini          0x08006d68        0x4 H:/MikroKontroler/STM32CubeIDE_1.19.0/STM32CubeIDE/plugins/com.st.stm32cube.ide.mcu.externaltools.gnu-tools-for-stm32.13.3.rel1.win32_1.0.0.202411081344/tools/bin/../lib/gcc/arm-none-eabi/13.3.1/thumb/v7e-m+fp/hard/crti.o
                0x08006d68                _fini
 .fini          0x08006d6c        0x8 H:/MikroKontroler/STM32CubeIDE_1.19.0/STM32CubeIDE/plugins/com.st.stm32cube.ide.mcu.externaltools.gnu-tools-for-stm32.13.3.rel1.win32_1.0.0.202411081344/tools/bin/../lib/gcc/arm-none-eabi/13.3.1/thumb/v7e-m+fp/hard/crtn.o
                0x08006d74                        . = ALIGN (0x4)
                0x08006d74                        _etext = .

.vfp11_veneer   0x08006d74        0x0
 .vfp11_veneer  0x08006d74        0x0 linker stubs

.v4_bx          0x08006d74        0x0
 .v4_bx         0x08006d74        0x0 linker stubs

.iplt           0x08006d74        0x0
 .iplt          0x08006d74        0x0 H:/MikroKontroler/STM32CubeIDE_1.19.0/STM32CubeIDE/plugins/com.st.stm32cube.ide.mcu.externaltools.gnu-tools-for-stm32.13.3.rel1.win32_1.0.0.202411081344/tools/bin/../lib/gcc/arm-none-eabi/13.3.1/thumb/v7e-m+fp/hard/crtbegin.o

.rodata         0x08006d74      0xa18
                0x08006d74                        . = ALIGN (0x4)
 *(.rodata)
 .rodata        0x08006d74      0x224 ./Core/Src/main.o
 *(.rodata*)
 .rodata.Font7x10
                0x08006f98      0x76c ./Core/Src/ssd1306_fonts.o
 .rodata.Font_7x10
                0x08007704        0xc ./Core/Src/ssd1306_fonts.o
                0x08007704                Font_7x10
 .rodata.AHBPrescTable
                0x08007710       0x10 ./Core/Src/system_stm32l4xx.o
                0x08007710                AHBPrescTable
 .rodata.APBPrescTable
                0x08007720        0x8 ./Core/Src/system_stm32l4xx.o
                0x08007720                APBPrescTable
 .rodata.MSIRangeTable
                0x08007728       0x30 ./Core/Src/system_stm32l4xx.o
                0x08007728                MSIRangeTable
 .rodata._vfprintf_r.str1.1
                0x08007758       0x33 H:/MikroKontroler/STM32CubeIDE_1.19.0/STM32CubeIDE/plugins/com.st.stm32cube.ide.mcu.externaltools.gnu-tools-for-stm32.13.3.rel1.win32_1.0.0.202411081344/tools/bin/../lib/gcc/arm-none-eabi/13.3.1/../../../../arm-none-eabi/lib/thumb/v7e-m+fp/hard\libc_nano.a(libc_a-nano-vfprintf.o)
                                 0x11 (size before relaxing)
 .rodata._printf_i.str1.1
                0x0800778b       0x22 H:/MikroKontroler/STM32CubeIDE_1.19.0/STM32CubeIDE/plugins/com.st.stm32cube.ide.mcu.externaltools.gnu-tools-for-stm32.13.3.rel1.win32_1.0.0.202411081344/tools/bin/../lib/gcc/arm-none-eabi/13.3.1/../../../../arm-none-eabi/lib/thumb/v7e-m+fp/hard\libc_nano.a(libc_a-nano-vfprintf_i.o)
                0x080077b0                        . = ALIGN (0x4)
 *fill*         0x0800778b        0x1 

.ARM.extab      0x0800778c        0x0
                0x0800778c                        . = ALIGN (0x4)
 *(.ARM.extab* .gnu.linkonce.armextab.*)
                0x0800778c                        . = ALIGN (0x4)

.ARM            0x0800778c        0x8
                0x0800778c                        . = ALIGN (0x4)
                0x0800778c                        __exidx_start = .
 *(.ARM.exidx*)
 .ARM.exidx     0x0800778c        0x8 H:/MikroKontroler/STM32CubeIDE_1.19.0/STM32CubeIDE/plugins/com.st.stm32cube.ide.mcu.externaltools.gnu-tools-for-stm32.13.3.rel1.win32_1.0.0.202411081344/tools/bin/../lib/gcc/arm-none-eabi/13.3.1/../../../../arm-none-eabi/lib/thumb/v7e-m+fp/hard\libc_nano.a(libc_a-memchr.o)
 .ARM.exidx     0x08007794        0x0 H:/MikroKontroler/STM32CubeIDE_1.19.0/STM32CubeIDE/plugins/com.st.stm32cube.ide.mcu.externaltools.gnu-tools-for-stm32.13.3.rel1.win32_1.0.0.202411081344/tools/bin/../lib/gcc/arm-none-eabi/13.3.1/thumb/v7e-m+fp/hard\libgcc.a(_udivmoddi4.o)
                                  0x8 (size before relaxing)
                0x08007794                        __exidx_end = .
                0x08007794                        . = ALIGN (0x4)

.preinit_array  0x08007794        0x0
                0x08007794                        . = ALIGN (0x4)
                0x08007794                        PROVIDE (__preinit_array_start = .)
 *(.preinit_array*)
                0x08007794                        PROVIDE (__preinit_array_end = .)
                0x08007794                        . = ALIGN (0x4)

.init_array     0x08007794        0x4
                0x08007794                        . = ALIGN (0x4)
                0x08007794                        PROVIDE (__init_array_start = .)
 *(SORT_BY_NAME(.init_array.*))
 *(.init_array*)
 .init_array    0x08007794        0x4 H:/MikroKontroler/STM32CubeIDE_1.19.0/STM32CubeIDE/plugins/com.st.stm32cube.ide.mcu.externaltools.gnu-tools-for-stm32.13.3.rel1.win32_1.0.0.202411081344/tools/bin/../lib/gcc/arm-none-eabi/13.3.1/thumb/v7e-m+fp/hard/crtbegin.o
                0x08007798                        PROVIDE (__init_array_end = .)
                0x08007798                        . = ALIGN (0x4)

.fini_array     0x08007798        0x4
                0x08007798                        . = ALIGN (0x4)
                [!provide]                        PROVIDE (__fini_array_start = .)
 *(SORT_BY_NAME(.fini_array.*))
 *(.fini_array*)
 .fini_array    0x08007798        0x4 H:/MikroKontroler/STM32CubeIDE_1.19.0/STM32CubeIDE/plugins/com.st.stm32cube.ide.mcu.externaltools.gnu-tools-for-stm32.13.3.rel1.win32_1.0.0.202411081344/tools/bin/../lib/gcc/arm-none-eabi/13.3.1/thumb/v7e-m+fp/hard/crtbegin.o
                [!provide]                        PROVIDE (__fini_array_end = .)
                0x0800779c                        . = ALIGN (0x4)
                0x0800779c                        _sidata = LOADADDR (.data)

.rel.dyn        0x0800779c        0x0
 .rel.iplt      0x0800779c        0x0 H:/MikroKontroler/STM32CubeIDE_1.19.0/STM32CubeIDE/plugins/com.st.stm32cube.ide.mcu.externaltools.gnu-tools-for-stm32.13.3.rel1.win32_1.0.0.202411081344/tools/bin/../lib/gcc/arm-none-eabi/13.3.1/thumb/v7e-m+fp/hard/crtbegin.o

.data           0x20000000       0x68 load address 0x0800779c
                0x20000000                        . = ALIGN (0x4)
                0x20000000                        _sdata = .
 *(.data)
 *(.data*)
 .data.SystemCoreClock
                0x20000000        0x4 ./Core/Src/system_stm32l4xx.o
                0x20000000                SystemCoreClock
 .data.uwTickPrio
                0x20000004        0x4 ./Drivers/STM32L4xx_HAL_Driver/Src/stm32l4xx_hal.o
                0x20000004                uwTickPrio
 .data.uwTickFreq
                0x20000008        0x1 ./Drivers/STM32L4xx_HAL_Driver/Src/stm32l4xx_hal.o
                0x20000008                uwTickFreq
 *fill*         0x20000009        0x3 
 .data.__sglue  0x2000000c        0xc H:/MikroKontroler/STM32CubeIDE_1.19.0/STM32CubeIDE/plugins/com.st.stm32cube.ide.mcu.externaltools.gnu-tools-for-stm32.13.3.rel1.win32_1.0.0.202411081344/tools/bin/../lib/gcc/arm-none-eabi/13.3.1/../../../../arm-none-eabi/lib/thumb/v7e-m+fp/hard\libc_nano.a(libc_a-findfp.o)
                0x2000000c                __sglue
 .data._impure_ptr
                0x20000018        0x4 H:/MikroKontroler/STM32CubeIDE_1.19.0/STM32CubeIDE/plugins/com.st.stm32cube.ide.mcu.externaltools.gnu-tools-for-stm32.13.3.rel1.win32_1.0.0.202411081344/tools/bin/../lib/gcc/arm-none-eabi/13.3.1/../../../../arm-none-eabi/lib/thumb/v7e-m+fp/hard\libc_nano.a(libc_a-impure.o)
                0x20000018                _impure_ptr
 .data._impure_data
                0x2000001c       0x4c H:/MikroKontroler/STM32CubeIDE_1.19.0/STM32CubeIDE/plugins/com.st.stm32cube.ide.mcu.externaltools.gnu-tools-for-stm32.13.3.rel1.win32_1.0.0.202411081344/tools/bin/../lib/gcc/arm-none-eabi/13.3.1/../../../../arm-none-eabi/lib/thumb/v7e-m+fp/hard\libc_nano.a(libc_a-impure.o)
                0x2000001c                _impure_data
 *(.RamFunc)
 *(.RamFunc*)
                0x20000068                        . = ALIGN (0x4)
                0x20000068                        _edata = .

.igot.plt       0x20000068        0x0 load address 0x08007804
 .igot.plt      0x20000068        0x0 H:/MikroKontroler/STM32CubeIDE_1.19.0/STM32CubeIDE/plugins/com.st.stm32cube.ide.mcu.externaltools.gnu-tools-for-stm32.13.3.rel1.win32_1.0.0.202411081344/tools/bin/../lib/gcc/arm-none-eabi/13.3.1/thumb/v7e-m+fp/hard/crtbegin.o
                0x20000068                        . = ALIGN (0x4)

.bss            0x20000068      0x6c0 load address 0x08007804
                0x20000068                        _sbss = .
                0x20000068                        __bss_start__ = _sbss
 *(.bss)
 .bss           0x20000068       0x1c H:/MikroKontroler/STM32CubeIDE_1.19.0/STM32CubeIDE/plugins/com.st.stm32cube.ide.mcu.externaltools.gnu-tools-for-stm32.13.3.rel1.win32_1.0.0.202411081344/tools/bin/../lib/gcc/arm-none-eabi/13.3.1/thumb/v7e-m+fp/hard/crtbegin.o
 *(.bss*)
 .bss.Accel_X_RAW
                0x20000084        0x2 ./Core/Src/MPU6050.o
                0x20000084                Accel_X_RAW
 .bss.Accel_Y_RAW
                0x20000086        0x2 ./Core/Src/MPU6050.o
                0x20000086                Accel_Y_RAW
 .bss.Accel_Z_RAW
                0x20000088        0x2 ./Core/Src/MPU6050.o
                0x20000088                Accel_Z_RAW
 *fill*         0x2000008a        0x2 
 .bss.hi2c1     0x2000008c       0x54 ./Core/Src/main.o
                0x2000008c                hi2c1
 .bss.hspi2     0x200000e0       0x64 ./Core/Src/main.o
                0x200000e0                hspi2
 .bss.huart2    0x20000144       0x88 ./Core/Src/main.o
                0x20000144                huart2
 .bss.SSD1306_Buffer
                0x200001cc      0x400 ./Core/Src/ssd1306.o
 .bss.SSD1306   0x200005cc        0x6 ./Core/Src/ssd1306.o
 *fill*         0x200005d2        0x2 
 .bss.__sbrk_heap_end
                0x200005d4        0x4 ./Core/Src/sysmem.o
 .bss.uwTick    0x200005d8        0x4 ./Drivers/STM32L4xx_HAL_Driver/Src/stm32l4xx_hal.o
                0x200005d8                uwTick
 .bss.__sf      0x200005dc      0x138 H:/MikroKontroler/STM32CubeIDE_1.19.0/STM32CubeIDE/plugins/com.st.stm32cube.ide.mcu.externaltools.gnu-tools-for-stm32.13.3.rel1.win32_1.0.0.202411081344/tools/bin/../lib/gcc/arm-none-eabi/13.3.1/../../../../arm-none-eabi/lib/thumb/v7e-m+fp/hard\libc_nano.a(libc_a-findfp.o)
                0x200005dc                __sf
 .bss.__stdio_exit_handler
                0x20000714        0x4 H:/MikroKontroler/STM32CubeIDE_1.19.0/STM32CubeIDE/plugins/com.st.stm32cube.ide.mcu.externaltools.gnu-tools-for-stm32.13.3.rel1.win32_1.0.0.202411081344/tools/bin/../lib/gcc/arm-none-eabi/13.3.1/../../../../arm-none-eabi/lib/thumb/v7e-m+fp/hard\libc_nano.a(libc_a-findfp.o)
                0x20000714                __stdio_exit_handler
 .bss.errno     0x20000718        0x4 H:/MikroKontroler/STM32CubeIDE_1.19.0/STM32CubeIDE/plugins/com.st.stm32cube.ide.mcu.externaltools.gnu-tools-for-stm32.13.3.rel1.win32_1.0.0.202411081344/tools/bin/../lib/gcc/arm-none-eabi/13.3.1/../../../../arm-none-eabi/lib/thumb/v7e-m+fp/hard\libc_nano.a(libc_a-reent.o)
                0x20000718                errno
 .bss.__lock___malloc_recursive_mutex
                0x2000071c        0x1 H:/MikroKontroler/STM32CubeIDE_1.19.0/STM32CubeIDE/plugins/com.st.stm32cube.ide.mcu.externaltools.gnu-tools-for-stm32.13.3.rel1.win32_1.0.0.202411081344/tools/bin/../lib/gcc/arm-none-eabi/13.3.1/../../../../arm-none-eabi/lib/thumb/v7e-m+fp/hard\libc_nano.a(libc_a-lock.o)
                0x2000071c                __lock___malloc_recursive_mutex
 .bss.__lock___sfp_recursive_mutex
                0x2000071d        0x1 H:/MikroKontroler/STM32CubeIDE_1.19.0/STM32CubeIDE/plugins/com.st.stm32cube.ide.mcu.externaltools.gnu-tools-for-stm32.13.3.rel1.win32_1.0.0.202411081344/tools/bin/../lib/gcc/arm-none-eabi/13.3.1/../../../../arm-none-eabi/lib/thumb/v7e-m+fp/hard\libc_nano.a(libc_a-lock.o)
                0x2000071d                __lock___sfp_recursive_mutex
 *fill*         0x2000071e        0x2 
 .bss.__malloc_sbrk_start
                0x20000720        0x4 H:/MikroKontroler/STM32CubeIDE_1.19.0/STM32CubeIDE/plugins/com.st.stm32cube.ide.mcu.externaltools.gnu-tools-for-stm32.13.3.rel1.win32_1.0.0.202411081344/tools/bin/../lib/gcc/arm-none-eabi/13.3.1/../../../../arm-none-eabi/lib/thumb/v7e-m+fp/hard\libc_nano.a(libc_a-mallocr.o)
                0x20000720                __malloc_sbrk_start
 .bss.__malloc_free_list
                0x20000724        0x4 H:/MikroKontroler/STM32CubeIDE_1.19.0/STM32CubeIDE/plugins/com.st.stm32cube.ide.mcu.externaltools.gnu-tools-for-stm32.13.3.rel1.win32_1.0.0.202411081344/tools/bin/../lib/gcc/arm-none-eabi/13.3.1/../../../../arm-none-eabi/lib/thumb/v7e-m+fp/hard\libc_nano.a(libc_a-mallocr.o)
                0x20000724                __malloc_free_list
 *(COMMON)
                0x20000728                        . = ALIGN (0x4)
                0x20000728                        _ebss = .
                0x20000728                        __bss_end__ = _ebss

._user_heap_stack
                0x20000728      0x600 load address 0x08007804
                0x20000728                        . = ALIGN (0x8)
                [!provide]                        PROVIDE (end = .)
                0x20000728                        PROVIDE (_end = .)
                0x20000928                        . = (. + _Min_Heap_Size)
 *fill*         0x20000728      0x200 
                0x20000d28                        . = (. + _Min_Stack_Size)
 *fill*         0x20000928      0x400 
                0x20000d28                        . = ALIGN (0x8)

/DISCARD/
 libc.a(*)
 libm.a(*)
 libgcc.a(*)

.ARM.attributes
                0x00000000       0x30
 *(.ARM.attributes)
 .ARM.attributes
                0x00000000       0x22 H:/MikroKontroler/STM32CubeIDE_1.19.0/STM32CubeIDE/plugins/com.st.stm32cube.ide.mcu.externaltools.gnu-tools-for-stm32.13.3.rel1.win32_1.0.0.202411081344/tools/bin/../lib/gcc/arm-none-eabi/13.3.1/thumb/v7e-m+fp/hard/crti.o
 .ARM.attributes
                0x00000022       0x34 H:/MikroKontroler/STM32CubeIDE_1.19.0/STM32CubeIDE/plugins/com.st.stm32cube.ide.mcu.externaltools.gnu-tools-for-stm32.13.3.rel1.win32_1.0.0.202411081344/tools/bin/../lib/gcc/arm-none-eabi/13.3.1/thumb/v7e-m+fp/hard/crtbegin.o
 .ARM.attributes
                0x00000056       0x34 ./Core/Src/MPU6050.o
 .ARM.attributes
                0x0000008a       0x34 ./Core/Src/main.o
 .ARM.attributes
                0x000000be       0x34 ./Core/Src/ssd1306.o
 .ARM.attributes
                0x000000f2       0x34 ./Core/Src/ssd1306_fonts.o
 .ARM.attributes
                0x00000126       0x34 ./Core/Src/stm32l4xx_hal_msp.o
 .ARM.attributes
                0x0000015a       0x34 ./Core/Src/stm32l4xx_it.o
 .ARM.attributes
                0x0000018e       0x34 ./Core/Src/syscalls.o
 .ARM.attributes
                0x000001c2       0x34 ./Core/Src/sysmem.o
 .ARM.attributes
                0x000001f6       0x34 ./Core/Src/system_stm32l4xx.o
 .ARM.attributes
                0x0000022a       0x21 ./Core/Startup/startup_stm32l476rgtx.o
 .ARM.attributes
                0x0000024b       0x34 ./Drivers/STM32L4xx_HAL_Driver/Src/stm32l4xx_hal.o
 .ARM.attributes
                0x0000027f       0x34 ./Drivers/STM32L4xx_HAL_Driver/Src/stm32l4xx_hal_cortex.o
 .ARM.attributes
                0x000002b3       0x34 ./Drivers/STM32L4xx_HAL_Driver/Src/stm32l4xx_hal_gpio.o
 .ARM.attributes
                0x000002e7       0x34 ./Drivers/STM32L4xx_HAL_Driver/Src/stm32l4xx_hal_i2c.o
 .ARM.attributes
                0x0000031b       0x34 ./Drivers/STM32L4xx_HAL_Driver/Src/stm32l4xx_hal_i2c_ex.o
 .ARM.attributes
                0x0000034f       0x34 ./Drivers/STM32L4xx_HAL_Driver/Src/stm32l4xx_hal_pwr_ex.o
 .ARM.attributes
                0x00000383       0x34 ./Drivers/STM32L4xx_HAL_Driver/Src/stm32l4xx_hal_rcc.o
 .ARM.attributes
                0x000003b7       0x34 ./Drivers/STM32L4xx_HAL_Driver/Src/stm32l4xx_hal_rcc_ex.o
 .ARM.attributes
                0x000003eb       0x34 ./Drivers/STM32L4xx_HAL_Driver/Src/stm32l4xx_hal_spi.o
 .ARM.attributes
                0x0000041f       0x34 ./Drivers/STM32L4xx_HAL_Driver/Src/stm32l4xx_hal_uart.o
 .ARM.attributes
                0x00000453       0x34 H:/MikroKontroler/STM32CubeIDE_1.19.0/STM32CubeIDE/plugins/com.st.stm32cube.ide.mcu.externaltools.gnu-tools-for-stm32.13.3.rel1.win32_1.0.0.202411081344/tools/bin/../lib/gcc/arm-none-eabi/13.3.1/../../../../arm-none-eabi/lib/thumb/v7e-m+fp/hard\libc_nano.a(libc_a-findfp.o)
 .ARM.attributes
                0x00000487       0x34 H:/MikroKontroler/STM32CubeIDE_1.19.0/STM32CubeIDE/plugins/com.st.stm32cube.ide.mcu.externaltools.gnu-tools-for-stm32.13.3.rel1.win32_1.0.0.202411081344/tools/bin/../lib/gcc/arm-none-eabi/13.3.1/../../../../arm-none-eabi/lib/thumb/v7e-m+fp/hard\libc_nano.a(libc_a-fwalk.o)
 .ARM.attributes
                0x000004bb       0x34 H:/MikroKontroler/STM32CubeIDE_1.19.0/STM32CubeIDE/plugins/com.st.stm32cube.ide.mcu.externaltools.gnu-tools-for-stm32.13.3.rel1.win32_1.0.0.202411081344/tools/bin/../lib/gcc/arm-none-eabi/13.3.1/../../../../arm-none-eabi/lib/thumb/v7e-m+fp/hard\libc_nano.a(libc_a-printf.o)
 .ARM.attributes
                0x000004ef       0x34 H:/MikroKontroler/STM32CubeIDE_1.19.0/STM32CubeIDE/plugins/com.st.stm32cube.ide.mcu.externaltools.gnu-tools-for-stm32.13.3.rel1.win32_1.0.0.202411081344/tools/bin/../lib/gcc/arm-none-eabi/13.3.1/../../../../arm-none-eabi/lib/thumb/v7e-m+fp/hard\libc_nano.a(libc_a-puts.o)
 .ARM.attributes
                0x00000523       0x34 H:/MikroKontroler/STM32CubeIDE_1.19.0/STM32CubeIDE/plugins/com.st.stm32cube.ide.mcu.externaltools.gnu-tools-for-stm32.13.3.rel1.win32_1.0.0.202411081344/tools/bin/../lib/gcc/arm-none-eabi/13.3.1/../../../../arm-none-eabi/lib/thumb/v7e-m+fp/hard\libc_nano.a(libc_a-stdio.o)
 .ARM.attributes
                0x00000557       0x34 H:/MikroKontroler/STM32CubeIDE_1.19.0/STM32CubeIDE/plugins/com.st.stm32cube.ide.mcu.externaltools.gnu-tools-for-stm32.13.3.rel1.win32_1.0.0.202411081344/tools/bin/../lib/gcc/arm-none-eabi/13.3.1/../../../../arm-none-eabi/lib/thumb/v7e-m+fp/hard\libc_nano.a(libc_a-wbuf.o)
 .ARM.attributes
                0x0000058b       0x34 H:/MikroKontroler/STM32CubeIDE_1.19.0/STM32CubeIDE/plugins/com.st.stm32cube.ide.mcu.externaltools.gnu-tools-for-stm32.13.3.rel1.win32_1.0.0.202411081344/tools/bin/../lib/gcc/arm-none-eabi/13.3.1/../../../../arm-none-eabi/lib/thumb/v7e-m+fp/hard\libc_nano.a(libc_a-wsetup.o)
 .ARM.attributes
                0x000005bf       0x34 H:/MikroKontroler/STM32CubeIDE_1.19.0/STM32CubeIDE/plugins/com.st.stm32cube.ide.mcu.externaltools.gnu-tools-for-stm32.13.3.rel1.win32_1.0.0.202411081344/tools/bin/../lib/gcc/arm-none-eabi/13.3.1/../../../../arm-none-eabi/lib/thumb/v7e-m+fp/hard\libc_nano.a(libc_a-memset.o)
 .ARM.attributes
                0x000005f3       0x34 H:/MikroKontroler/STM32CubeIDE_1.19.0/STM32CubeIDE/plugins/com.st.stm32cube.ide.mcu.externaltools.gnu-tools-for-stm32.13.3.rel1.win32_1.0.0.202411081344/tools/bin/../lib/gcc/arm-none-eabi/13.3.1/../../../../arm-none-eabi/lib/thumb/v7e-m+fp/hard\libc_nano.a(libc_a-closer.o)
 .ARM.attributes
                0x00000627       0x34 H:/MikroKontroler/STM32CubeIDE_1.19.0/STM32CubeIDE/plugins/com.st.stm32cube.ide.mcu.externaltools.gnu-tools-for-stm32.13.3.rel1.win32_1.0.0.202411081344/tools/bin/../lib/gcc/arm-none-eabi/13.3.1/../../../../arm-none-eabi/lib/thumb/v7e-m+fp/hard\libc_nano.a(libc_a-reent.o)
 .ARM.attributes
                0x0000065b       0x34 H:/MikroKontroler/STM32CubeIDE_1.19.0/STM32CubeIDE/plugins/com.st.stm32cube.ide.mcu.externaltools.gnu-tools-for-stm32.13.3.rel1.win32_1.0.0.202411081344/tools/bin/../lib/gcc/arm-none-eabi/13.3.1/../../../../arm-none-eabi/lib/thumb/v7e-m+fp/hard\libc_nano.a(libc_a-impure.o)
 .ARM.attributes
                0x0000068f       0x34 H:/MikroKontroler/STM32CubeIDE_1.19.0/STM32CubeIDE/plugins/com.st.stm32cube.ide.mcu.externaltools.gnu-tools-for-stm32.13.3.rel1.win32_1.0.0.202411081344/tools/bin/../lib/gcc/arm-none-eabi/13.3.1/../../../../arm-none-eabi/lib/thumb/v7e-m+fp/hard\libc_nano.a(libc_a-lseekr.o)
 .ARM.attributes
                0x000006c3       0x34 H:/MikroKontroler/STM32CubeIDE_1.19.0/STM32CubeIDE/plugins/com.st.stm32cube.ide.mcu.externaltools.gnu-tools-for-stm32.13.3.rel1.win32_1.0.0.202411081344/tools/bin/../lib/gcc/arm-none-eabi/13.3.1/../../../../arm-none-eabi/lib/thumb/v7e-m+fp/hard\libc_nano.a(libc_a-readr.o)
 .ARM.attributes
                0x000006f7       0x34 H:/MikroKontroler/STM32CubeIDE_1.19.0/STM32CubeIDE/plugins/com.st.stm32cube.ide.mcu.externaltools.gnu-tools-for-stm32.13.3.rel1.win32_1.0.0.202411081344/tools/bin/../lib/gcc/arm-none-eabi/13.3.1/../../../../arm-none-eabi/lib/thumb/v7e-m+fp/hard\libc_nano.a(libc_a-writer.o)
 .ARM.attributes
                0x0000072b       0x34 H:/MikroKontroler/STM32CubeIDE_1.19.0/STM32CubeIDE/plugins/com.st.stm32cube.ide.mcu.externaltools.gnu-tools-for-stm32.13.3.rel1.win32_1.0.0.202411081344/tools/bin/../lib/gcc/arm-none-eabi/13.3.1/../../../../arm-none-eabi/lib/thumb/v7e-m+fp/hard\libc_nano.a(libc_a-errno.o)
 .ARM.attributes
                0x0000075f       0x34 H:/MikroKontroler/STM32CubeIDE_1.19.0/STM32CubeIDE/plugins/com.st.stm32cube.ide.mcu.externaltools.gnu-tools-for-stm32.13.3.rel1.win32_1.0.0.202411081344/tools/bin/../lib/gcc/arm-none-eabi/13.3.1/../../../../arm-none-eabi/lib/thumb/v7e-m+fp/hard\libc_nano.a(libc_a-init.o)
 .ARM.attributes
                0x00000793       0x34 H:/MikroKontroler/STM32CubeIDE_1.19.0/STM32CubeIDE/plugins/com.st.stm32cube.ide.mcu.externaltools.gnu-tools-for-stm32.13.3.rel1.win32_1.0.0.202411081344/tools/bin/../lib/gcc/arm-none-eabi/13.3.1/../../../../arm-none-eabi/lib/thumb/v7e-m+fp/hard\libc_nano.a(libc_a-lock.o)
 .ARM.attributes
                0x000007c7       0x34 H:/MikroKontroler/STM32CubeIDE_1.19.0/STM32CubeIDE/plugins/com.st.stm32cube.ide.mcu.externaltools.gnu-tools-for-stm32.13.3.rel1.win32_1.0.0.202411081344/tools/bin/../lib/gcc/arm-none-eabi/13.3.1/../../../../arm-none-eabi/lib/thumb/v7e-m+fp/hard\libc_nano.a(libc_a-memcpy-stub.o)
 .ARM.attributes
                0x000007fb       0x34 H:/MikroKontroler/STM32CubeIDE_1.19.0/STM32CubeIDE/plugins/com.st.stm32cube.ide.mcu.externaltools.gnu-tools-for-stm32.13.3.rel1.win32_1.0.0.202411081344/tools/bin/../lib/gcc/arm-none-eabi/13.3.1/../../../../arm-none-eabi/lib/thumb/v7e-m+fp/hard\libc_nano.a(libc_a-freer.o)
 .ARM.attributes
                0x0000082f       0x34 H:/MikroKontroler/STM32CubeIDE_1.19.0/STM32CubeIDE/plugins/com.st.stm32cube.ide.mcu.externaltools.gnu-tools-for-stm32.13.3.rel1.win32_1.0.0.202411081344/tools/bin/../lib/gcc/arm-none-eabi/13.3.1/../../../../arm-none-eabi/lib/thumb/v7e-m+fp/hard\libc_nano.a(libc_a-mallocr.o)
 .ARM.attributes
                0x00000863       0x34 H:/MikroKontroler/STM32CubeIDE_1.19.0/STM32CubeIDE/plugins/com.st.stm32cube.ide.mcu.externaltools.gnu-tools-for-stm32.13.3.rel1.win32_1.0.0.202411081344/tools/bin/../lib/gcc/arm-none-eabi/13.3.1/../../../../arm-none-eabi/lib/thumb/v7e-m+fp/hard\libc_nano.a(libc_a-mlock.o)
 .ARM.attributes
                0x00000897       0x34 H:/MikroKontroler/STM32CubeIDE_1.19.0/STM32CubeIDE/plugins/com.st.stm32cube.ide.mcu.externaltools.gnu-tools-for-stm32.13.3.rel1.win32_1.0.0.202411081344/tools/bin/../lib/gcc/arm-none-eabi/13.3.1/../../../../arm-none-eabi/lib/thumb/v7e-m+fp/hard\libc_nano.a(libc_a-nano-vfprintf.o)
 .ARM.attributes
                0x000008cb       0x34 H:/MikroKontroler/STM32CubeIDE_1.19.0/STM32CubeIDE/plugins/com.st.stm32cube.ide.mcu.externaltools.gnu-tools-for-stm32.13.3.rel1.win32_1.0.0.202411081344/tools/bin/../lib/gcc/arm-none-eabi/13.3.1/../../../../arm-none-eabi/lib/thumb/v7e-m+fp/hard\libc_nano.a(libc_a-nano-vfprintf_i.o)
 .ARM.attributes
                0x000008ff       0x34 H:/MikroKontroler/STM32CubeIDE_1.19.0/STM32CubeIDE/plugins/com.st.stm32cube.ide.mcu.externaltools.gnu-tools-for-stm32.13.3.rel1.win32_1.0.0.202411081344/tools/bin/../lib/gcc/arm-none-eabi/13.3.1/../../../../arm-none-eabi/lib/thumb/v7e-m+fp/hard\libc_nano.a(libc_a-fflush.o)
 .ARM.attributes
                0x00000933       0x34 H:/MikroKontroler/STM32CubeIDE_1.19.0/STM32CubeIDE/plugins/com.st.stm32cube.ide.mcu.externaltools.gnu-tools-for-stm32.13.3.rel1.win32_1.0.0.202411081344/tools/bin/../lib/gcc/arm-none-eabi/13.3.1/../../../../arm-none-eabi/lib/thumb/v7e-m+fp/hard\libc_nano.a(libc_a-makebuf.o)
 .ARM.attributes
                0x00000967       0x34 H:/MikroKontroler/STM32CubeIDE_1.19.0/STM32CubeIDE/plugins/com.st.stm32cube.ide.mcu.externaltools.gnu-tools-for-stm32.13.3.rel1.win32_1.0.0.202411081344/tools/bin/../lib/gcc/arm-none-eabi/13.3.1/../../../../arm-none-eabi/lib/thumb/v7e-m+fp/hard\libc_nano.a(libc_a-fstatr.o)
 .ARM.attributes
                0x0000099b       0x34 H:/MikroKontroler/STM32CubeIDE_1.19.0/STM32CubeIDE/plugins/com.st.stm32cube.ide.mcu.externaltools.gnu-tools-for-stm32.13.3.rel1.win32_1.0.0.202411081344/tools/bin/../lib/gcc/arm-none-eabi/13.3.1/../../../../arm-none-eabi/lib/thumb/v7e-m+fp/hard\libc_nano.a(libc_a-isattyr.o)
 .ARM.attributes
                0x000009cf       0x34 H:/MikroKontroler/STM32CubeIDE_1.19.0/STM32CubeIDE/plugins/com.st.stm32cube.ide.mcu.externaltools.gnu-tools-for-stm32.13.3.rel1.win32_1.0.0.202411081344/tools/bin/../lib/gcc/arm-none-eabi/13.3.1/../../../../arm-none-eabi/lib/thumb/v7e-m+fp/hard\libc_nano.a(libc_a-sbrkr.o)
 .ARM.attributes
                0x00000a03       0x1c H:/MikroKontroler/STM32CubeIDE_1.19.0/STM32CubeIDE/plugins/com.st.stm32cube.ide.mcu.externaltools.gnu-tools-for-stm32.13.3.rel1.win32_1.0.0.202411081344/tools/bin/../lib/gcc/arm-none-eabi/13.3.1/../../../../arm-none-eabi/lib/thumb/v7e-m+fp/hard\libc_nano.a(libc_a-memchr.o)
 .ARM.attributes
                0x00000a1f       0x22 H:/MikroKontroler/STM32CubeIDE_1.19.0/STM32CubeIDE/plugins/com.st.stm32cube.ide.mcu.externaltools.gnu-tools-for-stm32.13.3.rel1.win32_1.0.0.202411081344/tools/bin/../lib/gcc/arm-none-eabi/13.3.1/thumb/v7e-m+fp/hard\libgcc.a(_arm_addsubdf3.o)
 .ARM.attributes
                0x00000a41       0x22 H:/MikroKontroler/STM32CubeIDE_1.19.0/STM32CubeIDE/plugins/com.st.stm32cube.ide.mcu.externaltools.gnu-tools-for-stm32.13.3.rel1.win32_1.0.0.202411081344/tools/bin/../lib/gcc/arm-none-eabi/13.3.1/thumb/v7e-m+fp/hard\libgcc.a(_arm_muldivdf3.o)
 .ARM.attributes
                0x00000a63       0x22 H:/MikroKontroler/STM32CubeIDE_1.19.0/STM32CubeIDE/plugins/com.st.stm32cube.ide.mcu.externaltools.gnu-tools-for-stm32.13.3.rel1.win32_1.0.0.202411081344/tools/bin/../lib/gcc/arm-none-eabi/13.3.1/thumb/v7e-m+fp/hard\libgcc.a(_arm_truncdfsf2.o)
 .ARM.attributes
                0x00000a85       0x22 H:/MikroKontroler/STM32CubeIDE_1.19.0/STM32CubeIDE/plugins/com.st.stm32cube.ide.mcu.externaltools.gnu-tools-for-stm32.13.3.rel1.win32_1.0.0.202411081344/tools/bin/../lib/gcc/arm-none-eabi/13.3.1/thumb/v7e-m+fp/hard\libgcc.a(_aeabi_uldivmod.o)
 .ARM.attributes
                0x00000aa7       0x34 H:/MikroKontroler/STM32CubeIDE_1.19.0/STM32CubeIDE/plugins/com.st.stm32cube.ide.mcu.externaltools.gnu-tools-for-stm32.13.3.rel1.win32_1.0.0.202411081344/tools/bin/../lib/gcc/arm-none-eabi/13.3.1/thumb/v7e-m+fp/hard\libgcc.a(_udivmoddi4.o)
 .ARM.attributes
                0x00000adb       0x22 H:/MikroKontroler/STM32CubeIDE_1.19.0/STM32CubeIDE/plugins/com.st.stm32cube.ide.mcu.externaltools.gnu-tools-for-stm32.13.3.rel1.win32_1.0.0.202411081344/tools/bin/../lib/gcc/arm-none-eabi/13.3.1/thumb/v7e-m+fp/hard\libgcc.a(_dvmd_tls.o)
 .ARM.attributes
                0x00000afd       0x22 H:/MikroKontroler/STM32CubeIDE_1.19.0/STM32CubeIDE/plugins/com.st.stm32cube.ide.mcu.externaltools.gnu-tools-for-stm32.13.3.rel1.win32_1.0.0.202411081344/tools/bin/../lib/gcc/arm-none-eabi/13.3.1/thumb/v7e-m+fp/hard/crtn.o
OUTPUT(Gyroscope labyirnth.elf elf32-littlearm)
LOAD linker stubs
LOAD H:/MikroKontroler/STM32CubeIDE_1.19.0/STM32CubeIDE/plugins/com.st.stm32cube.ide.mcu.externaltools.gnu-tools-for-stm32.13.3.rel1.win32_1.0.0.202411081344/tools/bin/../lib/gcc/arm-none-eabi/13.3.1/../../../../arm-none-eabi/lib/thumb/v7e-m+fp/hard\libc.a
LOAD H:/MikroKontroler/STM32CubeIDE_1.19.0/STM32CubeIDE/plugins/com.st.stm32cube.ide.mcu.externaltools.gnu-tools-for-stm32.13.3.rel1.win32_1.0.0.202411081344/tools/bin/../lib/gcc/arm-none-eabi/13.3.1/../../../../arm-none-eabi/lib/thumb/v7e-m+fp/hard\libm.a
LOAD H:/MikroKontroler/STM32CubeIDE_1.19.0/STM32CubeIDE/plugins/com.st.stm32cube.ide.mcu.externaltools.gnu-tools-for-stm32.13.3.rel1.win32_1.0.0.202411081344/tools/bin/../lib/gcc/arm-none-eabi/13.3.1/thumb/v7e-m+fp/hard\libgcc.a

.debug_info     0x00000000    0x11b45
 .debug_info    0x00000000      0x7db ./Core/Src/MPU6050.o
 .debug_info    0x000007db     0x18ae ./Core/Src/main.o
 .debug_info    0x00002089     0x132f ./Core/Src/ssd1306.o
 .debug_info    0x000033b8      0x2d1 ./Core/Src/ssd1306_fonts.o
 .debug_info    0x00003689     0x13ad ./Core/Src/stm32l4xx_hal_msp.o
 .debug_info    0x00004a36      0x157 ./Core/Src/stm32l4xx_it.o
 .debug_info    0x00004b8d      0x6a3 ./Core/Src/syscalls.o
 .debug_info    0x00005230      0x168 ./Core/Src/sysmem.o
 .debug_info    0x00005398      0x5e2 ./Core/Src/system_stm32l4xx.o
 .debug_info    0x0000597a       0x30 ./Core/Startup/startup_stm32l476rgtx.o
 .debug_info    0x000059aa      0xc4d ./Drivers/STM32L4xx_HAL_Driver/Src/stm32l4xx_hal.o
 .debug_info    0x000065f7      0xdad ./Drivers/STM32L4xx_HAL_Driver/Src/stm32l4xx_hal_cortex.o
 .debug_info    0x000073a4      0x79f ./Drivers/STM32L4xx_HAL_Driver/Src/stm32l4xx_hal_gpio.o
 .debug_info    0x00007b43     0x20fc ./Drivers/STM32L4xx_HAL_Driver/Src/stm32l4xx_hal_i2c.o
 .debug_info    0x00009c3f      0x99f ./Drivers/STM32L4xx_HAL_Driver/Src/stm32l4xx_hal_i2c_ex.o
 .debug_info    0x0000a5de      0x9ca ./Drivers/STM32L4xx_HAL_Driver/Src/stm32l4xx_hal_pwr_ex.o
 .debug_info    0x0000afa8      0xc45 ./Drivers/STM32L4xx_HAL_Driver/Src/stm32l4xx_hal_rcc.o
 .debug_info    0x0000bbed      0xe58 ./Drivers/STM32L4xx_HAL_Driver/Src/stm32l4xx_hal_rcc_ex.o
 .debug_info    0x0000ca45     0x1572 ./Drivers/STM32L4xx_HAL_Driver/Src/stm32l4xx_hal_spi.o
 .debug_info    0x0000dfb7     0x3b8e ./Drivers/STM32L4xx_HAL_Driver/Src/stm32l4xx_hal_uart.o

.debug_abbrev   0x00000000     0x282a
 .debug_abbrev  0x00000000      0x1bc ./Core/Src/MPU6050.o
 .debug_abbrev  0x000001bc      0x376 ./Core/Src/main.o
 .debug_abbrev  0x00000532      0x347 ./Core/Src/ssd1306.o
 .debug_abbrev  0x00000879       0xcd ./Core/Src/ssd1306_fonts.o
 .debug_abbrev  0x00000946      0x21c ./Core/Src/stm32l4xx_hal_msp.o
 .debug_abbrev  0x00000b62       0xac ./Core/Src/stm32l4xx_it.o
 .debug_abbrev  0x00000c0e      0x1b6 ./Core/Src/syscalls.o
 .debug_abbrev  0x00000dc4       0xbc ./Core/Src/sysmem.o
 .debug_abbrev  0x00000e80      0x117 ./Core/Src/system_stm32l4xx.o
 .debug_abbrev  0x00000f97       0x24 ./Core/Startup/startup_stm32l476rgtx.o
 .debug_abbrev  0x00000fbb      0x243 ./Drivers/STM32L4xx_HAL_Driver/Src/stm32l4xx_hal.o
 .debug_abbrev  0x000011fe      0x31c ./Drivers/STM32L4xx_HAL_Driver/Src/stm32l4xx_hal_cortex.o
 .debug_abbrev  0x0000151a      0x1d1 ./Drivers/STM32L4xx_HAL_Driver/Src/stm32l4xx_hal_gpio.o
 .debug_abbrev  0x000016eb      0x285 ./Drivers/STM32L4xx_HAL_Driver/Src/stm32l4xx_hal_i2c.o
 .debug_abbrev  0x00001970      0x1cb ./Drivers/STM32L4xx_HAL_Driver/Src/stm32l4xx_hal_i2c_ex.o
 .debug_abbrev  0x00001b3b      0x1f9 ./Drivers/STM32L4xx_HAL_Driver/Src/stm32l4xx_hal_pwr_ex.o
 .debug_abbrev  0x00001d34      0x2dc ./Drivers/STM32L4xx_HAL_Driver/Src/stm32l4xx_hal_rcc.o
 .debug_abbrev  0x00002010      0x2a5 ./Drivers/STM32L4xx_HAL_Driver/Src/stm32l4xx_hal_rcc_ex.o
 .debug_abbrev  0x000022b5      0x282 ./Drivers/STM32L4xx_HAL_Driver/Src/stm32l4xx_hal_spi.o
 .debug_abbrev  0x00002537      0x2f3 ./Drivers/STM32L4xx_HAL_Driver/Src/stm32l4xx_hal_uart.o

.debug_aranges  0x00000000      0xff0
 .debug_aranges
                0x00000000       0x30 ./Core/Src/MPU6050.o
 .debug_aranges
                0x00000030       0xb0 ./Core/Src/main.o
 .debug_aranges
                0x000000e0       0xe8 ./Core/Src/ssd1306.o
 .debug_aranges
                0x000001c8       0x18 ./Core/Src/ssd1306_fonts.o
 .debug_aranges
                0x000001e0       0x50 ./Core/Src/stm32l4xx_hal_msp.o
 .debug_aranges
                0x00000230       0x60 ./Core/Src/stm32l4xx_it.o
 .debug_aranges
                0x00000290       0xa8 ./Core/Src/syscalls.o
 .debug_aranges
                0x00000338       0x20 ./Core/Src/sysmem.o
 .debug_aranges
                0x00000358       0x28 ./Core/Src/system_stm32l4xx.o
 .debug_aranges
                0x00000380       0x28 ./Core/Startup/startup_stm32l476rgtx.o
 .debug_aranges
                0x000003a8      0x130 ./Drivers/STM32L4xx_HAL_Driver/Src/stm32l4xx_hal.o
 .debug_aranges
                0x000004d8      0x128 ./Drivers/STM32L4xx_HAL_Driver/Src/stm32l4xx_hal_cortex.o
 .debug_aranges
                0x00000600       0x58 ./Drivers/STM32L4xx_HAL_Driver/Src/stm32l4xx_hal_gpio.o
 .debug_aranges
                0x00000658      0x2a0 ./Drivers/STM32L4xx_HAL_Driver/Src/stm32l4xx_hal_i2c.o
 .debug_aranges
                0x000008f8       0x48 ./Drivers/STM32L4xx_HAL_Driver/Src/stm32l4xx_hal_i2c_ex.o
 .debug_aranges
                0x00000940      0x160 ./Drivers/STM32L4xx_HAL_Driver/Src/stm32l4xx_hal_pwr_ex.o
 .debug_aranges
                0x00000aa0       0x90 ./Drivers/STM32L4xx_HAL_Driver/Src/stm32l4xx_hal_rcc.o
 .debug_aranges
                0x00000b30       0xc0 ./Drivers/STM32L4xx_HAL_Driver/Src/stm32l4xx_hal_rcc_ex.o
 .debug_aranges
                0x00000bf0      0x1d8 ./Drivers/STM32L4xx_HAL_Driver/Src/stm32l4xx_hal_spi.o
 .debug_aranges
                0x00000dc8      0x228 ./Drivers/STM32L4xx_HAL_Driver/Src/stm32l4xx_hal_uart.o

.debug_rnglists
                0x00000000      0xc4a
 .debug_rnglists
                0x00000000       0x22 ./Core/Src/MPU6050.o
 .debug_rnglists
                0x00000022       0x86 ./Core/Src/main.o
 .debug_rnglists
                0x000000a8       0xb4 ./Core/Src/ssd1306.o
 .debug_rnglists
                0x0000015c       0x3a ./Core/Src/stm32l4xx_hal_msp.o
 .debug_rnglists
                0x00000196       0x43 ./Core/Src/stm32l4xx_it.o
 .debug_rnglists
                0x000001d9       0x79 ./Core/Src/syscalls.o
 .debug_rnglists
                0x00000252       0x13 ./Core/Src/sysmem.o
 .debug_rnglists
                0x00000265       0x1a ./Core/Src/system_stm32l4xx.o
 .debug_rnglists
                0x0000027f       0x19 ./Core/Startup/startup_stm32l476rgtx.o
 .debug_rnglists
                0x00000298       0xdf ./Drivers/STM32L4xx_HAL_Driver/Src/stm32l4xx_hal.o
 .debug_rnglists
                0x00000377       0xda ./Drivers/STM32L4xx_HAL_Driver/Src/stm32l4xx_hal_cortex.o
 .debug_rnglists
                0x00000451       0x3f ./Drivers/STM32L4xx_HAL_Driver/Src/stm32l4xx_hal_gpio.o
 .debug_rnglists
                0x00000490      0x228 ./Drivers/STM32L4xx_HAL_Driver/Src/stm32l4xx_hal_i2c.o
 .debug_rnglists
                0x000006b8       0x35 ./Drivers/STM32L4xx_HAL_Driver/Src/stm32l4xx_hal_i2c_ex.o
 .debug_rnglists
                0x000006ed      0x109 ./Drivers/STM32L4xx_HAL_Driver/Src/stm32l4xx_hal_pwr_ex.o
 .debug_rnglists
                0x000007f6       0x6d ./Drivers/STM32L4xx_HAL_Driver/Src/stm32l4xx_hal_rcc.o
 .debug_rnglists
                0x00000863       0x95 ./Drivers/STM32L4xx_HAL_Driver/Src/stm32l4xx_hal_rcc_ex.o
 .debug_rnglists
                0x000008f8      0x178 ./Drivers/STM32L4xx_HAL_Driver/Src/stm32l4xx_hal_spi.o
 .debug_rnglists
                0x00000a70      0x1da ./Drivers/STM32L4xx_HAL_Driver/Src/stm32l4xx_hal_uart.o

.debug_macro    0x00000000    0x28253
 .debug_macro   0x00000000      0x223 ./Core/Src/MPU6050.o
 .debug_macro   0x00000223      0xad8 ./Core/Src/MPU6050.o
 .debug_macro   0x00000cfb      0x1ad ./Core/Src/MPU6050.o
 .debug_macro   0x00000ea8       0x2e ./Core/Src/MPU6050.o
 .debug_macro   0x00000ed6       0x28 ./Core/Src/MPU6050.o
 .debug_macro   0x00000efe       0x22 ./Core/Src/MPU6050.o
 .debug_macro   0x00000f20       0x8e ./Core/Src/MPU6050.o
 .debug_macro   0x00000fae       0x51 ./Core/Src/MPU6050.o
 .debug_macro   0x00000fff      0x103 ./Core/Src/MPU6050.o
 .debug_macro   0x00001102       0x6a ./Core/Src/MPU6050.o
 .debug_macro   0x0000116c      0x1df ./Core/Src/MPU6050.o
 .debug_macro   0x0000134b       0x1c ./Core/Src/MPU6050.o
 .debug_macro   0x00001367       0x22 ./Core/Src/MPU6050.o
 .debug_macro   0x00001389       0xfb ./Core/Src/MPU6050.o
 .debug_macro   0x00001484     0x1011 ./Core/Src/MPU6050.o
 .debug_macro   0x00002495      0x11f ./Core/Src/MPU6050.o
 .debug_macro   0x000025b4    0x1a192 ./Core/Src/MPU6050.o
 .debug_macro   0x0001c746       0x6d ./Core/Src/MPU6050.o
 .debug_macro   0x0001c7b3     0x38fb ./Core/Src/MPU6050.o
 .debug_macro   0x000200ae      0x190 ./Core/Src/MPU6050.o
 .debug_macro   0x0002023e       0x5c ./Core/Src/MPU6050.o
 .debug_macro   0x0002029a     0x159e ./Core/Src/MPU6050.o
 .debug_macro   0x00021838      0x5a5 ./Core/Src/MPU6050.o
 .debug_macro   0x00021ddd      0x1b9 ./Core/Src/MPU6050.o
 .debug_macro   0x00021f96      0x18b ./Core/Src/MPU6050.o
 .debug_macro   0x00022121      0x2c4 ./Core/Src/MPU6050.o
 .debug_macro   0x000223e5      0x27a ./Core/Src/MPU6050.o
 .debug_macro   0x0002265f      0x23d ./Core/Src/MPU6050.o
 .debug_macro   0x0002289c      0x241 ./Core/Src/MPU6050.o
 .debug_macro   0x00022add      0x37c ./Core/Src/MPU6050.o
 .debug_macro   0x00022e59       0xd6 ./Core/Src/MPU6050.o
 .debug_macro   0x00022f2f      0x22c ./Core/Src/MPU6050.o
 .debug_macro   0x0002315b       0x61 ./Core/Src/MPU6050.o
 .debug_macro   0x000231bc       0xa5 ./Core/Src/MPU6050.o
 .debug_macro   0x00023261      0x122 ./Core/Src/MPU6050.o
 .debug_macro   0x00023383      0x3ef ./Core/Src/MPU6050.o
 .debug_macro   0x00023772      0x2fe ./Core/Src/MPU6050.o
 .debug_macro   0x00023a70      0x5cf ./Core/Src/MPU6050.o
 .debug_macro   0x0002403f       0x44 ./Core/Src/MPU6050.o
 .debug_macro   0x00024083      0x330 ./Core/Src/MPU6050.o
 .debug_macro   0x000243b3      0x348 ./Core/Src/main.o
 .debug_macro   0x000246fb       0x58 ./Core/Src/main.o
 .debug_macro   0x00024753       0x61 ./Core/Src/main.o
 .debug_macro   0x000247b4       0x2a ./Core/Src/main.o
 .debug_macro   0x000247de       0x43 ./Core/Src/main.o
 .debug_macro   0x00024821       0x34 ./Core/Src/main.o
 .debug_macro   0x00024855       0x16 ./Core/Src/main.o
 .debug_macro   0x0002486b       0x3c ./Core/Src/main.o
 .debug_macro   0x000248a7      0x370 ./Core/Src/main.o
 .debug_macro   0x00024c17       0x10 ./Core/Src/main.o
 .debug_macro   0x00024c27       0x16 ./Core/Src/main.o
 .debug_macro   0x00024c3d       0x4a ./Core/Src/main.o
 .debug_macro   0x00024c87       0x34 ./Core/Src/main.o
 .debug_macro   0x00024cbb       0x10 ./Core/Src/main.o
 .debug_macro   0x00024ccb       0x58 ./Core/Src/main.o
 .debug_macro   0x00024d23       0x8e ./Core/Src/main.o
 .debug_macro   0x00024db1       0x1c ./Core/Src/main.o
 .debug_macro   0x00024dcd      0x185 ./Core/Src/main.o
 .debug_macro   0x00024f52       0x16 ./Core/Src/main.o
 .debug_macro   0x00024f68       0x16 ./Core/Src/main.o
 .debug_macro   0x00024f7e      0x146 ./Core/Src/main.o
 .debug_macro   0x000250c4       0x64 ./Core/Src/main.o
 .debug_macro   0x00025128       0x2e ./Core/Src/main.o
 .debug_macro   0x00025156       0x22 ./Core/Src/main.o
 .debug_macro   0x00025178      0x314 ./Core/Src/ssd1306.o
 .debug_macro   0x0002548c       0x28 ./Core/Src/ssd1306.o
 .debug_macro   0x000254b4      0x19b ./Core/Src/ssd1306.o
 .debug_macro   0x0002564f       0x16 ./Core/Src/ssd1306.o
 .debug_macro   0x00025665       0x16 ./Core/Src/ssd1306.o
 .debug_macro   0x0002567b       0x29 ./Core/Src/ssd1306.o
 .debug_macro   0x000256a4       0x16 ./Core/Src/ssd1306.o
 .debug_macro   0x000256ba       0x20 ./Core/Src/ssd1306.o
 .debug_macro   0x000256da      0x23f ./Core/Src/ssd1306_fonts.o
 .debug_macro   0x00025919      0x1f8 ./Core/Src/stm32l4xx_hal_msp.o
 .debug_macro   0x00025b11      0x202 ./Core/Src/stm32l4xx_it.o
 .debug_macro   0x00025d13      0x274 ./Core/Src/syscalls.o
 .debug_macro   0x00025f87       0x10 ./Core/Src/syscalls.o
 .debug_macro   0x00025f97       0x10 ./Core/Src/syscalls.o
 .debug_macro   0x00025fa7       0x10 ./Core/Src/syscalls.o
 .debug_macro   0x00025fb7       0x10 ./Core/Src/syscalls.o
 .debug_macro   0x00025fc7       0x1c ./Core/Src/syscalls.o
 .debug_macro   0x00025fe3       0x52 ./Core/Src/syscalls.o
 .debug_macro   0x00026035       0x22 ./Core/Src/syscalls.o
 .debug_macro   0x00026057       0x10 ./Core/Src/syscalls.o
 .debug_macro   0x00026067       0x52 ./Core/Src/syscalls.o
 .debug_macro   0x000260b9       0xcf ./Core/Src/syscalls.o
 .debug_macro   0x00026188       0x1c ./Core/Src/syscalls.o
 .debug_macro   0x000261a4       0x3d ./Core/Src/syscalls.o
 .debug_macro   0x000261e1       0x35 ./Core/Src/syscalls.o
 .debug_macro   0x00026216      0x12c ./Core/Src/syscalls.o
 .debug_macro   0x00026342       0x10 ./Core/Src/syscalls.o
 .debug_macro   0x00026352      0x242 ./Core/Src/syscalls.o
 .debug_macro   0x00026594       0x10 ./Core/Src/syscalls.o
 .debug_macro   0x000265a4      0x18a ./Core/Src/syscalls.o
 .debug_macro   0x0002672e       0x16 ./Core/Src/syscalls.o
 .debug_macro   0x00026744       0xce ./Core/Src/syscalls.o
 .debug_macro   0x00026812      0x112 ./Core/Src/sysmem.o
 .debug_macro   0x00026924      0x23c ./Core/Src/sysmem.o
 .debug_macro   0x00026b60      0x1e9 ./Core/Src/system_stm32l4xx.o
 .debug_macro   0x00026d49      0x237 ./Drivers/STM32L4xx_HAL_Driver/Src/stm32l4xx_hal.o
 .debug_macro   0x00026f80      0x1e9 ./Drivers/STM32L4xx_HAL_Driver/Src/stm32l4xx_hal_cortex.o
 .debug_macro   0x00027169      0x1f0 ./Drivers/STM32L4xx_HAL_Driver/Src/stm32l4xx_hal_gpio.o
 .debug_macro   0x00027359      0x2b5 ./Drivers/STM32L4xx_HAL_Driver/Src/stm32l4xx_hal_i2c.o
 .debug_macro   0x0002760e      0x1e9 ./Drivers/STM32L4xx_HAL_Driver/Src/stm32l4xx_hal_i2c_ex.o
 .debug_macro   0x000277f7      0x20d ./Drivers/STM32L4xx_HAL_Driver/Src/stm32l4xx_hal_pwr_ex.o
 .debug_macro   0x00027a04      0x22b ./Drivers/STM32L4xx_HAL_Driver/Src/stm32l4xx_hal_rcc.o
 .debug_macro   0x00027c2f      0x21f ./Drivers/STM32L4xx_HAL_Driver/Src/stm32l4xx_hal_rcc_ex.o
 .debug_macro   0x00027e4e      0x1f1 ./Drivers/STM32L4xx_HAL_Driver/Src/stm32l4xx_hal_spi.o
 .debug_macro   0x0002803f      0x214 ./Drivers/STM32L4xx_HAL_Driver/Src/stm32l4xx_hal_uart.o

.debug_line     0x00000000    0x1457c
 .debug_line    0x00000000      0x85c ./Core/Src/MPU6050.o
 .debug_line    0x0000085c      0xea6 ./Core/Src/main.o
 .debug_line    0x00001702     0x12f2 ./Core/Src/ssd1306.o
 .debug_line    0x000029f4      0x97e ./Core/Src/ssd1306_fonts.o
 .debug_line    0x00003372      0x8b6 ./Core/Src/stm32l4xx_hal_msp.o
 .debug_line    0x00003c28      0x83d ./Core/Src/stm32l4xx_it.o
 .debug_line    0x00004465      0xa5e ./Core/Src/syscalls.o
 .debug_line    0x00004ec3      0x681 ./Core/Src/sysmem.o
 .debug_line    0x00005544      0x82c ./Core/Src/system_stm32l4xx.o
 .debug_line    0x00005d70       0x7a ./Core/Startup/startup_stm32l476rgtx.o
 .debug_line    0x00005dea      0xb95 ./Drivers/STM32L4xx_HAL_Driver/Src/stm32l4xx_hal.o
 .debug_line    0x0000697f      0xd2f ./Drivers/STM32L4xx_HAL_Driver/Src/stm32l4xx_hal_cortex.o
 .debug_line    0x000076ae      0xbe8 ./Drivers/STM32L4xx_HAL_Driver/Src/stm32l4xx_hal_gpio.o
 .debug_line    0x00008296     0x37a1 ./Drivers/STM32L4xx_HAL_Driver/Src/stm32l4xx_hal_i2c.o
 .debug_line    0x0000ba37      0x8f4 ./Drivers/STM32L4xx_HAL_Driver/Src/stm32l4xx_hal_i2c_ex.o
 .debug_line    0x0000c32b      0xd76 ./Drivers/STM32L4xx_HAL_Driver/Src/stm32l4xx_hal_pwr_ex.o
 .debug_line    0x0000d0a1     0x10e9 ./Drivers/STM32L4xx_HAL_Driver/Src/stm32l4xx_hal_rcc.o
 .debug_line    0x0000e18a     0x15b7 ./Drivers/STM32L4xx_HAL_Driver/Src/stm32l4xx_hal_rcc_ex.o
 .debug_line    0x0000f741     0x2074 ./Drivers/STM32L4xx_HAL_Driver/Src/stm32l4xx_hal_spi.o
 .debug_line    0x000117b5     0x2dc7 ./Drivers/STM32L4xx_HAL_Driver/Src/stm32l4xx_hal_uart.o

.debug_str      0x00000000    0xf1486
 .debug_str     0x00000000    0xf1486 ./Core/Src/MPU6050.o
                              0xe67b6 (size before relaxing)
 .debug_str     0x000f1486    0xeacbb ./Core/Src/main.o
 .debug_str     0x000f1486    0xea7d1 ./Core/Src/ssd1306.o
 .debug_str     0x000f1486    0xe67c2 ./Core/Src/ssd1306_fonts.o
 .debug_str     0x000f1486    0xe702f ./Core/Src/stm32l4xx_hal_msp.o
 .debug_str     0x000f1486    0xe6351 ./Core/Src/stm32l4xx_it.o
 .debug_str     0x000f1486     0x99fb ./Core/Src/syscalls.o
 .debug_str     0x000f1486     0x7799 ./Core/Src/sysmem.o
 .debug_str     0x000f1486    0xe63a7 ./Core/Src/system_stm32l4xx.o
 .debug_str     0x000f1486       0x9b ./Core/Startup/startup_stm32l476rgtx.o
 .debug_str     0x000f1486    0xe6fbb ./Drivers/STM32L4xx_HAL_Driver/Src/stm32l4xx_hal.o
 .debug_str     0x000f1486    0xe6c20 ./Drivers/STM32L4xx_HAL_Driver/Src/stm32l4xx_hal_cortex.o
 .debug_str     0x000f1486    0xe6532 ./Drivers/STM32L4xx_HAL_Driver/Src/stm32l4xx_hal_gpio.o
 .debug_str     0x000f1486    0xe75a8 ./Drivers/STM32L4xx_HAL_Driver/Src/stm32l4xx_hal_i2c.o
 .debug_str     0x000f1486    0xe68b4 ./Drivers/STM32L4xx_HAL_Driver/Src/stm32l4xx_hal_i2c_ex.o
 .debug_str     0x000f1486    0xe6902 ./Drivers/STM32L4xx_HAL_Driver/Src/stm32l4xx_hal_pwr_ex.o
 .debug_str     0x000f1486    0xe69ed ./Drivers/STM32L4xx_HAL_Driver/Src/stm32l4xx_hal_rcc.o
 .debug_str     0x000f1486    0xe6b78 ./Drivers/STM32L4xx_HAL_Driver/Src/stm32l4xx_hal_rcc_ex.o
 .debug_str     0x000f1486    0xe6bc2 ./Drivers/STM32L4xx_HAL_Driver/Src/stm32l4xx_hal_spi.o
 .debug_str     0x000f1486    0xe70ff ./Drivers/STM32L4xx_HAL_Driver/Src/stm32l4xx_hal_uart.o

.comment        0x00000000       0x43
 .comment       0x00000000       0x43 ./Core/Src/MPU6050.o
                                 0x44 (size before relaxing)
 .comment       0x00000043       0x44 ./Core/Src/main.o
 .comment       0x00000043       0x44 ./Core/Src/ssd1306.o
 .comment       0x00000043       0x44 ./Core/Src/ssd1306_fonts.o
 .comment       0x00000043       0x44 ./Core/Src/stm32l4xx_hal_msp.o
 .comment       0x00000043       0x44 ./Core/Src/stm32l4xx_it.o
 .comment       0x00000043       0x44 ./Core/Src/syscalls.o
 .comment       0x00000043       0x44 ./Core/Src/sysmem.o
 .comment       0x00000043       0x44 ./Core/Src/system_stm32l4xx.o
 .comment       0x00000043       0x44 ./Drivers/STM32L4xx_HAL_Driver/Src/stm32l4xx_hal.o