Archive member included to satisfy reference by file (symbol)

H:/MikroKontroler/STM32CubeIDE_1.19.0/STM32CubeIDE/plugins/com.st.stm32cube.ide.mcu.externaltools.gnu-tools-for-stm32.13.3.rel1.win32_1.0.0.202411081344/tools/bin/../lib/gcc/arm-none-eabi/13.3.1/../../../../arm-none-eabi/lib/thumb/v7e-m+fp/hard\libc_nano.a(libc_a-exit.o)
                              H:/MikroKontroler/STM32CubeIDE_1.19.0/STM32CubeIDE/plugins/com.st.stm32cube.ide.mcu.externaltools.gnu-tools-for-stm32.13.3.rel1.win32_1.0.0.202411081344/tools/bin/../lib/gcc/arm-none-eabi/13.3.1/../../../../arm-none-eabi/lib/thumb/v7e-m+fp/hard/crt0.o (exit)
H:/MikroKontroler/STM32CubeIDE_1.19.0/STM32CubeIDE/plugins/com.st.stm32cube.ide.mcu.externaltools.gnu-tools-for-stm32.13.3.rel1.win32_1.0.0.202411081344/tools/bin/../lib/gcc/arm-none-eabi/13.3.1/../../../../arm-none-eabi/lib/thumb/v7e-m+fp/hard\libc_nano.a(libc_a-findfp.o)
                              H:/MikroKontroler/STM32CubeIDE_1.19.0/STM32CubeIDE/plugins/com.st.stm32cube.ide.mcu.externaltools.gnu-tools-for-stm32.13.3.rel1.win32_1.0.0.202411081344/tools/bin/../lib/gcc/arm-none-eabi/13.3.1/../../../../arm-none-eabi/lib/thumb/v7e-m+fp/hard\libc_nano.a(libc_a-exit.o) (__stdio_exit_handler)
H:/MikroKontroler/STM32CubeIDE_1.19.0/STM32CubeIDE/plugins/com.st.stm32cube.ide.mcu.externaltools.gnu-tools-for-stm32.13.3.rel1.win32_1.0.0.202411081344/tools/bin/../lib/gcc/arm-none-eabi/13.3.1/../../../../arm-none-eabi/lib/thumb/v7e-m+fp/hard\libc_nano.a(libc_a-fwalk.o)
                              H:/MikroKontroler/STM32CubeIDE_1.19.0/STM32CubeIDE/plugins/com.st.stm32cube.ide.mcu.externaltools.gnu-tools-for-stm32.13.3.rel1.win32_1.0.0.202411081344/tools/bin/../lib/gcc/arm-none-eabi/13.3.1/../../../../arm-none-eabi/lib/thumb/v7e-m+fp/hard\libc_nano.a(libc_a-findfp.o) (_fwalk_sglue)
H:/MikroKontroler/STM32CubeIDE_1.19.0/STM32CubeIDE/plugins/com.st.stm32cube.ide.mcu.externaltools.gnu-tools-for-stm32.13.3.rel1.win32_1.0.0.202411081344/tools/bin/../lib/gcc/arm-none-eabi/13.3.1/../../../../arm-none-eabi/lib/thumb/v7e-m+fp/hard\libc_nano.a(libc_a-printf.o)
                              ./Core/Src/main.o (printf)
H:/MikroKontroler/STM32CubeIDE_1.19.0/STM32CubeIDE/plugins/com.st.stm32cube.ide.mcu.externaltools.gnu-tools-for-stm32.13.3.rel1.win32_1.0.0.202411081344/tools/bin/../lib/gcc/arm-none-eabi/13.3.1/../../../../arm-none-eabi/lib/thumb/v7e-m+fp/hard\libc_nano.a(libc_a-puts.o)
                              ./Core/Src/main.o (puts)
H:/MikroKontroler/STM32CubeIDE_1.19.0/STM32CubeIDE/plugins/com.st.stm32cube.ide.mcu.externaltools.gnu-tools-for-stm32.13.3.rel1.win32_1.0.0.202411081344/tools/bin/../lib/gcc/arm-none-eabi/13.3.1/../../../../arm-none-eabi/lib/thumb/v7e-m+fp/hard\libc_nano.a(libc_a-snprintf.o)
                              ./Core/Src/ssd1306_tests.o (snprintf)
H:/MikroKontroler/STM32CubeIDE_1.19.0/STM32CubeIDE/plugins/com.st.stm32cube.ide.mcu.externaltools.gnu-tools-for-stm32.13.3.rel1.win32_1.0.0.202411081344/tools/bin/../lib/gcc/arm-none-eabi/13.3.1/../../../../arm-none-eabi/lib/thumb/v7e-m+fp/hard\libc_nano.a(libc_a-stdio.o)
                              H:/MikroKontroler/STM32CubeIDE_1.19.0/STM32CubeIDE/plugins/com.st.stm32cube.ide.mcu.externaltools.gnu-tools-for-stm32.13.3.rel1.win32_1.0.0.202411081344/tools/bin/../lib/gcc/arm-none-eabi/13.3.1/../../../../arm-none-eabi/lib/thumb/v7e-m+fp/hard\libc_nano.a(libc_a-findfp.o) (__sread)
H:/MikroKontroler/STM32CubeIDE_1.19.0/STM32CubeIDE/plugins/com.st.stm32cube.ide.mcu.externaltools.gnu-tools-for-stm32.13.3.rel1.win32_1.0.0.202411081344/tools/bin/../lib/gcc/arm-none-eabi/13.3.1/../../../../arm-none-eabi/lib/thumb/v7e-m+fp/hard\libc_nano.a(libc_a-wbuf.o)
                              H:/MikroKontroler/STM32CubeIDE_1.19.0/STM32CubeIDE/plugins/com.st.stm32cube.ide.mcu.externaltools.gnu-tools-for-stm32.13.3.rel1.win32_1.0.0.202411081344/tools/bin/../lib/gcc/arm-none-eabi/13.3.1/../../../../arm-none-eabi/lib/thumb/v7e-m+fp/hard\libc_nano.a(libc_a-puts.o) (__swbuf_r)
H:/MikroKontroler/STM32CubeIDE_1.19.0/STM32CubeIDE/plugins/com.st.stm32cube.ide.mcu.externaltools.gnu-tools-for-stm32.13.3.rel1.win32_1.0.0.202411081344/tools/bin/../lib/gcc/arm-none-eabi/13.3.1/../../../../arm-none-eabi/lib/thumb/v7e-m+fp/hard\libc_nano.a(libc_a-wsetup.o)
                              H:/MikroKontroler/STM32CubeIDE_1.19.0/STM32CubeIDE/plugins/com.st.stm32cube.ide.mcu.externaltools.gnu-tools-for-stm32.13.3.rel1.win32_1.0.0.202411081344/tools/bin/../lib/gcc/arm-none-eabi/13.3.1/../../../../arm-none-eabi/lib/thumb/v7e-m+fp/hard\libc_nano.a(libc_a-puts.o) (__swsetup_r)
H:/MikroKontroler/STM32CubeIDE_1.19.0/STM32CubeIDE/plugins/com.st.stm32cube.ide.mcu.externaltools.gnu-tools-for-stm32.13.3.rel1.win32_1.0.0.202411081344/tools/bin/../lib/gcc/arm-none-eabi/13.3.1/../../../../arm-none-eabi/lib/thumb/v7e-m+fp/hard\libc_nano.a(libc_a-memmove.o)
                              ./Core/Src/ssd1306_tests.o (memmove)
[...]
Memory Configuration

Name             Origin             Length             Attributes
RAM              0x20000000         0x00018000         xrw
RAM2             0x10000000         0x00008000         xrw
FLASH            0x08000000         0x00100000         xr
*default*        0x00000000         0xffffffff

Linker script and memory map

LOAD H:/MikroKontroler/STM32CubeIDE_1.19.0/STM32CubeIDE/plugins/com.st.stm32cube.ide.mcu.externaltools.gnu-tools-for-stm32.13.3.rel1.win32_1.0.0.202411081344/tools/bin/../lib/gcc/arm-none-eabi/13.3.1/thumb/v7e-m+fp/hard/crti.o
LOAD H:/MikroKontroler/STM32CubeIDE_1.19.0/STM32CubeIDE/plugins/com.st.stm32cube.ide.mcu.externaltools.gnu-tools-for-stm32.13.3.rel1.win32_1.0.0.202411081344/tools/bin/../lib/gcc/arm-none-eabi/13.3.1/thumb/v7e-m+fp/hard/crtbegin.o
LOAD H:/MikroKontroler/STM32CubeIDE_1.19.0/STM32CubeIDE/plugins/com.st.stm32cube.ide.mcu.externaltools.gnu-tools-for-stm32.13.3.rel1.win32_1.0.0.202411081344/tools/bin/../lib/gcc/arm-none-eabi/13.3.1/../../../../arm-none-eabi/lib/thumb/v7e-m+fp/hard/crt0.o
LOAD ./Core/Src/MPU6050.o
LOAD ./Core/Src/main.o
LOAD ./Core/Src/ssd1306.o
LOAD ./Core/Src/ssd1306_fonts.o
LOAD ./Core/Src/ssd1306_tests.o
LOAD ./Core/Src/stm32l4xx_hal_msp.o
LOAD ./Core/Src/stm32l4xx_it.o
LOAD ./Core/Src/syscalls.o
LOAD ./Core/Src/sysmem.o
LOAD ./Core/Src/system_stm32l4xx.o
LOAD ./Core/Startup/startup_stm32l476rgtx.o
LOAD ./Drivers/STM32L4xx_HAL_Driver/Src/stm32l4xx_hal.o
LOAD ./Drivers/STM32L4xx_HAL_Driver/Src/stm32l4xx_hal_cortex.o
LOAD ./Drivers/STM32L4xx_HAL_Driver/Src/stm32l4xx_hal_dma.o
LOAD ./Drivers/STM32L4xx_HAL_Driver/Src/stm32l4xx_hal_dma_ex.o
LOAD ./Drivers/STM32L4xx_HAL_Driver/Src/stm32l4xx_hal_exti.o
LOAD ./Drivers/STM32L4xx_HAL_Driver/Src/stm32l4xx_hal_flash.o
LOAD ./Drivers/STM32L4xx_HAL_Driver/Src/stm32l4xx_hal_flash_ex.o
LOAD ./Drivers/STM32L4xx_HAL_Driver/Src/stm32l4xx_hal_flash_ramfunc.o
LOAD ./Drivers/STM32L4xx_HAL_Driver/Src/stm32l4xx_hal_gpio.o
LOAD ./Drivers/STM32L4xx_HAL_Driver/Src/stm32l4xx_hal_i2c.o
LOAD ./Drivers/STM32L4xx_HAL_Driver/Src/stm32l4xx_hal_i2c_ex.o
LOAD ./Drivers/STM32L4xx_HAL_Driver/Src/stm32l4xx_hal_pwr.o
LOAD ./Drivers/STM32L4xx_HAL_Driver/Src/stm32l4xx_hal_pwr_ex.o
LOAD ./Drivers/STM32L4xx_HAL_Driver/Src/stm32l4xx_hal_rcc.o
LOAD ./Drivers/STM32L4xx_HAL_Driver/Src/stm32l4xx_hal_rcc_ex.o
LOAD ./Drivers/STM32L4xx_HAL_Driver/Src/stm32l4xx_hal_spi.o
LOAD ./Drivers/STM32L4xx_HAL_Driver/Src/stm32l4xx_hal_spi_ex.o
LOAD ./Drivers/STM32L4xx_HAL_Driver/Src/stm32l4xx_hal_uart.o
LOAD ./Drivers/STM32L4xx_HAL_Driver/Src/stm32l4xx_hal_uart_ex.o
START GROUP
LOAD H:/MikroKontroler/STM32CubeIDE_1.19.0/STM32CubeIDE/plugins/com.st.stm32cube.ide.mcu.externaltools.gnu-tools-for-stm32.13.3.rel1.win32_1.0.0.202411081344/tools/bin/../lib/gcc/arm-none-eabi/13.3.1/../../../../arm-none-eabi/lib/thumb/v7e-m+fp/hard\libc_nano.a
LOAD H:/MikroKontroler/STM32CubeIDE_1.19.0/STM32CubeIDE/plugins/com.st.stm32cube.ide.mcu.externaltools.gnu-tools-for-stm32.13.3.rel1.win32_1.0.0.202411081344/tools/bin/../lib/gcc/arm-none-eabi/13.3.1/../../../../arm-none-eabi/lib/thumb/v7e-m+fp/hard\libm.a
END GROUP
START GROUP
LOAD H:/MikroKontroler/STM32CubeIDE_1.19.0/STM32CubeIDE/plugins/com.st.stm32cube.ide.mcu.externaltools.gnu-tools-for-stm32.13.3.rel1.win32_1.0.0.202411081344/tools/bin/../lib/gcc/arm-none-eabi/13.3.1/thumb/v7e-m+fp/hard\libgcc.a
LOAD H:/MikroKontroler/STM32CubeIDE_1.19.0/STM32CubeIDE/plugins/com.st.stm32cube.ide.mcu.externaltools.gnu-tools-for-stm32.13.3.rel1.win32_1.0.0.202411081344/tools/bin/../lib/gcc/arm-none-eabi/13.3.1/../../../../arm-none-eabi/lib/thumb/v7e-m+fp/hard\libc_nano.a
END GROUP
START GROUP
LOAD H:/MikroKontroler/STM32CubeIDE_1.19.0/STM32CubeIDE/plugins/com.st.stm32cube.ide.mcu.externaltools.gnu-tools-for-stm32.13.3.rel1.win32_1.0.0.202411081344/tools/bin/../lib/gcc/arm-none-eabi/13.3.1/thumb/v7e-m+fp/hard\libgcc.a
LOAD H:/MikroKontroler/STM32CubeIDE_1.19.0/STM32CubeIDE/plugins/com.st.stm32cube.ide.mcu.externaltools.gnu-tools-for-stm32.13.3.rel1.win32_1.0.0.202411081344/tools/bin/../lib/gcc/arm-none-eabi/13.3.1/../../../../arm-none-eabi/lib/thumb/v7e-m+fp/hard\libc_nano.a
LOAD H:/MikroKontroler/STM32CubeIDE_1.19.0/STM32CubeIDE/plugins/com.st.stm32cube.ide.mcu.externaltools.gnu-tools-for-stm32.13.3.rel1.win32_1.0.0.202411081344/tools/bin/../lib/gcc/arm-none-eabi/13.3.1/../../../../arm-none-eabi/lib/thumb/v7e-m+fp/hard\libnosys.a
END GROUP
START GROUP
LOAD H:/MikroKontroler/STM32CubeIDE_1.19.0/STM32CubeIDE/plugins/com.st.stm32cube.ide.mcu.externaltools.gnu-tools-for-stm32.13.3.rel1.win32_1.0.0.202411081344/tools/bin/../lib/gcc/arm-none-eabi/13.3.1/thumb/v7e-m+fp/hard\libgcc.a
LOAD H:/MikroKontroler/STM32CubeIDE_1.19.0/STM32CubeIDE/plugins/com.st.stm32cube.ide.mcu.externaltools.gnu-tools-for-stm32.13.3.rel1.win32_1.0.0.202411081344/tools/bin/../lib/gcc/arm-none-eabi/13.3.1/../../../../arm-none-eabi/lib/thumb/v7e-m+fp/hard\libc_nano.a
LOAD H:/MikroKontroler/STM32CubeIDE_1.19.0/STM32CubeIDE/plugins/com.st.stm32cube.ide.mcu.externaltools.gnu-tools-for-stm32.13.3.rel1.win32_1.0.0.202411081344/tools/bin/../lib/gcc/arm-none-eabi/13.3.1/../../../../arm-none-eabi/lib/thumb/v7e-m+fp/hard\libnosys.a
END GROUP
LOAD H:/MikroKontroler/STM32CubeIDE_1.19.0/STM32CubeIDE/plugins/com.st.stm32cube.ide.mcu.externaltools.gnu-tools-for-stm32.13.3.rel1.win32_1.0.0.202411081344/tools/bin/../lib/gcc/arm-none-eabi/13.3.1/thumb/v7e-m+fp/hard/crtend.o
LOAD H:/MikroKontroler/STM32CubeIDE_1.19.0/STM32CubeIDE/plugins/com.st.stm32cube.ide.mcu.externaltools.gnu-tools-for-stm32.13.3.rel1.win32_1.0.0.202411081344/tools/bin/../lib/gcc/arm-none-eabi/13.3.1/thumb/v7e-m+fp/hard/crtn.o
                0x20018000                        _estack = (ORIGIN (RAM) + LENGTH (RAM))
                0x00000200                        _Min_Heap_Size = 0x200
                0x00000400                        _Min_Stack_Size = 0x400

.isr_vector     0x08000000      0x188
                0x08000000                        . = ALIGN (0x4)
 *(.isr_vector)
 .isr_vector    0x08000000      0x188 ./Core/Startup/startup_stm32l476rgtx.o
                0x08000000                g_pfnVectors
                0x08000188                        . = ALIGN (0x4)

.text           0x08000190     0x7c3c
                0x08000190                        . = ALIGN (0x4)
 *(.text)
 .text          0x08000190       0x40 H:/MikroKontroler/STM32CubeIDE_1.19.0/STM32CubeIDE/plugins/com.st.stm32cube.ide.mcu.externaltools.gnu-tools-for-stm32.13.3.rel1.win32_1.0.0.202411081344/tools/bin/../lib/gcc/arm-none-eabi/13.3.1/thumb/v7e-m+fp/hard/crtbegin.o
 .text          0x080001d0       0xa0 H:/MikroKontroler/STM32CubeIDE_1.19.0/STM32CubeIDE/plugins/com.st.stm32cube.ide.mcu.externaltools.gnu-tools-for-stm32.13.3.rel1.win32_1.0.0.202411081344/tools/bin/../lib/gcc/arm-none-eabi/13.3.1/../../../../arm-none-eabi/lib/thumb/v7e-m+fp/hard\libc_nano.a(libc_a-memchr.o)
                0x080001d0                memchr
 .text          0x08000270      0x378 H:/MikroKontroler/STM32CubeIDE_1.19.0/STM32CubeIDE/plugins/com.st.stm32cube.ide.mcu.externaltools.gnu-tools-for-stm32.13.3.rel1.win32_1.0.0.202411081344/tools/bin/../lib/gcc/arm-none-eabi/13.3.1/thumb/v7e-m+fp/hard\libgcc.a(_arm_addsubdf3.o)
                0x08000270                __aeabi_drsub
                0x08000278                __aeabi_dsub
                0x08000278                __subdf3
                0x0800027c                __aeabi_dadd
                0x0800027c                __adddf3
                0x080004f4                __floatunsidf
                0x080004f4                __aeabi_ui2d
                0x08000514                __floatsidf
                0x08000514                __aeabi_i2d
                0x08000538                __aeabi_f2d
                0x08000538                __extendsfdf2
                0x0800057c                __floatundidf
                0x0800057c                __aeabi_ul2d
                0x0800058c                __floatdidf
                0x0800058c                __aeabi_l2d
 .text          0x080005e8      0x424 H:/MikroKontroler/STM32CubeIDE_1.19.0/STM32CubeIDE/plugins/com.st.stm32cube.ide.mcu.externaltools.gnu-tools-for-stm32.13.3.rel1.win32_1.0.0.202411081344/tools/bin/../lib/gcc/arm-none-eabi/13.3.1/thumb/v7e-m+fp/hard\libgcc.a(_arm_muldivdf3.o)
                0x080005e8                __aeabi_dmul
                0x080005e8                __muldf3
                0x0800083c                __divdf3
                0x0800083c                __aeabi_ddiv
 .text          0x08000a0c       0xa0 H:/MikroKontroler/STM32CubeIDE_1.19.0/STM32CubeIDE/plugins/com.st.stm32cube.ide.mcu.externaltools.gnu-tools-for-stm32.13.3.rel1.win32_1.0.0.202411081344/tools/bin/../lib/gcc/arm-none-eabi/13.3.1/thumb/v7e-m+fp/hard\libgcc.a(_arm_truncdfsf2.o)
                0x08000a0c                __truncdfsf2
                0x08000a0c                __aeabi_d2f
 .text          0x08000aac       0x30 H:/MikroKontroler/STM32CubeIDE_1.19.0/STM32CubeIDE/plugins/com.st.stm32cube.ide.mcu.externaltools.gnu-tools-for-stm32.13.3.rel1.win32_1.0.0.202411081344/tools/bin/../lib/gcc/arm-none-eabi/13.3.1/thumb/v7e-m+fp/hard\libgcc.a(_aeabi_uldivmod.o)
                0x08000aac                __aeabi_uldivmod
 .text          0x08000adc      0x2f8 H:/MikroKontroler/STM32CubeIDE_1.19.0/STM32CubeIDE/plugins/com.st.stm32cube.ide.mcu.externaltools.gnu-tools-for-stm32.13.3.rel1.win32_1.0.0.202411081344/tools/bin/../lib/gcc/arm-none-eabi/13.3.1/thumb/v7e-m+fp/hard\libgcc.a(_udivmoddi4.o)
                0x08000adc                __udivmoddi4
 .text          0x08000dd4        0x4 H:/MikroKontroler/STM32CubeIDE_1.19.0/STM32CubeIDE/plugins/com.st.stm32cube.ide.mcu.externaltools.gnu-tools-for-stm32.13.3.rel1.win32_1.0.0.202411081344/tools/bin/../lib/gcc/arm-none-eabi/13.3.1/thumb/v7e-m+fp/hard\libgcc.a(_dvmd_tls.o)
                0x08000dd4                __aeabi_idiv0
                0x08000dd4                __aeabi_ldiv0
 *(.text*)
 .text.MPU6050_init
                0x08000dd8       0xac ./Core/Src/MPU6050.o
                0x08000dd8                MPU6050_init
 .text.MPU6050_Read_Accel
                0x08000e84      0x110 ./Core/Src/MPU6050.o
                0x08000e84                MPU6050_Read_Accel
 .text.__io_putchar
                0x08000f94       0x40 ./Core/Src/main.o
                0x08000f94                __io_putchar
 .text.move_y   0x08000fd4      0x1e0 ./Core/Src/main.o
                0x08000fd4                move_y
 .text.move_x   0x080011b4      0x1d4 ./Core/Src/main.o
                0x080011b4                move_x
 .text.drawFinish
                0x08001388      0x176 ./Core/Src/main.o
                0x08001388                drawFinish
 *fill*         0x080014fe        0x2 
 .text.HAL_UART_RxCpltCallback
                0x08001500      0x140 ./Core/Src/main.o
                0x08001500                HAL_UART_RxCpltCallback
 .text.main     0x08001640      0x220 ./Core/Src/main.o
                0x08001640                main
 .text.SystemClock_Config
                0x08001860       0xa2 ./Core/Src/main.o
                0x08001860                SystemClock_Config
 *fill*         0x08001902        0x2 
 .text.MX_I2C1_Init
                0x08001904       0x80 ./Core/Src/main.o
 .text.MX_SPI2_Init
                0x08001984       0x7c ./Core/Src/main.o
 .text.MX_USART2_UART_Init
                0x08001a00       0x60 ./Core/Src/main.o
 .text.MX_GPIO_Init
                0x08001a60      0x110 ./Core/Src/main.o
 .text.Error_Handler
                0x08001b70        0xc ./Core/Src/main.o
                0x08001b70                Error_Handler
 .text.ssd1306_Reset
                0x08001b7c       0x3c ./Core/Src/ssd1306.o
                0x08001b7c                ssd1306_Reset
 .text.ssd1306_WriteCommand
                0x08001bb8       0x4c ./Core/Src/ssd1306.o
                0x08001bb8                ssd1306_WriteCommand
 .text.ssd1306_WriteData
                0x08001c04       0x4c ./Core/Src/ssd1306.o
                0x08001c04                ssd1306_WriteData
 .text.ssd1306_Init
                0x08001c50       0xd4 ./Core/Src/ssd1306.o
                0x08001c50                ssd1306_Init
 .text.ssd1306_Fill
                0x08001d24       0x30 ./Core/Src/ssd1306.o
                0x08001d24                ssd1306_Fill
 .text.ssd1306_UpdateScreen
                0x08001d54       0x50 ./Core/Src/ssd1306.o
                0x08001d54                ssd1306_UpdateScreen
 .text.ssd1306_DrawPixel
                0x08001da4       0xa8 ./Core/Src/ssd1306.o
                0x08001da4                ssd1306_DrawPixel
 .text.ssd1306_SetContrast
                0x08001e4c       0x26 ./Core/Src/ssd1306.o
                0x08001e4c                ssd1306_SetContrast
 *fill*         0x08001e72        0x2 
 .text.ssd1306_SetDisplayOn
                0x08001e74       0x3c ./Core/Src/ssd1306.o
                0x08001e74                ssd1306_SetDisplayOn
 .text.HAL_MspInit
                0x08001eb0       0x48 ./Core/Src/stm32l4xx_hal_msp.o
                0x08001eb0                HAL_MspInit
 .text.HAL_I2C_MspInit
                0x08001ef8       0xbc ./Core/Src/stm32l4xx_hal_msp.o
                0x08001ef8                HAL_I2C_MspInit
 .text.HAL_SPI_MspInit
                0x08001fb4       0xc4 ./Core/Src/stm32l4xx_hal_msp.o
                0x08001fb4                HAL_SPI_MspInit
 .text.HAL_UART_MspInit
                0x08002078       0xc8 ./Core/Src/stm32l4xx_hal_msp.o
                0x08002078                HAL_UART_MspInit
 .text.NMI_Handler
                0x08002140        0x8 ./Core/Src/stm32l4xx_it.o
                0x08002140                NMI_Handler
 .text.HardFault_Handler
                0x08002148        0x8 ./Core/Src/stm32l4xx_it.o
                0x08002148                HardFault_Handler
 .text.MemManage_Handler
                0x08002150        0x8 ./Core/Src/stm32l4xx_it.o
                0x08002150                MemManage_Handler
 .text.BusFault_Handler
                0x08002158        0x8 ./Core/Src/stm32l4xx_it.o
                0x08002158                BusFault_Handler
 .text.UsageFault_Handler
                0x08002160        0x8 ./Core/Src/stm32l4xx_it.o
                0x08002160                UsageFault_Handler
 .text.SVC_Handler
                0x08002168        0xe ./Core/Src/stm32l4xx_it.o
                0x08002168                SVC_Handler
 .text.DebugMon_Handler
                0x08002176        0xe ./Core/Src/stm32l4xx_it.o
                0x08002176                DebugMon_Handler
 .text.PendSV_Handler
                0x08002184        0xe ./Core/Src/stm32l4xx_it.o
                0x08002184                PendSV_Handler
 .text.SysTick_Handler
                0x08002192        0xc ./Core/Src/stm32l4xx_it.o
                0x08002192                SysTick_Handler
 *fill*         0x0800219e        0x2 
 .text.USART2_IRQHandler
                0x080021a0       0x14 ./Core/Src/stm32l4xx_it.o
                0x080021a0                USART2_IRQHandler
 .text._read    0x080021b4       0x3a ./Core/Src/syscalls.o
                0x080021b4                _read
 .text._write   0x080021ee       0x38 ./Core/Src/syscalls.o
                0x080021ee                _write
 .text._close   0x08002226       0x18 ./Core/Src/syscalls.o
                0x08002226                _close
 .text._fstat   0x0800223e       0x20 ./Core/Src/syscalls.o
                0x0800223e                _fstat
 .text._isatty  0x0800225e       0x16 ./Core/Src/syscalls.o
                0x0800225e                _isatty
 .text._lseek   0x08002274       0x1a ./Core/Src/syscalls.o
                0x08002274                _lseek
 *fill*         0x0800228e        0x2 
 .text._sbrk    0x08002290       0x6c ./Core/Src/sysmem.o
                0x08002290                _sbrk
 .text.SystemInit
                0x080022fc       0x24 ./Core/Src/system_stm32l4xx.o
                0x080022fc                SystemInit
 .text.Reset_Handler
                0x08002320       0x50 ./Core/Startup/startup_stm32l476rgtx.o
                0x08002320                Reset_Handler
 .text.Default_Handler
                0x08002370        0x2 ./Core/Startup/startup_stm32l476rgtx.o
                0x08002370                RTC_Alarm_IRQHandler
                0x08002370                EXTI2_IRQHandler
                0x08002370                TIM8_TRG_COM_IRQHandler
                0x08002370                TIM8_CC_IRQHandler
                0x08002370                TIM1_CC_IRQHandler
                0x08002370                TSC_IRQHandler
                0x08002370                TAMP_STAMP_IRQHandler
                0x08002370                EXTI3_IRQHandler
                0x08002370                LPTIM2_IRQHandler
                0x08002370                DFSDM1_FLT1_IRQHandler
                0x08002370                I2C3_ER_IRQHandler
                0x08002370                DFSDM1_FLT2_IRQHandler
                0x08002370                EXTI0_IRQHandler
                0x08002370                I2C2_EV_IRQHandler
                0x08002370                CAN1_RX0_IRQHandler
                0x08002370                FPU_IRQHandler
                0x08002370                TIM1_UP_TIM16_IRQHandler
                0x08002370                ADC1_2_IRQHandler
                0x08002370                SPI1_IRQHandler
                0x08002370                TIM6_DAC_IRQHandler
                0x08002370                TIM8_UP_IRQHandler
                0x08002370                DMA2_Channel2_IRQHandler
                0x08002370                DMA1_Channel4_IRQHandler
                0x08002370                SAI2_IRQHandler
                0x08002370                DFSDM1_FLT3_IRQHandler
                0x08002370                USART3_IRQHandler
                0x08002370                DMA1_Channel7_IRQHandler
                0x08002370                CAN1_RX1_IRQHandler
                0x08002370                LCD_IRQHandler
                0x08002370                UART5_IRQHandler
                0x08002370                ADC3_IRQHandler
                0x08002370                TIM4_IRQHandler
                0x08002370                DMA2_Channel1_IRQHandler
                0x08002370                QUADSPI_IRQHandler
                0x08002370                I2C1_EV_IRQHandler
                0x08002370                DMA1_Channel6_IRQHandler
                0x08002370                UART4_IRQHandler
                0x08002370                DMA2_Channel4_IRQHandler
                0x08002370                TIM3_IRQHandler
                0x08002370                RCC_IRQHandler
                0x08002370                DMA1_Channel1_IRQHandler
                0x08002370                Default_Handler
                0x08002370                DMA2_Channel7_IRQHandler
                0x08002370                EXTI15_10_IRQHandler
                0x08002370                TIM7_IRQHandler
                0x08002370                SDMMC1_IRQHandler
                0x08002370                TIM5_IRQHandler
                0x08002370                I2C3_EV_IRQHandler
                0x08002370                EXTI9_5_IRQHandler
                0x08002370                RTC_WKUP_IRQHandler
                0x08002370                PVD_PVM_IRQHandler
                0x08002370                SPI2_IRQHandler
                0x08002370                CAN1_TX_IRQHandler
                0x08002370                DMA2_Channel5_IRQHandler
                0x08002370                DMA1_Channel5_IRQHandler
                0x08002370                EXTI4_IRQHandler
                0x08002370                RNG_IRQHandler
                0x08002370                TIM1_TRG_COM_TIM17_IRQHandler
                0x08002370                DMA1_Channel3_IRQHandler
                0x08002370                COMP_IRQHandler
                0x08002370                WWDG_IRQHandler
                0x08002370                LPUART1_IRQHandler
                0x08002370                DMA2_Channel6_IRQHandler
                0x08002370                TIM2_IRQHandler
                0x08002370                EXTI1_IRQHandler
                0x08002370                DFSDM1_FLT0_IRQHandler
                0x08002370                I2C2_ER_IRQHandler
                0x08002370                DMA1_Channel2_IRQHandler
                0x08002370                TIM8_BRK_IRQHandler
                0x08002370                CAN1_SCE_IRQHandler
                0x08002370                FLASH_IRQHandler
                0x08002370                USART1_IRQHandler
                0x08002370                OTG_FS_IRQHandler
                0x08002370                SPI3_IRQHandler
                0x08002370                I2C1_ER_IRQHandler
                0x08002370                FMC_IRQHandler
                0x08002370                SWPMI1_IRQHandler
                0x08002370                LPTIM1_IRQHandler
                0x08002370                SAI1_IRQHandler
                0x08002370                DMA2_Channel3_IRQHandler
                0x08002370                TIM1_BRK_TIM15_IRQHandler
 *fill*         0x08002372        0x2 
 .text.HAL_Init
                0x08002374       0x40 ./Drivers/STM32L4xx_HAL_Driver/Src/stm32l4xx_hal.o
                0x08002374                HAL_Init
 .text.HAL_InitTick
                0x080023b4       0x78 ./Drivers/STM32L4xx_HAL_Driver/Src/stm32l4xx_hal.o
                0x080023b4                HAL_InitTick
 .text.HAL_IncTick
                0x0800242c       0x28 ./Drivers/STM32L4xx_HAL_Driver/Src/stm32l4xx_hal.o
                0x0800242c                HAL_IncTick
 .text.HAL_GetTick
                0x08002454       0x18 ./Drivers/STM32L4xx_HAL_Driver/Src/stm32l4xx_hal.o
                0x08002454                HAL_GetTick
 .text.HAL_Delay
                0x0800246c       0x48 ./Drivers/STM32L4xx_HAL_Driver/Src/stm32l4xx_hal.o
                0x0800246c                HAL_Delay
 .text.__NVIC_SetPriorityGrouping
                0x080024b4       0x48 ./Drivers/STM32L4xx_HAL_Driver/Src/stm32l4xx_hal_cortex.o
 .text.__NVIC_GetPriorityGrouping
                0x080024fc       0x1c ./Drivers/STM32L4xx_HAL_Driver/Src/stm32l4xx_hal_cortex.o
 .text.__NVIC_EnableIRQ
                0x08002518       0x3c ./Drivers/STM32L4xx_HAL_Driver/Src/stm32l4xx_hal_cortex.o
 .text.__NVIC_SetPriority
                0x08002554       0x54 ./Drivers/STM32L4xx_HAL_Driver/Src/stm32l4xx_hal_cortex.o
 .text.NVIC_EncodePriority
                0x080025a8       0x66 ./Drivers/STM32L4xx_HAL_Driver/Src/stm32l4xx_hal_cortex.o
 *fill*         0x0800260e        0x2 
 .text.SysTick_Config
                0x08002610       0x44 ./Drivers/STM32L4xx_HAL_Driver/Src/stm32l4xx_hal_cortex.o
 .text.HAL_NVIC_SetPriorityGrouping
                0x08002654       0x16 ./Drivers/STM32L4xx_HAL_Driver/Src/stm32l4xx_hal_cortex.o
                0x08002654                HAL_NVIC_SetPriorityGrouping
 .text.HAL_NVIC_SetPriority
                0x0800266a       0x38 ./Drivers/STM32L4xx_HAL_Driver/Src/stm32l4xx_hal_cortex.o
                0x0800266a                HAL_NVIC_SetPriority
 .text.HAL_NVIC_EnableIRQ
                0x080026a2       0x1c ./Drivers/STM32L4xx_HAL_Driver/Src/stm32l4xx_hal_cortex.o
                0x080026a2                HAL_NVIC_EnableIRQ
 .text.HAL_SYSTICK_Config
                0x080026be       0x18 ./Drivers/STM32L4xx_HAL_Driver/Src/stm32l4xx_hal_cortex.o
                0x080026be                HAL_SYSTICK_Config
 .text.HAL_DMA_Abort
                0x080026d6       0x82 ./Drivers/STM32L4xx_HAL_Driver/Src/stm32l4xx_hal_dma.o
                0x080026d6                HAL_DMA_Abort
 .text.HAL_DMA_Abort_IT
                0x08002758       0x82 ./Drivers/STM32L4xx_HAL_Driver/Src/stm32l4xx_hal_dma.o
                0x08002758                HAL_DMA_Abort_IT
 *fill*         0x080027da        0x2 
 .text.HAL_GPIO_Init
                0x080027dc      0x354 ./Drivers/STM32L4xx_HAL_Driver/Src/stm32l4xx_hal_gpio.o
                0x080027dc                HAL_GPIO_Init
 .text.HAL_GPIO_WritePin
                0x08002b30       0x30 ./Drivers/STM32L4xx_HAL_Driver/Src/stm32l4xx_hal_gpio.o
                0x08002b30                HAL_GPIO_WritePin
 .text.HAL_I2C_Init
                0x08002b60      0x136 ./Drivers/STM32L4xx_HAL_Driver/Src/stm32l4xx_hal_i2c.o
                0x08002b60                HAL_I2C_Init
 *fill*         0x08002c96        0x2 
 .text.HAL_I2C_Mem_Write
                0x08002c98      0x228 ./Drivers/STM32L4xx_HAL_Driver/Src/stm32l4xx_hal_i2c.o
                0x08002c98                HAL_I2C_Mem_Write
 .text.HAL_I2C_Mem_Read
                0x08002ec0      0x234 ./Drivers/STM32L4xx_HAL_Driver/Src/stm32l4xx_hal_i2c.o
                0x08002ec0                HAL_I2C_Mem_Read
 .text.HAL_I2C_IsDeviceReady
                0x080030f4      0x1e8 ./Drivers/STM32L4xx_HAL_Driver/Src/stm32l4xx_hal_i2c.o
                0x080030f4                HAL_I2C_IsDeviceReady
 .text.I2C_RequestMemoryWrite
                0x080032dc       0xa8 ./Drivers/STM32L4xx_HAL_Driver/Src/stm32l4xx_hal_i2c.o
 .text.I2C_RequestMemoryRead
                0x08003384       0xa8 ./Drivers/STM32L4xx_HAL_Driver/Src/stm32l4xx_hal_i2c.o
 .text.I2C_Flush_TXDR
                0x0800342c       0x48 ./Drivers/STM32L4xx_HAL_Driver/Src/stm32l4xx_hal_i2c.o
 .text.I2C_WaitOnFlagUntilTimeout
                0x08003474       0xb2 ./Drivers/STM32L4xx_HAL_Driver/Src/stm32l4xx_hal_i2c.o
 .text.I2C_WaitOnTXISFlagUntilTimeout
                0x08003526       0x8e ./Drivers/STM32L4xx_HAL_Driver/Src/stm32l4xx_hal_i2c.o
 .text.I2C_WaitOnSTOPFlagUntilTimeout
                0x080035b4       0x86 ./Drivers/STM32L4xx_HAL_Driver/Src/stm32l4xx_hal_i2c.o
 *fill*         0x0800363a        0x2 
 .text.I2C_IsErrorOccurred
                0x0800363c      0x1c0 ./Drivers/STM32L4xx_HAL_Driver/Src/stm32l4xx_hal_i2c.o
 .text.I2C_TransferConfig
                0x080037fc       0x64 ./Drivers/STM32L4xx_HAL_Driver/Src/stm32l4xx_hal_i2c.o
 .text.HAL_I2CEx_ConfigAnalogFilter
                0x08003860       0x96 ./Drivers/STM32L4xx_HAL_Driver/Src/stm32l4xx_hal_i2c_ex.o
                0x08003860                HAL_I2CEx_ConfigAnalogFilter
 .text.HAL_I2CEx_ConfigDigitalFilter
                0x080038f6       0x98 ./Drivers/STM32L4xx_HAL_Driver/Src/stm32l4xx_hal_i2c_ex.o
                0x080038f6                HAL_I2CEx_ConfigDigitalFilter
 *fill*         0x0800398e        0x2 
 .text.HAL_PWREx_GetVoltageRange
                0x08003990       0x1c ./Drivers/STM32L4xx_HAL_Driver/Src/stm32l4xx_hal_pwr_ex.o
                0x08003990                HAL_PWREx_GetVoltageRange
 .text.HAL_PWREx_ControlVoltageScaling
                0x080039ac       0xac ./Drivers/STM32L4xx_HAL_Driver/Src/stm32l4xx_hal_pwr_ex.o
                0x080039ac                HAL_PWREx_ControlVoltageScaling
 .text.HAL_RCC_OscConfig
                0x08003a58      0x7b8 ./Drivers/STM32L4xx_HAL_Driver/Src/stm32l4xx_hal_rcc.o
                0x08003a58                HAL_RCC_OscConfig
 .text.HAL_RCC_ClockConfig
                0x08004210      0x200 ./Drivers/STM32L4xx_HAL_Driver/Src/stm32l4xx_hal_rcc.o
                0x08004210                HAL_RCC_ClockConfig
 .text.HAL_RCC_GetSysClockFreq
                0x08004410      0x118 ./Drivers/STM32L4xx_HAL_Driver/Src/stm32l4xx_hal_rcc.o
                0x08004410                HAL_RCC_GetSysClockFreq
 .text.HAL_RCC_GetHCLKFreq
                0x08004528       0x18 ./Drivers/STM32L4xx_HAL_Driver/Src/stm32l4xx_hal_rcc.o
                0x08004528                HAL_RCC_GetHCLKFreq
 .text.HAL_RCC_GetPCLK1Freq
                0x08004540       0x2c ./Drivers/STM32L4xx_HAL_Driver/Src/stm32l4xx_hal_rcc.o
                0x08004540                HAL_RCC_GetPCLK1Freq
 .text.HAL_RCC_GetPCLK2Freq
                0x0800456c       0x2c ./Drivers/STM32L4xx_HAL_Driver/Src/stm32l4xx_hal_rcc.o
                0x0800456c                HAL_RCC_GetPCLK2Freq
 .text.RCC_SetFlashLatencyFromMSIRange
                0x08004598       0xc0 ./Drivers/STM32L4xx_HAL_Driver/Src/stm32l4xx_hal_rcc.o
 .text.HAL_RCCEx_PeriphCLKConfig
                0x08004658      0x5d4 ./Drivers/STM32L4xx_HAL_Driver/Src/stm32l4xx_hal_rcc_ex.o
                0x08004658                HAL_RCCEx_PeriphCLKConfig
 .text.RCCEx_PLLSAI1_Config
                0x08004c2c      0x1e8 ./Drivers/STM32L4xx_HAL_Driver/Src/stm32l4xx_hal_rcc_ex.o
 .text.RCCEx_PLLSAI2_Config
                0x08004e14      0x1bc ./Drivers/STM32L4xx_HAL_Driver/Src/stm32l4xx_hal_rcc_ex.o
 .text.HAL_SPI_Init
                0x08004fd0      0x146 ./Drivers/STM32L4xx_HAL_Driver/Src/stm32l4xx_hal_spi.o
                0x08004fd0                HAL_SPI_Init
 .text.HAL_SPI_Transmit
                0x08005116      0x2ec ./Drivers/STM32L4xx_HAL_Driver/Src/stm32l4xx_hal_spi.o
                0x08005116                HAL_SPI_Transmit
 *fill*         0x08005402        0x2 
 .text.SPI_WaitFlagStateUntilTimeout
                0x08005404      0x110 ./Drivers/STM32L4xx_HAL_Driver/Src/stm32l4xx_hal_spi.o
 .text.SPI_WaitFifoStateUntilTimeout
                0x08005514      0x12c ./Drivers/STM32L4xx_HAL_Driver/Src/stm32l4xx_hal_spi.o
 .text.SPI_EndRxTxTransaction
                0x08005640       0x8c ./Drivers/STM32L4xx_HAL_Driver/Src/stm32l4xx_hal_spi.o
 .text.HAL_UART_Init
                0x080056cc       0x9c ./Drivers/STM32L4xx_HAL_Driver/Src/stm32l4xx_hal_uart.o
                0x080056cc                HAL_UART_Init
 .text.HAL_UART_Transmit
                0x08005768      0x126 ./Drivers/STM32L4xx_HAL_Driver/Src/stm32l4xx_hal_uart.o
                0x08005768                HAL_UART_Transmit
 *fill*         0x0800588e        0x2 
 .text.HAL_UART_Receive_IT
                0x08005890       0x98 ./Drivers/STM32L4xx_HAL_Driver/Src/stm32l4xx_hal_uart.o
                0x08005890                HAL_UART_Receive_IT
 .text.HAL_UART_IRQHandler
                0x08005928      0x60c ./Drivers/STM32L4xx_HAL_Driver/Src/stm32l4xx_hal_uart.o
                0x08005928                HAL_UART_IRQHandler
 .text.HAL_UART_TxCpltCallback
                0x08005f34       0x14 ./Drivers/STM32L4xx_HAL_Driver/Src/stm32l4xx_hal_uart.o
                0x08005f34                HAL_UART_TxCpltCallback
 .text.HAL_UART_ErrorCallback
                0x08005f48       0x14 ./Drivers/STM32L4xx_HAL_Driver/Src/stm32l4xx_hal_uart.o
                0x08005f48                HAL_UART_ErrorCallback
 .text.HAL_UARTEx_RxEventCallback
                0x08005f5c       0x18 ./Drivers/STM32L4xx_HAL_Driver/Src/stm32l4xx_hal_uart.o
                0x08005f5c                HAL_UARTEx_RxEventCallback
 .text.UART_SetConfig
                0x08005f74      0x570 ./Drivers/STM32L4xx_HAL_Driver/Src/stm32l4xx_hal_uart.o
                0x08005f74                UART_SetConfig
 .text.UART_AdvFeatureConfig
                0x080064e4      0x144 ./Drivers/STM32L4xx_HAL_Driver/Src/stm32l4xx_hal_uart.o
                0x080064e4                UART_AdvFeatureConfig
 .text.UART_CheckIdleState
                0x08006628      0x150 ./Drivers/STM32L4xx_HAL_Driver/Src/stm32l4xx_hal_uart.o
                0x08006628                UART_CheckIdleState
 .text.UART_WaitOnFlagUntilTimeout
                0x08006778       0xda ./Drivers/STM32L4xx_HAL_Driver/Src/stm32l4xx_hal_uart.o
                0x08006778                UART_WaitOnFlagUntilTimeout
 *fill*         0x08006852        0x2 
 .text.UART_Start_Receive_IT
                0x08006854      0x18c ./Drivers/STM32L4xx_HAL_Driver/Src/stm32l4xx_hal_uart.o
                0x08006854                UART_Start_Receive_IT
 .text.UART_EndRxTransfer
                0x080069e0       0xc8 ./Drivers/STM32L4xx_HAL_Driver/Src/stm32l4xx_hal_uart.o
 .text.UART_DMAAbortOnError
                0x08006aa8       0x1c ./Drivers/STM32L4xx_HAL_Driver/Src/stm32l4xx_hal_uart.o
 .text.UART_EndTransmit_IT
                0x08006ac4       0x54 ./Drivers/STM32L4xx_HAL_Driver/Src/stm32l4xx_hal_uart.o
 .text.UART_RxISR_8BIT
                0x08006b18      0x1b8 ./Drivers/STM32L4xx_HAL_Driver/Src/stm32l4xx_hal_uart.o
 .text.UART_RxISR_16BIT
                0x08006cd0      0x1b8 ./Drivers/STM32L4xx_HAL_Driver/Src/stm32l4xx_hal_uart.o
 .text.HAL_UARTEx_WakeupCallback
                0x08006e88       0x14 ./Drivers/STM32L4xx_HAL_Driver/Src/stm32l4xx_hal_uart_ex.o
                0x08006e88                HAL_UARTEx_WakeupCallback
 .text.std      0x08006e9c       0x6c H:/MikroKontroler/STM32CubeIDE_1.19.0/STM32CubeIDE/plugins/com.st.stm32cube.ide.mcu.externaltools.gnu-tools-for-stm32.13.3.rel1.win32_1.0.0.202411081344/tools/bin/../lib/gcc/arm-none-eabi/13.3.1/../../../../arm-none-eabi/lib/thumb/v7e-m+fp/hard\libc_nano.a(libc_a-findfp.o)
 .text.stdio_exit_handler
                0x08006f08       0x18 H:/MikroKontroler/STM32CubeIDE_1.19.0/STM32CubeIDE/plugins/com.st.stm32cube.ide.mcu.externaltools.gnu-tools-for-stm32.13.3.rel1.win32_1.0.0.202411081344/tools/bin/../lib/gcc/arm-none-eabi/13.3.1/../../../../arm-none-eabi/lib/thumb/v7e-m+fp/hard\libc_nano.a(libc_a-findfp.o)
 .text.cleanup_stdio
                0x08006f20       0x40 H:/MikroKontroler/STM32CubeIDE_1.19.0/STM32CubeIDE/plugins/com.st.stm32cube.ide.mcu.externaltools.gnu-tools-for-stm32.13.3.rel1.win32_1.0.0.202411081344/tools/bin/../lib/gcc/arm-none-eabi/13.3.1/../../../../arm-none-eabi/lib/thumb/v7e-m+fp/hard\libc_nano.a(libc_a-findfp.o)
 .text.global_stdio_init.part.0
                0x08006f60       0x3c H:/MikroKontroler/STM32CubeIDE_1.19.0/STM32CubeIDE/plugins/com.st.stm32cube.ide.mcu.externaltools.gnu-tools-for-stm32.13.3.rel1.win32_1.0.0.202411081344/tools/bin/../lib/gcc/arm-none-eabi/13.3.1/../../../../arm-none-eabi/lib/thumb/v7e-m+fp/hard\libc_nano.a(libc_a-findfp.o)
 .text.__sfp_lock_acquire
                0x08006f9c        0xc H:/MikroKontroler/STM32CubeIDE_1.19.0/STM32CubeIDE/plugins/com.st.stm32cube.ide.mcu.externaltools.gnu-tools-for-stm32.13.3.rel1.win32_1.0.0.202411081344/tools/bin/../lib/gcc/arm-none-eabi/13.3.1/../../../../arm-none-eabi/lib/thumb/v7e-m+fp/hard\libc_nano.a(libc_a-findfp.o)
                0x08006f9c                __sfp_lock_acquire
 .text.__sfp_lock_release
                0x08006fa8        0xc H:/MikroKontroler/STM32CubeIDE_1.19.0/STM32CubeIDE/plugins/com.st.stm32cube.ide.mcu.externaltools.gnu-tools-for-stm32.13.3.rel1.win32_1.0.0.202411081344/tools/bin/../lib/gcc/arm-none-eabi/13.3.1/../../../../arm-none-eabi/lib/thumb/v7e-m+fp/hard\libc_nano.a(libc_a-findfp.o)
                0x08006fa8                __sfp_lock_release
 .text.__sinit  0x08006fb4       0x30 H:/MikroKontroler/STM32CubeIDE_1.19.0/STM32CubeIDE/plugins/com.st.stm32cube.ide.mcu.externaltools.gnu-tools-for-stm32.13.3.rel1.win32_1.0.0.202411081344/tools/bin/../lib/gcc/arm-none-eabi/13.3.1/../../../../arm-none-eabi/lib/thumb/v7e-m+fp/hard\libc_nano.a(libc_a-findfp.o)
                0x08006fb4                __sinit
 .text._fwalk_sglue
                0x08006fe4       0x3c H:/MikroKontroler/STM32CubeIDE_1.19.0/STM32CubeIDE/plugins/com.st.stm32cube.ide.mcu.externaltools.gnu-tools-for-stm32.13.3.rel1.win32_1.0.0.202411081344/tools/bin/../lib/gcc/arm-none-eabi/13.3.1/../../../../arm-none-eabi/lib/thumb/v7e-m+fp/hard\libc_nano.a(libc_a-fwalk.o)
                0x08006fe4                _fwalk_sglue
 .text.printf   0x08007020       0x24 H:/MikroKontroler/STM32CubeIDE_1.19.0/STM32CubeIDE/plugins/com.st.stm32cube.ide.mcu.externaltools.gnu-tools-for-stm32.13.3.rel1.win32_1.0.0.202411081344/tools/bin/../lib/gcc/arm-none-eabi/13.3.1/../../../../arm-none-eabi/lib/thumb/v7e-m+fp/hard\libc_nano.a(libc_a-printf.o)
                0x08007020                iprintf
                0x08007020                printf
 .text._puts_r  0x08007044       0xaa H:/MikroKontroler/STM32CubeIDE_1.19.0/STM32CubeIDE/plugins/com.st.stm32cube.ide.mcu.externaltools.gnu-tools-for-stm32.13.3.rel1.win32_1.0.0.202411081344/tools/bin/../lib/gcc/arm-none-eabi/13.3.1/../../../../arm-none-eabi/lib/thumb/v7e-m+fp/hard\libc_nano.a(libc_a-puts.o)
                0x08007044                _puts_r
 *fill*         0x080070ee        0x2 
 .text.puts     0x080070f0       0x10 H:/MikroKontroler/STM32CubeIDE_1.19.0/STM32CubeIDE/plugins/com.st.stm32cube.ide.mcu.externaltools.gnu-tools-for-stm32.13.3.rel1.win32_1.0.0.202411081344/tools/bin/../lib/gcc/arm-none-eabi/13.3.1/../../../../arm-none-eabi/lib/thumb/v7e-m+fp/hard\libc_nano.a(libc_a-puts.o)
                0x080070f0                puts
 .text.__sread  0x08007100       0x22 H:/MikroKontroler/STM32CubeIDE_1.19.0/STM32CubeIDE/plugins/com.st.stm32cube.ide.mcu.externaltools.gnu-tools-for-stm32.13.3.rel1.win32_1.0.0.202411081344/tools/bin/../lib/gcc/arm-none-eabi/13.3.1/../../../../arm-none-eabi/lib/thumb/v7e-m+fp/hard\libc_nano.a(libc_a-stdio.o)
                0x08007100                __sread
 .text.__swrite
                0x08007122       0x38 H:/MikroKontroler/STM32CubeIDE_1.19.0/STM32CubeIDE/plugins/com.st.stm32cube.ide.mcu.externaltools.gnu-tools-for-stm32.13.3.rel1.win32_1.0.0.202411081344/tools/bin/../lib/gcc/arm-none-eabi/13.3.1/../../../../arm-none-eabi/lib/thumb/v7e-m+fp/hard\libc_nano.a(libc_a-stdio.o)
                0x08007122                __swrite
 .text.__sseek  0x0800715a       0x24 H:/MikroKontroler/STM32CubeIDE_1.19.0/STM32CubeIDE/plugins/com.st.stm32cube.ide.mcu.externaltools.gnu-tools-for-stm32.13.3.rel1.win32_1.0.0.202411081344/tools/bin/../lib/gcc/arm-none-eabi/13.3.1/../../../../arm-none-eabi/lib/thumb/v7e-m+fp/hard\libc_nano.a(libc_a-stdio.o)
                0x0800715a                __sseek
 .text.__sclose
                0x0800717e        0x8 H:/MikroKontroler/STM32CubeIDE_1.19.0/STM32CubeIDE/plugins/com.st.stm32cube.ide.mcu.externaltools.gnu-tools-for-stm32.13.3.rel1.win32_1.0.0.202411081344/tools/bin/../lib/gcc/arm-none-eabi/13.3.1/../../../../arm-none-eabi/lib/thumb/v7e-m+fp/hard\libc_nano.a(libc_a-stdio.o)
                0x0800717e                __sclose
 .text.__swbuf_r
                0x08007186       0x7c H:/MikroKontroler/STM32CubeIDE_1.19.0/STM32CubeIDE/plugins/com.st.stm32cube.ide.mcu.externaltools.gnu-tools-for-stm32.13.3.rel1.win32_1.0.0.202411081344/tools/bin/../lib/gcc/arm-none-eabi/13.3.1/../../../../arm-none-eabi/lib/thumb/v7e-m+fp/hard\libc_nano.a(libc_a-wbuf.o)
                0x08007186                __swbuf_r
 *fill*         0x08007202        0x2 
 .text.__swsetup_r
                0x08007204       0xac H:/MikroKontroler/STM32CubeIDE_1.19.0/STM32CubeIDE/plugins/com.st.stm32cube.ide.mcu.externaltools.gnu-tools-for-stm32.13.3.rel1.win32_1.0.0.202411081344/tools/bin/../lib/gcc/arm-none-eabi/13.3.1/../../../../arm-none-eabi/lib/thumb/v7e-m+fp/hard\libc_nano.a(libc_a-wsetup.o)
                0x08007204                __swsetup_r
 .text.memset   0x080072b0       0x10 H:/MikroKontroler/STM32CubeIDE_1.19.0/STM32CubeIDE/plugins/com.st.stm32cube.ide.mcu.externaltools.gnu-tools-for-stm32.13.3.rel1.win32_1.0.0.202411081344/tools/bin/../lib/gcc/arm-none-eabi/13.3.1/../../../../arm-none-eabi/lib/thumb/v7e-m+fp/hard\libc_nano.a(libc_a-memset.o)
                0x080072b0                memset
 .text._close_r
                0x080072c0       0x20 H:/MikroKontroler/STM32CubeIDE_1.19.0/STM32CubeIDE/plugins/com.st.stm32cube.ide.mcu.externaltools.gnu-tools-for-stm32.13.3.rel1.win32_1.0.0.202411081344/tools/bin/../lib/gcc/arm-none-eabi/13.3.1/../../../../arm-none-eabi/lib/thumb/v7e-m+fp/hard\libc_nano.a(libc_a-closer.o)
                0x080072c0                _close_r
 .text._lseek_r
                0x080072e0       0x24 H:/MikroKontroler/STM32CubeIDE_1.19.0/STM32CubeIDE/plugins/com.st.stm32cube.ide.mcu.externaltools.gnu-tools-for-stm32.13.3.rel1.win32_1.0.0.202411081344/tools/bin/../lib/gcc/arm-none-eabi/13.3.1/../../../../arm-none-eabi/lib/thumb/v7e-m+fp/hard\libc_nano.a(libc_a-lseekr.o)
                0x080072e0                _lseek_r
 .text._read_r  0x08007304       0x24 H:/MikroKontroler/STM32CubeIDE_1.19.0/STM32CubeIDE/plugins/com.st.stm32cube.ide.mcu.externaltools.gnu-tools-for-stm32.13.3.rel1.win32_1.0.0.202411081344/tools/bin/../lib/gcc/arm-none-eabi/13.3.1/../../../../arm-none-eabi/lib/thumb/v7e-m+fp/hard\libc_nano.a(libc_a-readr.o)
                0x08007304                _read_r
 .text._write_r
                0x08007328       0x24 H:/MikroKontroler/STM32CubeIDE_1.19.0/STM32CubeIDE/plugins/com.st.stm32cube.ide.mcu.externaltools.gnu-tools-for-stm32.13.3.rel1.win32_1.0.0.202411081344/tools/bin/../lib/gcc/arm-none-eabi/13.3.1/../../../../arm-none-eabi/lib/thumb/v7e-m+fp/hard\libc_nano.a(libc_a-writer.o)
                0x08007328                _write_r
 .text.__errno  0x0800734c        0xc H:/MikroKontroler/STM32CubeIDE_1.19.0/STM32CubeIDE/plugins/com.st.stm32cube.ide.mcu.externaltools.gnu-tools-for-stm32.13.3.rel1.win32_1.0.0.202411081344/tools/bin/../lib/gcc/arm-none-eabi/13.3.1/../../../../arm-none-eabi/lib/thumb/v7e-m+fp/hard\libc_nano.a(libc_a-errno.o)
                0x0800734c                __errno
 .text.__libc_init_array
                0x08007358       0x48 H:/MikroKontroler/STM32CubeIDE_1.19.0/STM32CubeIDE/plugins/com.st.stm32cube.ide.mcu.externaltools.gnu-tools-for-stm32.13.3.rel1.win32_1.0.0.202411081344/tools/bin/../lib/gcc/arm-none-eabi/13.3.1/../../../../arm-none-eabi/lib/thumb/v7e-m+fp/hard\libc_nano.a(libc_a-init.o)
                0x08007358                __libc_init_array
 .text.__retarget_lock_init_recursive
                0x080073a0        0x2 H:/MikroKontroler/STM32CubeIDE_1.19.0/STM32CubeIDE/plugins/com.st.stm32cube.ide.mcu.externaltools.gnu-tools-for-stm32.13.3.rel1.win32_1.0.0.202411081344/tools/bin/../lib/gcc/arm-none-eabi/13.3.1/../../../../arm-none-eabi/lib/thumb/v7e-m+fp/hard\libc_nano.a(libc_a-lock.o)
                0x080073a0                __retarget_lock_init_recursive
 .text.__retarget_lock_acquire_recursive
                0x080073a2        0x2 H:/MikroKontroler/STM32CubeIDE_1.19.0/STM32CubeIDE/plugins/com.st.stm32cube.ide.mcu.externaltools.gnu-tools-for-stm32.13.3.rel1.win32_1.0.0.202411081344/tools/bin/../lib/gcc/arm-none-eabi/13.3.1/../../../../arm-none-eabi/lib/thumb/v7e-m+fp/hard\libc_nano.a(libc_a-lock.o)
                0x080073a2                __retarget_lock_acquire_recursive
 .text.__retarget_lock_release_recursive
                0x080073a4        0x2 H:/MikroKontroler/STM32CubeIDE_1.19.0/STM32CubeIDE/plugins/com.st.stm32cube.ide.mcu.externaltools.gnu-tools-for-stm32.13.3.rel1.win32_1.0.0.202411081344/tools/bin/../lib/gcc/arm-none-eabi/13.3.1/../../../../arm-none-eabi/lib/thumb/v7e-m+fp/hard\libc_nano.a(libc_a-lock.o)
                0x080073a4                __retarget_lock_release_recursive
 *fill*         0x080073a6        0x2 
 .text._free_r  0x080073a8       0x94 H:/MikroKontroler/STM32CubeIDE_1.19.0/STM32CubeIDE/plugins/com.st.stm32cube.ide.mcu.externaltools.gnu-tools-for-stm32.13.3.rel1.win32_1.0.0.202411081344/tools/bin/../lib/gcc/arm-none-eabi/13.3.1/../../../../arm-none-eabi/lib/thumb/v7e-m+fp/hard\libc_nano.a(libc_a-freer.o)
                0x080073a8                _free_r
 .text.sbrk_aligned
                0x0800743c       0x44 H:/MikroKontroler/STM32CubeIDE_1.19.0/STM32CubeIDE/plugins/com.st.stm32cube.ide.mcu.externaltools.gnu-tools-for-stm32.13.3.rel1.win32_1.0.0.202411081344/tools/bin/../lib/gcc/arm-none-eabi/13.3.1/../../../../arm-none-eabi/lib/thumb/v7e-m+fp/hard\libc_nano.a(libc_a-mallocr.o)
 .text._malloc_r
                0x08007480      0x100 H:/MikroKontroler/STM32CubeIDE_1.19.0/STM32CubeIDE/plugins/com.st.stm32cube.ide.mcu.externaltools.gnu-tools-for-stm32.13.3.rel1.win32_1.0.0.202411081344/tools/bin/../lib/gcc/arm-none-eabi/13.3.1/../../../../arm-none-eabi/lib/thumb/v7e-m+fp/hard\libc_nano.a(libc_a-mallocr.o)
                0x08007480                _malloc_r
 .text.__malloc_lock
                0x08007580        0xc H:/MikroKontroler/STM32CubeIDE_1.19.0/STM32CubeIDE/plugins/com.st.stm32cube.ide.mcu.externaltools.gnu-tools-for-stm32.13.3.rel1.win32_1.0.0.202411081344/tools/bin/../lib/gcc/arm-none-eabi/13.3.1/../../../../arm-none-eabi/lib/thumb/v7e-m+fp/hard\libc_nano.a(libc_a-mlock.o)
                0x08007580                __malloc_lock
 .text.__malloc_unlock
                0x0800758c        0xc H:/MikroKontroler/STM32CubeIDE_1.19.0/STM32CubeIDE/plugins/com.st.stm32cube.ide.mcu.externaltools.gnu-tools-for-stm32.13.3.rel1.win32_1.0.0.202411081344/tools/bin/../lib/gcc/arm-none-eabi/13.3.1/../../../../arm-none-eabi/lib/thumb/v7e-m+fp/hard\libc_nano.a(libc_a-mlock.o)
                0x0800758c                __malloc_unlock
 .text.__sfputc_r
                0x08007598       0x2e H:/MikroKontroler/STM32CubeIDE_1.19.0/STM32CubeIDE/plugins/com.st.stm32cube.ide.mcu.externaltools.gnu-tools-for-stm32.13.3.rel1.win32_1.0.0.202411081344/tools/bin/../lib/gcc/arm-none-eabi/13.3.1/../../../../arm-none-eabi/lib/thumb/v7e-m+fp/hard\libc_nano.a(libc_a-nano-vfprintf.o)
 .text.__sfputs_r
                0x080075c6       0x24 H:/MikroKontroler/STM32CubeIDE_1.19.0/STM32CubeIDE/plugins/com.st.stm32cube.ide.mcu.externaltools.gnu-tools-for-stm32.13.3.rel1.win32_1.0.0.202411081344/tools/bin/../lib/gcc/arm-none-eabi/13.3.1/../../../../arm-none-eabi/lib/thumb/v7e-m+fp/hard\libc_nano.a(libc_a-nano-vfprintf.o)
                0x080075c6                __sfputs_r
 *fill*         0x080075ea        0x2 
 .text._vfprintf_r
                0x080075ec      0x230 H:/MikroKontroler/STM32CubeIDE_1.19.0/STM32CubeIDE/plugins/com.st.stm32cube.ide.mcu.externaltools.gnu-tools-for-stm32.13.3.rel1.win32_1.0.0.202411081344/tools/bin/../lib/gcc/arm-none-eabi/13.3.1/../../../../arm-none-eabi/lib/thumb/v7e-m+fp/hard\libc_nano.a(libc_a-nano-vfprintf.o)
                0x080075ec                _vfprintf_r
                0x080075ec                _vfiprintf_r
 .text._printf_common
                0x0800781c       0xda H:/MikroKontroler/STM32CubeIDE_1.19.0/STM32CubeIDE/plugins/com.st.stm32cube.ide.mcu.externaltools.gnu-tools-for-stm32.13.3.rel1.win32_1.0.0.202411081344/tools/bin/../lib/gcc/arm-none-eabi/13.3.1/../../../../arm-none-eabi/lib/thumb/v7e-m+fp/hard\libc_nano.a(libc_a-nano-vfprintf_i.o)
                0x0800781c                _printf_common
 *fill*         0x080078f6        0x2 
 .text._printf_i
                0x080078f8      0x23c H:/MikroKontroler/STM32CubeIDE_1.19.0/STM32CubeIDE/plugins/com.st.stm32cube.ide.mcu.externaltools.gnu-tools-for-stm32.13.3.rel1.win32_1.0.0.202411081344/tools/bin/../lib/gcc/arm-none-eabi/13.3.1/../../../../arm-none-eabi/lib/thumb/v7e-m+fp/hard\libc_nano.a(libc_a-nano-vfprintf_i.o)
                0x080078f8                _printf_i
 .text.__sflush_r
                0x08007b34      0x108 H:/MikroKontroler/STM32CubeIDE_1.19.0/STM32CubeIDE/plugins/com.st.stm32cube.ide.mcu.externaltools.gnu-tools-for-stm32.13.3.rel1.win32_1.0.0.202411081344/tools/bin/../lib/gcc/arm-none-eabi/13.3.1/../../../../arm-none-eabi/lib/thumb/v7e-m+fp/hard\libc_nano.a(libc_a-fflush.o)
                0x08007b34                __sflush_r
 .text._fflush_r
                0x08007c3c       0x50 H:/MikroKontroler/STM32CubeIDE_1.19.0/STM32CubeIDE/plugins/com.st.stm32cube.ide.mcu.externaltools.gnu-tools-for-stm32.13.3.rel1.win32_1.0.0.202411081344/tools/bin/../lib/gcc/arm-none-eabi/13.3.1/../../../../arm-none-eabi/lib/thumb/v7e-m+fp/hard\libc_nano.a(libc_a-fflush.o)
                0x08007c3c                _fflush_r
 .text.__swhatbuf_r
                0x08007c8c       0x4c H:/MikroKontroler/STM32CubeIDE_1.19.0/STM32CubeIDE/plugins/com.st.stm32cube.ide.mcu.externaltools.gnu-tools-for-stm32.13.3.rel1.win32_1.0.0.202411081344/tools/bin/../lib/gcc/arm-none-eabi/13.3.1/../../../../arm-none-eabi/lib/thumb/v7e-m+fp/hard\libc_nano.a(libc_a-makebuf.o)
                0x08007c8c                __swhatbuf_r
 .text.__smakebuf_r
                0x08007cd8       0x78 H:/MikroKontroler/STM32CubeIDE_1.19.0/STM32CubeIDE/plugins/com.st.stm32cube.ide.mcu.externaltools.gnu-tools-for-stm32.13.3.rel1.win32_1.0.0.202411081344/tools/bin/../lib/gcc/arm-none-eabi/13.3.1/../../../../arm-none-eabi/lib/thumb/v7e-m+fp/hard\libc_nano.a(libc_a-makebuf.o)
                0x08007cd8                __smakebuf_r
 .text._fstat_r
                0x08007d50       0x24 H:/MikroKontroler/STM32CubeIDE_1.19.0/STM32CubeIDE/plugins/com.st.stm32cube.ide.mcu.externaltools.gnu-tools-for-stm32.13.3.rel1.win32_1.0.0.202411081344/tools/bin/../lib/gcc/arm-none-eabi/13.3.1/../../../../arm-none-eabi/lib/thumb/v7e-m+fp/hard\libc_nano.a(libc_a-fstatr.o)
                0x08007d50                _fstat_r
 .text._isatty_r
                0x08007d74       0x20 H:/MikroKontroler/STM32CubeIDE_1.19.0/STM32CubeIDE/plugins/com.st.stm32cube.ide.mcu.externaltools.gnu-tools-for-stm32.13.3.rel1.win32_1.0.0.202411081344/tools/bin/../lib/gcc/arm-none-eabi/13.3.1/../../../../arm-none-eabi/lib/thumb/v7e-m+fp/hard\libc_nano.a(libc_a-isattyr.o)
                0x08007d74                _isatty_r
 .text._sbrk_r  0x08007d94       0x20 H:/MikroKontroler/STM32CubeIDE_1.19.0/STM32CubeIDE/plugins/com.st.stm32cube.ide.mcu.externaltools.gnu-tools-for-stm32.13.3.rel1.win32_1.0.0.202411081344/tools/bin/../lib/gcc/arm-none-eabi/13.3.1/../../../../arm-none-eabi/lib/thumb/v7e-m+fp/hard\libc_nano.a(libc_a-sbrkr.o)
                0x08007d94                _sbrk_r
 *(.glue_7)
 .glue_7        0x08007db4        0x0 linker stubs
 *(.glue_7t)
 .glue_7t       0x08007db4        0x0 linker stubs
 *(.eh_frame)
 .eh_frame      0x08007db4        0x0 H:/MikroKontroler/STM32CubeIDE_1.19.0/STM32CubeIDE/plugins/com.st.stm32cube.ide.mcu.externaltools.gnu-tools-for-stm32.13.3.rel1.win32_1.0.0.202411081344/tools/bin/../lib/gcc/arm-none-eabi/13.3.1/thumb/v7e-m+fp/hard/crtbegin.o
 *(.init)
 .init          0x08007db4        0x4 H:/MikroKontroler/STM32CubeIDE_1.19.0/STM32CubeIDE/plugins/com.st.stm32cube.ide.mcu.externaltools.gnu-tools-for-stm32.13.3.rel1.win32_1.0.0.202411081344/tools/bin/../lib/gcc/arm-none-eabi/13.3.1/thumb/v7e-m+fp/hard/crti.o
                0x08007db4                _init
 .init          0x08007db8        0x8 H:/MikroKontroler/STM32CubeIDE_1.19.0/STM32CubeIDE/plugins/com.st.stm32cube.ide.mcu.externaltools.gnu-tools-for-stm32.13.3.rel1.win32_1.0.0.202411081344/tools/bin/../lib/gcc/arm-none-eabi/13.3.1/thumb/v7e-m+fp/hard/crtn.o
 *(.fini)
 .fini          0x08007dc0        0x4 H:/MikroKontroler/STM32CubeIDE_1.19.0/STM32CubeIDE/plugins/com.st.stm32cube.ide.mcu.externaltools.gnu-tools-for-stm32.13.3.rel1.win32_1.0.0.202411081344/tools/bin/../lib/gcc/arm-none-eabi/13.3.1/thumb/v7e-m+fp/hard/crti.o
                0x08007dc0                _fini
 .fini          0x08007dc4        0x8 H:/MikroKontroler/STM32CubeIDE_1.19.0/STM32CubeIDE/plugins/com.st.stm32cube.ide.mcu.externaltools.gnu-tools-for-stm32.13.3.rel1.win32_1.0.0.202411081344/tools/bin/../lib/gcc/arm-none-eabi/13.3.1/thumb/v7e-m+fp/hard/crtn.o
                0x08007dcc                        . = ALIGN (0x4)
                0x08007dcc                        _etext = .

.vfp11_veneer   0x08007dcc        0x0
 .vfp11_veneer  0x08007dcc        0x0 linker stubs

.v4_bx          0x08007dcc        0x0
 .v4_bx         0x08007dcc        0x0 linker stubs

.iplt           0x08007dcc        0x0
 .iplt          0x08007dcc        0x0 H:/MikroKontroler/STM32CubeIDE_1.19.0/STM32CubeIDE/plugins/com.st.stm32cube.ide.mcu.externaltools.gnu-tools-for-stm32.13.3.rel1.win32_1.0.0.202411081344/tools/bin/../lib/gcc/arm-none-eabi/13.3.1/thumb/v7e-m+fp/hard/crtbegin.o

.rodata         0x08007dcc       0xe0
                0x08007dcc                        . = ALIGN (0x4)
 *(.rodata)
 .rodata        0x08007dcc       0x64 ./Core/Src/main.o
 *(.rodata*)
 .rodata.AHBPrescTable
                0x08007e30       0x10 ./Core/Src/system_stm32l4xx.o
                0x08007e30                AHBPrescTable
 .rodata.APBPrescTable
                0x08007e40        0x8 ./Core/Src/system_stm32l4xx.o
                0x08007e40                APBPrescTable
 .rodata.MSIRangeTable
                0x08007e48       0x30 ./Core/Src/system_stm32l4xx.o
                0x08007e48                MSIRangeTable
 .rodata._vfprintf_r.str1.1
                0x08007e78       0x33 H:/MikroKontroler/STM32CubeIDE_1.19.0/STM32CubeIDE/plugins/com.st.stm32cube.ide.mcu.externaltools.gnu-tools-for-stm32.13.3.rel1.win32_1.0.0.202411081344/tools/bin/../lib/gcc/arm-none-eabi/13.3.1/../../../../arm-none-eabi/lib/thumb/v7e-m+fp/hard\libc_nano.a(libc_a-nano-vfprintf.o)
                                 0x11 (size before relaxing)
 .rodata._printf_i.str1.1
                0x08007eab       0x22 H:/MikroKontroler/STM32CubeIDE_1.19.0/STM32CubeIDE/plugins/com.st.stm32cube.ide.mcu.externaltools.gnu-tools-for-stm32.13.3.rel1.win32_1.0.0.202411081344/tools/bin/../lib/gcc/arm-none-eabi/13.3.1/../../../../arm-none-eabi/lib/thumb/v7e-m+fp/hard\libc_nano.a(libc_a-nano-vfprintf_i.o)
                0x08007ed0                        . = ALIGN (0x4)
 *fill*         0x08007eab        0x1 

.ARM.extab      0x08007eac        0x0
                0x08007eac                        . = ALIGN (0x4)
 *(.ARM.extab* .gnu.linkonce.armextab.*)
                0x08007eac                        . = ALIGN (0x4)

.ARM            0x08007eac        0x8
                0x08007eac                        . = ALIGN (0x4)
                0x08007eac                        __exidx_start = .
 *(.ARM.exidx*)
 .ARM.exidx     0x08007eac        0x8 H:/MikroKontroler/STM32CubeIDE_1.19.0/STM32CubeIDE/plugins/com.st.stm32cube.ide.mcu.externaltools.gnu-tools-for-stm32.13.3.rel1.win32_1.0.0.202411081344/tools/bin/../lib/gcc/arm-none-eabi/13.3.1/../../../../arm-none-eabi/lib/thumb/v7e-m+fp/hard\libc_nano.a(libc_a-memchr.o)
 .ARM.exidx     0x08007eb4        0x0 H:/MikroKontroler/STM32CubeIDE_1.19.0/STM32CubeIDE/plugins/com.st.stm32cube.ide.mcu.externaltools.gnu-tools-for-stm32.13.3.rel1.win32_1.0.0.202411081344/tools/bin/../lib/gcc/arm-none-eabi/13.3.1/thumb/v7e-m+fp/hard\libgcc.a(_udivmoddi4.o)
                                  0x8 (size before relaxing)
                0x08007eb4                        __exidx_end = .
                0x08007eb4                        . = ALIGN (0x4)

.preinit_array  0x08007eb4        0x0
                0x08007eb4                        . = ALIGN (0x4)
                0x08007eb4                        PROVIDE (__preinit_array_start = .)
 *(.preinit_array*)
                0x08007eb4                        PROVIDE (__preinit_array_end = .)
                0x08007eb4                        . = ALIGN (0x4)

.init_array     0x08007eb4        0x4
                0x08007eb4                        . = ALIGN (0x4)
                0x08007eb4                        PROVIDE (__init_array_start = .)
 *(SORT_BY_NAME(.init_array.*))
 *(.init_array*)
 .init_array    0x08007eb4        0x4 H:/MikroKontroler/STM32CubeIDE_1.19.0/STM32CubeIDE/plugins/com.st.stm32cube.ide.mcu.externaltools.gnu-tools-for-stm32.13.3.rel1.win32_1.0.0.202411081344/tools/bin/../lib/gcc/arm-none-eabi/13.3.1/thumb/v7e-m+fp/hard/crtbegin.o
                0x08007eb8                        PROVIDE (__init_array_end = .)
                0x08007eb8                        . = ALIGN (0x4)

.fini_array     0x08007eb8        0x4
                0x08007eb8                        . = ALIGN (0x4)
                [!provide]                        PROVIDE (__fini_array_start = .)
 *(SORT_BY_NAME(.fini_array.*))
 *(.fini_array*)
 .fini_array    0x08007eb8        0x4 H:/MikroKontroler/STM32CubeIDE_1.19.0/STM32CubeIDE/plugins/com.st.stm32cube.ide.mcu.externaltools.gnu-tools-for-stm32.13.3.rel1.win32_1.0.0.202411081344/tools/bin/../lib/gcc/arm-none-eabi/13.3.1/thumb/v7e-m+fp/hard/crtbegin.o
                [!provide]                        PROVIDE (__fini_array_end = .)
                0x08007ebc                        . = ALIGN (0x4)
                0x08007ebc                        _sidata = LOADADDR (.data)

.rel.dyn        0x08007ebc        0x0
 .rel.iplt      0x08007ebc        0x0 H:/MikroKontroler/STM32CubeIDE_1.19.0/STM32CubeIDE/plugins/com.st.stm32cube.ide.mcu.externaltools.gnu-tools-for-stm32.13.3.rel1.win32_1.0.0.202411081344/tools/bin/../lib/gcc/arm-none-eabi/13.3.1/thumb/v7e-m+fp/hard/crtbegin.o

.data           0x20000000       0x70 load address 0x08007ebc
                0x20000000                        . = ALIGN (0x4)
                0x20000000                        _sdata = .
 *(.data)
 *(.data*)
 .data.xPos     0x20000000        0x4 ./Core/Src/main.o
                0x20000000                xPos
 .data.yPos     0x20000004        0x4 ./Core/Src/main.o
                0x20000004                yPos
 .data.SystemCoreClock
                0x20000008        0x4 ./Core/Src/system_stm32l4xx.o
                0x20000008                SystemCoreClock
 .data.uwTickPrio
                0x2000000c        0x4 ./Drivers/STM32L4xx_HAL_Driver/Src/stm32l4xx_hal.o
                0x2000000c                uwTickPrio
 .data.uwTickFreq
                0x20000010        0x1 ./Drivers/STM32L4xx_HAL_Driver/Src/stm32l4xx_hal.o
                0x20000010                uwTickFreq
 *fill*         0x20000011        0x3 
 .data.__sglue  0x20000014        0xc H:/MikroKontroler/STM32CubeIDE_1.19.0/STM32CubeIDE/plugins/com.st.stm32cube.ide.mcu.externaltools.gnu-tools-for-stm32.13.3.rel1.win32_1.0.0.202411081344/tools/bin/../lib/gcc/arm-none-eabi/13.3.1/../../../../arm-none-eabi/lib/thumb/v7e-m+fp/hard\libc_nano.a(libc_a-findfp.o)
                0x20000014                __sglue
 .data._impure_ptr
                0x20000020        0x4 H:/MikroKontroler/STM32CubeIDE_1.19.0/STM32CubeIDE/plugins/com.st.stm32cube.ide.mcu.externaltools.gnu-tools-for-stm32.13.3.rel1.win32_1.0.0.202411081344/tools/bin/../lib/gcc/arm-none-eabi/13.3.1/../../../../arm-none-eabi/lib/thumb/v7e-m+fp/hard\libc_nano.a(libc_a-impure.o)
                0x20000020                _impure_ptr
 .data._impure_data
                0x20000024       0x4c H:/MikroKontroler/STM32CubeIDE_1.19.0/STM32CubeIDE/plugins/com.st.stm32cube.ide.mcu.externaltools.gnu-tools-for-stm32.13.3.rel1.win32_1.0.0.202411081344/tools/bin/../lib/gcc/arm-none-eabi/13.3.1/../../../../arm-none-eabi/lib/thumb/v7e-m+fp/hard\libc_nano.a(libc_a-impure.o)
                0x20000024                _impure_data
 *(.RamFunc)
 *(.RamFunc*)
                0x20000070                        . = ALIGN (0x4)
                0x20000070                        _edata = .

.igot.plt       0x20000070        0x0 load address 0x08007f2c
 .igot.plt      0x20000070        0x0 H:/MikroKontroler/STM32CubeIDE_1.19.0/STM32CubeIDE/plugins/com.st.stm32cube.ide.mcu.externaltools.gnu-tools-for-stm32.13.3.rel1.win32_1.0.0.202411081344/tools/bin/../lib/gcc/arm-none-eabi/13.3.1/thumb/v7e-m+fp/hard/crtbegin.o
                0x20000070                        . = ALIGN (0x4)

.bss            0x20000070     0x26cc load address 0x08007f2c
                0x20000070                        _sbss = .
                0x20000070                        __bss_start__ = _sbss
 *(.bss)
 .bss           0x20000070       0x1c H:/MikroKontroler/STM32CubeIDE_1.19.0/STM32CubeIDE/plugins/com.st.stm32cube.ide.mcu.externaltools.gnu-tools-for-stm32.13.3.rel1.win32_1.0.0.202411081344/tools/bin/../lib/gcc/arm-none-eabi/13.3.1/thumb/v7e-m+fp/hard/crtbegin.o
 *(.bss*)
 .bss.Accel_X_RAW
                0x2000008c        0x2 ./Core/Src/MPU6050.o
                0x2000008c                Accel_X_RAW
 .bss.Accel_Y_RAW
                0x2000008e        0x2 ./Core/Src/MPU6050.o
                0x2000008e                Accel_Y_RAW
 .bss.Accel_Z_RAW
                0x20000090        0x2 ./Core/Src/MPU6050.o
                0x20000090                Accel_Z_RAW
 *fill*         0x20000092        0x2 
 .bss.hi2c1     0x20000094       0x54 ./Core/Src/main.o
                0x20000094                hi2c1
 .bss.hspi2     0x200000e8       0x64 ./Core/Src/main.o
                0x200000e8                hspi2
 .bss.huart2    0x2000014c       0x88 ./Core/Src/main.o
                0x2000014c                huart2
 .bss.maze      0x200001d4     0x2000 ./Core/Src/main.o
                0x200001d4                maze
 .bss.rx_byte   0x200021d4        0x1 ./Core/Src/main.o
                0x200021d4                rx_byte
 *fill*         0x200021d5        0x3 
 .bss.index     0x200021d8        0x4 ./Core/Src/main.o
                0x200021d8                index
 .bss.receiving
                0x200021dc        0x1 ./Core/Src/main.o
                0x200021dc                receiving
 *fill*         0x200021dd        0x3 
 .bss.SSD1306_Buffer
                0x200021e0      0x400 ./Core/Src/ssd1306.o
 .bss.SSD1306   0x200025e0        0x6 ./Core/Src/ssd1306.o
 *fill*         0x200025e6        0x2 
 .bss.__sbrk_heap_end
                0x200025e8        0x4 ./Core/Src/sysmem.o
 .bss.uwTick    0x200025ec        0x4 ./Drivers/STM32L4xx_HAL_Driver/Src/stm32l4xx_hal.o
                0x200025ec                uwTick
 .bss.__sf      0x200025f0      0x138 H:/MikroKontroler/STM32CubeIDE_1.19.0/STM32CubeIDE/plugins/com.st.stm32cube.ide.mcu.externaltools.gnu-tools-for-stm32.13.3.rel1.win32_1.0.0.202411081344/tools/bin/../lib/gcc/arm-none-eabi/13.3.1/../../../../arm-none-eabi/lib/thumb/v7e-m+fp/hard\libc_nano.a(libc_a-findfp.o)
                0x200025f0                __sf
 .bss.__stdio_exit_handler
                0x20002728        0x4 H:/MikroKontroler/STM32CubeIDE_1.19.0/STM32CubeIDE/plugins/com.st.stm32cube.ide.mcu.externaltools.gnu-tools-for-stm32.13.3.rel1.win32_1.0.0.202411081344/tools/bin/../lib/gcc/arm-none-eabi/13.3.1/../../../../arm-none-eabi/lib/thumb/v7e-m+fp/hard\libc_nano.a(libc_a-findfp.o)
                0x20002728                __stdio_exit_handler
 .bss.errno     0x2000272c        0x4 H:/MikroKontroler/STM32CubeIDE_1.19.0/STM32CubeIDE/plugins/com.st.stm32cube.ide.mcu.externaltools.gnu-tools-for-stm32.13.3.rel1.win32_1.0.0.202411081344/tools/bin/../lib/gcc/arm-none-eabi/13.3.1/../../../../arm-none-eabi/lib/thumb/v7e-m+fp/hard\libc_nano.a(libc_a-reent.o)
                0x2000272c                errno
 .bss.__lock___malloc_recursive_mutex
                0x20002730        0x1 H:/MikroKontroler/STM32CubeIDE_1.19.0/STM32CubeIDE/plugins/com.st.stm32cube.ide.mcu.externaltools.gnu-tools-for-stm32.13.3.rel1.win32_1.0.0.202411081344/tools/bin/../lib/gcc/arm-none-eabi/13.3.1/../../../../arm-none-eabi/lib/thumb/v7e-m+fp/hard\libc_nano.a(libc_a-lock.o)
                0x20002730                __lock___malloc_recursive_mutex
 .bss.__lock___sfp_recursive_mutex
                0x20002731        0x1 H:/MikroKontroler/STM32CubeIDE_1.19.0/STM32CubeIDE/plugins/com.st.stm32cube.ide.mcu.externaltools.gnu-tools-for-stm32.13.3.rel1.win32_1.0.0.202411081344/tools/bin/../lib/gcc/arm-none-eabi/13.3.1/../../../../arm-none-eabi/lib/thumb/v7e-m+fp/hard\libc_nano.a(libc_a-lock.o)
                0x20002731                __lock___sfp_recursive_mutex
 *fill*         0x20002732        0x2 
 .bss.__malloc_sbrk_start
                0x20002734        0x4 H:/MikroKontroler/STM32CubeIDE_1.19.0/STM32CubeIDE/plugins/com.st.stm32cube.ide.mcu.externaltools.gnu-tools-for-stm32.13.3.rel1.win32_1.0.0.202411081344/tools/bin/../lib/gcc/arm-none-eabi/13.3.1/../../../../arm-none-eabi/lib/thumb/v7e-m+fp/hard\libc_nano.a(libc_a-mallocr.o)
                0x20002734                __malloc_sbrk_start
 .bss.__malloc_free_list
                0x20002738        0x4 H:/MikroKontroler/STM32CubeIDE_1.19.0/STM32CubeIDE/plugins/com.st.stm32cube.ide.mcu.externaltools.gnu-tools-for-stm32.13.3.rel1.win32_1.0.0.202411081344/tools/bin/../lib/gcc/arm-none-eabi/13.3.1/../../../../arm-none-eabi/lib/thumb/v7e-m+fp/hard\libc_nano.a(libc_a-mallocr.o)
                0x20002738                __malloc_free_list
 *(COMMON)
                0x2000273c                        . = ALIGN (0x4)
                0x2000273c                        _ebss = .
                0x2000273c                        __bss_end__ = _ebss

._user_heap_stack
                0x2000273c      0x604 load address 0x08007f2c
                0x20002740                        . = ALIGN (0x8)
 *fill*         0x2000273c        0x4 
                [!provide]                        PROVIDE (end = .)
                0x20002740                        PROVIDE (_end = .)
                0x20002940                        . = (. + _Min_Heap_Size)
 *fill*         0x20002740      0x200 
                0x20002d40                        . = (. + _Min_Stack_Size)
 *fill*         0x20002940      0x400 
                0x20002d40                        . = ALIGN (0x8)

/DISCARD/
 libc.a(*)
 libm.a(*)
 libgcc.a(*)

.ARM.attributes
                0x00000000       0x30
 *(.ARM.attributes)
 .ARM.attributes
                0x00000000       0x22 H:/MikroKontroler/STM32CubeIDE_1.19.0/STM32CubeIDE/plugins/com.st.stm32cube.ide.mcu.externaltools.gnu-tools-for-stm32.13.3.rel1.win32_1.0.0.202411081344/tools/bin/../lib/gcc/arm-none-eabi/13.3.1/thumb/v7e-m+fp/hard/crti.o
 .ARM.attributes
                0x00000022       0x34 H:/MikroKontroler/STM32CubeIDE_1.19.0/STM32CubeIDE/plugins/com.st.stm32cube.ide.mcu.externaltools.gnu-tools-for-stm32.13.3.rel1.win32_1.0.0.202411081344/tools/bin/../lib/gcc/arm-none-eabi/13.3.1/thumb/v7e-m+fp/hard/crtbegin.o
 .ARM.attributes
                0x00000056       0x34 ./Core/Src/MPU6050.o
 .ARM.attributes
                0x0000008a       0x34 ./Core/Src/main.o
 .ARM.attributes
                0x000000be       0x34 ./Core/Src/ssd1306.o
 .ARM.attributes
                0x000000f2       0x34 ./Core/Src/stm32l4xx_hal_msp.o
 .ARM.attributes
                0x00000126       0x34 ./Core/Src/stm32l4xx_it.o
 .ARM.attributes
                0x0000015a       0x34 ./Core/Src/syscalls.o
 .ARM.attributes
                0x0000018e       0x34 ./Core/Src/sysmem.o
 .ARM.attributes
                0x000001c2       0x34 ./Core/Src/system_stm32l4xx.o
 .ARM.attributes
                0x000001f6       0x21 ./Core/Startup/startup_stm32l476rgtx.o
 .ARM.attributes
                0x00000217       0x34 ./Drivers/STM32L4xx_HAL_Driver/Src/stm32l4xx_hal.o
 .ARM.attributes
                0x0000024b       0x34 ./Drivers/STM32L4xx_HAL_Driver/Src/stm32l4xx_hal_cortex.o
 .ARM.attributes
                0x0000027f       0x34 ./Drivers/STM32L4xx_HAL_Driver/Src/stm32l4xx_hal_dma.o
 .ARM.attributes
                0x000002b3       0x34 ./Drivers/STM32L4xx_HAL_Driver/Src/stm32l4xx_hal_gpio.o
 .ARM.attributes
                0x000002e7       0x34 ./Drivers/STM32L4xx_HAL_Driver/Src/stm32l4xx_hal_i2c.o
 .ARM.attributes
                0x0000031b       0x34 ./Drivers/STM32L4xx_HAL_Driver/Src/stm32l4xx_hal_i2c_ex.o
 .ARM.attributes
                0x0000034f       0x34 ./Drivers/STM32L4xx_HAL_Driver/Src/stm32l4xx_hal_pwr_ex.o
 .ARM.attributes
                0x00000383       0x34 ./Drivers/STM32L4xx_HAL_Driver/Src/stm32l4xx_hal_rcc.o
 .ARM.attributes
                0x000003b7       0x34 ./Drivers/STM32L4xx_HAL_Driver/Src/stm32l4xx_hal_rcc_ex.o
 .ARM.attributes
                0x000003eb       0x34 ./Drivers/STM32L4xx_HAL_Driver/Src/stm32l4xx_hal_spi.o
 .ARM.attributes
                0x0000041f       0x34 ./Drivers/STM32L4xx_HAL_Driver/Src/stm32l4xx_hal_uart.o
 .ARM.attributes
                0x00000453       0x34 ./Drivers/STM32L4xx_HAL_Driver/Src/stm32l4xx_hal_uart_ex.o
 .ARM.attributes
                0x00000487       0x34 H:/MikroKontroler/STM32CubeIDE_1.19.0/STM32CubeIDE/plugins/com.st.stm32cube.ide.mcu.externaltools.gnu-tools-for-stm32.13.3.rel1.win32_1.0.0.202411081344/tools/bin/../lib/gcc/arm-none-eabi/13.3.1/../../../../arm-none-eabi/lib/thumb/v7e-m+fp/hard\libc_nano.a(libc_a-findfp.o)
 .ARM.attributes
                0x000004bb       0x34 H:/MikroKontroler/STM32CubeIDE_1.19.0/STM32CubeIDE/plugins/com.st.stm32cube.ide.mcu.externaltools.gnu-tools-for-stm32.13.3.rel1.win32_1.0.0.202411081344/tools/bin/../lib/gcc/arm-none-eabi/13.3.1/../../../../arm-none-eabi/lib/thumb/v7e-m+fp/hard\libc_nano.a(libc_a-fwalk.o)
 .ARM.attributes
                0x000004ef       0x34 H:/MikroKontroler/STM32CubeIDE_1.19.0/STM32CubeIDE/plugins/com.st.stm32cube.ide.mcu.externaltools.gnu-tools-for-stm32.13.3.rel1.win32_1.0.0.202411081344/tools/bin/../lib/gcc/arm-none-eabi/13.3.1/../../../../arm-none-eabi/lib/thumb/v7e-m+fp/hard\libc_nano.a(libc_a-printf.o)
 .ARM.attributes
                0x00000523       0x34 H:/MikroKontroler/STM32CubeIDE_1.19.0/STM32CubeIDE/plugins/com.st.stm32cube.ide.mcu.externaltools.gnu-tools-for-stm32.13.3.rel1.win32_1.0.0.202411081344/tools/bin/../lib/gcc/arm-none-eabi/13.3.1/../../../../arm-none-eabi/lib/thumb/v7e-m+fp/hard\libc_nano.a(libc_a-puts.o)
 .ARM.attributes
                0x00000557       0x34 H:/MikroKontroler/STM32CubeIDE_1.19.0/STM32CubeIDE/plugins/com.st.stm32cube.ide.mcu.externaltools.gnu-tools-for-stm32.13.3.rel1.win32_1.0.0.202411081344/tools/bin/../lib/gcc/arm-none-eabi/13.3.1/../../../../arm-none-eabi/lib/thumb/v7e-m+fp/hard\libc_nano.a(libc_a-stdio.o)
 .ARM.attributes
                0x0000058b       0x34 H:/MikroKontroler/STM32CubeIDE_1.19.0/STM32CubeIDE/plugins/com.st.stm32cube.ide.mcu.externaltools.gnu-tools-for-stm32.13.3.rel1.win32_1.0.0.202411081344/tools/bin/../lib/gcc/arm-none-eabi/13.3.1/../../../../arm-none-eabi/lib/thumb/v7e-m+fp/hard\libc_nano.a(libc_a-wbuf.o)
 .ARM.attributes
                0x000005bf       0x34 H:/MikroKontroler/STM32CubeIDE_1.19.0/STM32CubeIDE/plugins/com.st.stm32cube.ide.mcu.externaltools.gnu-tools-for-stm32.13.3.rel1.win32_1.0.0.202411081344/tools/bin/../lib/gcc/arm-none-eabi/13.3.1/../../../../arm-none-eabi/lib/thumb/v7e-m+fp/hard\libc_nano.a(libc_a-wsetup.o)
 .ARM.attributes
                0x000005f3       0x34 H:/MikroKontroler/STM32CubeIDE_1.19.0/STM32CubeIDE/plugins/com.st.stm32cube.ide.mcu.externaltools.gnu-tools-for-stm32.13.3.rel1.win32_1.0.0.202411081344/tools/bin/../lib/gcc/arm-none-eabi/13.3.1/../../../../arm-none-eabi/lib/thumb/v7e-m+fp/hard\libc_nano.a(libc_a-memset.o)
 .ARM.attributes
                0x00000627       0x34 H:/MikroKontroler/STM32CubeIDE_1.19.0/STM32CubeIDE/plugins/com.st.stm32cube.ide.mcu.externaltools.gnu-tools-for-stm32.13.3.rel1.win32_1.0.0.202411081344/tools/bin/../lib/gcc/arm-none-eabi/13.3.1/../../../../arm-none-eabi/lib/thumb/v7e-m+fp/hard\libc_nano.a(libc_a-closer.o)
 .ARM.attributes
                0x0000065b       0x34 H:/MikroKontroler/STM32CubeIDE_1.19.0/STM32CubeIDE/plugins/com.st.stm32cube.ide.mcu.externaltools.gnu-tools-for-stm32.13.3.rel1.win32_1.0.0.202411081344/tools/bin/../lib/gcc/arm-none-eabi/13.3.1/../../../../arm-none-eabi/lib/thumb/v7e-m+fp/hard\libc_nano.a(libc_a-reent.o)
 .ARM.attributes
                0x0000068f       0x34 H:/MikroKontroler/STM32CubeIDE_1.19.0/STM32CubeIDE/plugins/com.st.stm32cube.ide.mcu.externaltools.gnu-tools-for-stm32.13.3.rel1.win32_1.0.0.202411081344/tools/bin/../lib/gcc/arm-none-eabi/13.3.1/../../../../arm-none-eabi/lib/thumb/v7e-m+fp/hard\libc_nano.a(libc_a-impure.o)
 .ARM.attributes
                0x000006c3       0x34 H:/MikroKontroler/STM32CubeIDE_1.19.0/STM32CubeIDE/plugins/com.st.stm32cube.ide.mcu.externaltools.gnu-tools-for-stm32.13.3.rel1.win32_1.0.0.202411081344/tools/bin/../lib/gcc/arm-none-eabi/13.3.1/../../../../arm-none-eabi/lib/thumb/v7e-m+fp/hard\libc_nano.a(libc_a-lseekr.o)
 .ARM.attributes
                0x000006f7       0x34 H:/MikroKontroler/STM32CubeIDE_1.19.0/STM32CubeIDE/plugins/com.st.stm32cube.ide.mcu.externaltools.gnu-tools-for-stm32.13.3.rel1.win32_1.0.0.202411081344/tools/bin/../lib/gcc/arm-none-eabi/13.3.1/../../../../arm-none-eabi/lib/thumb/v7e-m+fp/hard\libc_nano.a(libc_a-readr.o)
 .ARM.attributes
                0x0000072b       0x34 H:/MikroKontroler/STM32CubeIDE_1.19.0/STM32CubeIDE/plugins/com.st.stm32cube.ide.mcu.externaltools.gnu-tools-for-stm32.13.3.rel1.win32_1.0.0.202411081344/tools/bin/../lib/gcc/arm-none-eabi/13.3.1/../../../../arm-none-eabi/lib/thumb/v7e-m+fp/hard\libc_nano.a(libc_a-writer.o)
 .ARM.attributes
                0x0000075f       0x34 H:/MikroKontroler/STM32CubeIDE_1.19.0/STM32CubeIDE/plugins/com.st.stm32cube.ide.mcu.externaltools.gnu-tools-for-stm32.13.3.rel1.win32_1.0.0.202411081344/tools/bin/../lib/gcc/arm-none-eabi/13.3.1/../../../../arm-none-eabi/lib/thumb/v7e-m+fp/hard\libc_nano.a(libc_a-errno.o)
 .ARM.attributes
                0x00000793       0x34 H:/MikroKontroler/STM32CubeIDE_1.19.0/STM32CubeIDE/plugins/com.st.stm32cube.ide.mcu.externaltools.gnu-tools-for-stm32.13.3.rel1.win32_1.0.0.202411081344/tools/bin/../lib/gcc/arm-none-eabi/13.3.1/../../../../arm-none-eabi/lib/thumb/v7e-m+fp/hard\libc_nano.a(libc_a-init.o)
 .ARM.attributes
                0x000007c7       0x34 H:/MikroKontroler/STM32CubeIDE_1.19.0/STM32CubeIDE/plugins/com.st.stm32cube.ide.mcu.externaltools.gnu-tools-for-stm32.13.3.rel1.win32_1.0.0.202411081344/tools/bin/../lib/gcc/arm-none-eabi/13.3.1/../../../../arm-none-eabi/lib/thumb/v7e-m+fp/hard\libc_nano.a(libc_a-lock.o)
 .ARM.attributes
                0x000007fb       0x34 H:/MikroKontroler/STM32CubeIDE_1.19.0/STM32CubeIDE/plugins/com.st.stm32cube.ide.mcu.externaltools.gnu-tools-for-stm32.13.3.rel1.win32_1.0.0.202411081344/tools/bin/../lib/gcc/arm-none-eabi/13.3.1/../../../../arm-none-eabi/lib/thumb/v7e-m+fp/hard\libc_nano.a(libc_a-freer.o)
 .ARM.attributes
                0x0000082f       0x34 H:/MikroKontroler/STM32CubeIDE_1.19.0/STM32CubeIDE/plugins/com.st.stm32cube.ide.mcu.externaltools.gnu-tools-for-stm32.13.3.rel1.win32_1.0.0.202411081344/tools/bin/../lib/gcc/arm-none-eabi/13.3.1/../../../../arm-none-eabi/lib/thumb/v7e-m+fp/hard\libc_nano.a(libc_a-mallocr.o)
 .ARM.attributes
                0x00000863       0x34 H:/MikroKontroler/STM32CubeIDE_1.19.0/STM32CubeIDE/plugins/com.st.stm32cube.ide.mcu.externaltools.gnu-tools-for-stm32.13.3.rel1.win32_1.0.0.202411081344/tools/bin/../lib/gcc/arm-none-eabi/13.3.1/../../../../arm-none-eabi/lib/thumb/v7e-m+fp/hard\libc_nano.a(libc_a-mlock.o)
 .ARM.attributes
                0x00000897       0x34 H:/MikroKontroler/STM32CubeIDE_1.19.0/STM32CubeIDE/plugins/com.st.stm32cube.ide.mcu.externaltools.gnu-tools-for-stm32.13.3.rel1.win32_1.0.0.202411081344/tools/bin/../lib/gcc/arm-none-eabi/13.3.1/../../../../arm-none-eabi/lib/thumb/v7e-m+fp/hard\libc_nano.a(libc_a-nano-vfprintf.o)
 .ARM.attributes
                0x000008cb       0x34 H:/MikroKontroler/STM32CubeIDE_1.19.0/STM32CubeIDE/plugins/com.st.stm32cube.ide.mcu.externaltools.gnu-tools-for-stm32.13.3.rel1.win32_1.0.0.202411081344/tools/bin/../lib/gcc/arm-none-eabi/13.3.1/../../../../arm-none-eabi/lib/thumb/v7e-m+fp/hard\libc_nano.a(libc_a-nano-vfprintf_i.o)
 .ARM.attributes
                0x000008ff       0x34 H:/MikroKontroler/STM32CubeIDE_1.19.0/STM32CubeIDE/plugins/com.st.stm32cube.ide.mcu.externaltools.gnu-tools-for-stm32.13.3.rel1.win32_1.0.0.202411081344/tools/bin/../lib/gcc/arm-none-eabi/13.3.1/../../../../arm-none-eabi/lib/thumb/v7e-m+fp/hard\libc_nano.a(libc_a-fflush.o)
 .ARM.attributes
                0x00000933       0x34 H:/MikroKontroler/STM32CubeIDE_1.19.0/STM32CubeIDE/plugins/com.st.stm32cube.ide.mcu.externaltools.gnu-tools-for-stm32.13.3.rel1.win32_1.0.0.202411081344/tools/bin/../lib/gcc/arm-none-eabi/13.3.1/../../../../arm-none-eabi/lib/thumb/v7e-m+fp/hard\libc_nano.a(libc_a-makebuf.o)
 .ARM.attributes
                0x00000967       0x34 H:/MikroKontroler/STM32CubeIDE_1.19.0/STM32CubeIDE/plugins/com.st.stm32cube.ide.mcu.externaltools.gnu-tools-for-stm32.13.3.rel1.win32_1.0.0.202411081344/tools/bin/../lib/gcc/arm-none-eabi/13.3.1/../../../../arm-none-eabi/lib/thumb/v7e-m+fp/hard\libc_nano.a(libc_a-fstatr.o)
 .ARM.attributes
                0x0000099b       0x34 H:/MikroKontroler/STM32CubeIDE_1.19.0/STM32CubeIDE/plugins/com.st.stm32cube.ide.mcu.externaltools.gnu-tools-for-stm32.13.3.rel1.win32_1.0.0.202411081344/tools/bin/../lib/gcc/arm-none-eabi/13.3.1/../../../../arm-none-eabi/lib/thumb/v7e-m+fp/hard\libc_nano.a(libc_a-isattyr.o)
 .ARM.attributes
                0x000009cf       0x34 H:/MikroKontroler/STM32CubeIDE_1.19.0/STM32CubeIDE/plugins/com.st.stm32cube.ide.mcu.externaltools.gnu-tools-for-stm32.13.3.rel1.win32_1.0.0.202411081344/tools/bin/../lib/gcc/arm-none-eabi/13.3.1/../../../../arm-none-eabi/lib/thumb/v7e-m+fp/hard\libc_nano.a(libc_a-sbrkr.o)
 .ARM.attributes
                0x00000a03       0x1c H:/MikroKontroler/STM32CubeIDE_1.19.0/STM32CubeIDE/plugins/com.st.stm32cube.ide.mcu.externaltools.gnu-tools-for-stm32.13.3.rel1.win32_1.0.0.202411081344/tools/bin/../lib/gcc/arm-none-eabi/13.3.1/../../../../arm-none-eabi/lib/thumb/v7e-m+fp/hard\libc_nano.a(libc_a-memchr.o)
 .ARM.attributes
                0x00000a1f       0x22 H:/MikroKontroler/STM32CubeIDE_1.19.0/STM32CubeIDE/plugins/com.st.stm32cube.ide.mcu.externaltools.gnu-tools-for-stm32.13.3.rel1.win32_1.0.0.202411081344/tools/bin/../lib/gcc/arm-none-eabi/13.3.1/thumb/v7e-m+fp/hard\libgcc.a(_arm_addsubdf3.o)
 .ARM.attributes
                0x00000a41       0x22 H:/MikroKontroler/STM32CubeIDE_1.19.0/STM32CubeIDE/plugins/com.st.stm32cube.ide.mcu.externaltools.gnu-tools-for-stm32.13.3.rel1.win32_1.0.0.202411081344/tools/bin/../lib/gcc/arm-none-eabi/13.3.1/thumb/v7e-m+fp/hard\libgcc.a(_arm_muldivdf3.o)
 .ARM.attributes
                0x00000a63       0x22 H:/MikroKontroler/STM32CubeIDE_1.19.0/STM32CubeIDE/plugins/com.st.stm32cube.ide.mcu.externaltools.gnu-tools-for-stm32.13.3.rel1.win32_1.0.0.202411081344/tools/bin/../lib/gcc/arm-none-eabi/13.3.1/thumb/v7e-m+fp/hard\libgcc.a(_arm_truncdfsf2.o)
 .ARM.attributes
                0x00000a85       0x22 H:/MikroKontroler/STM32CubeIDE_1.19.0/STM32CubeIDE/plugins/com.st.stm32cube.ide.mcu.externaltools.gnu-tools-for-stm32.13.3.rel1.win32_1.0.0.202411081344/tools/bin/../lib/gcc/arm-none-eabi/13.3.1/thumb/v7e-m+fp/hard\libgcc.a(_aeabi_uldivmod.o)
 .ARM.attributes
                0x00000aa7       0x34 H:/MikroKontroler/STM32CubeIDE_1.19.0/STM32CubeIDE/plugins/com.st.stm32cube.ide.mcu.externaltools.gnu-tools-for-stm32.13.3.rel1.win32_1.0.0.202411081344/tools/bin/../lib/gcc/arm-none-eabi/13.3.1/thumb/v7e-m+fp/hard\libgcc.a(_udivmoddi4.o)
 .ARM.attributes
                0x00000adb       0x22 H:/MikroKontroler/STM32CubeIDE_1.19.0/STM32CubeIDE/plugins/com.st.stm32cube.ide.mcu.externaltools.gnu-tools-for-stm32.13.3.rel1.win32_1.0.0.202411081344/tools/bin/../lib/gcc/arm-none-eabi/13.3.1/thumb/v7e-m+fp/hard\libgcc.a(_dvmd_tls.o)
 .ARM.attributes
                0x00000afd       0x22 H:/MikroKontroler/STM32CubeIDE_1.19.0/STM32CubeIDE/plugins/com.st.stm32cube.ide.mcu.externaltools.gnu-tools-for-stm32.13.3.rel1.win32_1.0.0.202411081344/tools/bin/../lib/gcc/arm-none-eabi/13.3.1/thumb/v7e-m+fp/hard/crtn.o
OUTPUT(Gyroscope labyirnth.elf elf32-littlearm)
LOAD linker stubs
LOAD H:/MikroKontroler/STM32CubeIDE_1.19.0/STM32CubeIDE/plugins/com.st.stm32cube.ide.mcu.externaltools.gnu-tools-for-stm32.13.3.rel1.win32_1.0.0.202411081344/tools/bin/../lib/gcc/arm-none-eabi/13.3.1/../../../../arm-none-eabi/lib/thumb/v7e-m+fp/hard\libc.a
LOAD H:/MikroKontroler/STM32CubeIDE_1.19.0/STM32CubeIDE/plugins/com.st.stm32cube.ide.mcu.externaltools.gnu-tools-for-stm32.13.3.rel1.win32_1.0.0.202411081344/tools/bin/../lib/gcc/arm-none-eabi/13.3.1/../../../../arm-none-eabi/lib/thumb/v7e-m+fp/hard\libm.a
LOAD H:/MikroKontroler/STM32CubeIDE_1.19.0/STM32CubeIDE/plugins/com.st.stm32cube.ide.mcu.externaltools.gnu-tools-for-stm32.13.3.rel1.win32_1.0.0.202411081344/tools/bin/../lib/gcc/arm-none-eabi/13.3.1/thumb/v7e-m+fp/hard\libgcc.a

.debug_info     0x00000000    0x134de
 .debug_info    0x00000000      0x7db ./Core/Src/MPU6050.o
 .debug_info    0x000007db     0x17cb ./Core/Src/main.o
 .debug_info    0x00001fa6     0x132f ./Core/Src/ssd1306.o
 .debug_info    0x000032d5     0x162f ./Core/Src/stm32l4xx_hal_msp.o
 .debug_info    0x00004904      0x71b ./Core/Src/stm32l4xx_it.o
 .debug_info    0x0000501f      0x6a3 ./Core/Src/syscalls.o
 .debug_info    0x000056c2      0x168 ./Core/Src/sysmem.o
 .debug_info    0x0000582a      0x5e2 ./Core/Src/system_stm32l4xx.o
 .debug_info    0x00005e0c       0x30 ./Core/Startup/startup_stm32l476rgtx.o
 .debug_info    0x00005e3c      0xc4d ./Drivers/STM32L4xx_HAL_Driver/Src/stm32l4xx_hal.o
 .debug_info    0x00006a89      0xdad ./Drivers/STM32L4xx_HAL_Driver/Src/stm32l4xx_hal_cortex.o
 .debug_info    0x00007836      0x71a ./Drivers/STM32L4xx_HAL_Driver/Src/stm32l4xx_hal_dma.o
 .debug_info    0x00007f50      0x79f ./Drivers/STM32L4xx_HAL_Driver/Src/stm32l4xx_hal_gpio.o
 .debug_info    0x000086ef     0x20fc ./Drivers/STM32L4xx_HAL_Driver/Src/stm32l4xx_hal_i2c.o
 .debug_info    0x0000a7eb      0x99f ./Drivers/STM32L4xx_HAL_Driver/Src/stm32l4xx_hal_i2c_ex.o
 .debug_info    0x0000b18a      0x9ca ./Drivers/STM32L4xx_HAL_Driver/Src/stm32l4xx_hal_pwr_ex.o
 .debug_info    0x0000bb54      0xc45 ./Drivers/STM32L4xx_HAL_Driver/Src/stm32l4xx_hal_rcc.o
 .debug_info    0x0000c799      0xe58 ./Drivers/STM32L4xx_HAL_Driver/Src/stm32l4xx_hal_rcc_ex.o
 .debug_info    0x0000d5f1     0x1572 ./Drivers/STM32L4xx_HAL_Driver/Src/stm32l4xx_hal_spi.o
 .debug_info    0x0000eb63     0x3b8e ./Drivers/STM32L4xx_HAL_Driver/Src/stm32l4xx_hal_uart.o
 .debug_info    0x000126f1      0xded ./Drivers/STM32L4xx_HAL_Driver/Src/stm32l4xx_hal_uart_ex.o

.debug_abbrev   0x00000000     0x2d25
 .debug_abbrev  0x00000000      0x1bc ./Core/Src/MPU6050.o
 .debug_abbrev  0x000001bc      0x382 ./Core/Src/main.o
 .debug_abbrev  0x0000053e      0x347 ./Core/Src/ssd1306.o
 .debug_abbrev  0x00000885      0x222 ./Core/Src/stm32l4xx_hal_msp.o
 .debug_abbrev  0x00000aa7      0x195 ./Core/Src/stm32l4xx_it.o
 .debug_abbrev  0x00000c3c      0x1b6 ./Core/Src/syscalls.o
 .debug_abbrev  0x00000df2       0xbc ./Core/Src/sysmem.o
 .debug_abbrev  0x00000eae      0x117 ./Core/Src/system_stm32l4xx.o
 .debug_abbrev  0x00000fc5       0x24 ./Core/Startup/startup_stm32l476rgtx.o
 .debug_abbrev  0x00000fe9      0x243 ./Drivers/STM32L4xx_HAL_Driver/Src/stm32l4xx_hal.o
 .debug_abbrev  0x0000122c      0x31c ./Drivers/STM32L4xx_HAL_Driver/Src/stm32l4xx_hal_cortex.o
 .debug_abbrev  0x00001548      0x1fd ./Drivers/STM32L4xx_HAL_Driver/Src/stm32l4xx_hal_dma.o
 .debug_abbrev  0x00001745      0x1d1 ./Drivers/STM32L4xx_HAL_Driver/Src/stm32l4xx_hal_gpio.o
 .debug_abbrev  0x00001916      0x285 ./Drivers/STM32L4xx_HAL_Driver/Src/stm32l4xx_hal_i2c.o
 .debug_abbrev  0x00001b9b      0x1cb ./Drivers/STM32L4xx_HAL_Driver/Src/stm32l4xx_hal_i2c_ex.o
 .debug_abbrev  0x00001d66      0x1f9 ./Drivers/STM32L4xx_HAL_Driver/Src/stm32l4xx_hal_pwr_ex.o
 .debug_abbrev  0x00001f5f      0x2dc ./Drivers/STM32L4xx_HAL_Driver/Src/stm32l4xx_hal_rcc.o
 .debug_abbrev  0x0000223b      0x2a5 ./Drivers/STM32L4xx_HAL_Driver/Src/stm32l4xx_hal_rcc_ex.o
 .debug_abbrev  0x000024e0      0x282 ./Drivers/STM32L4xx_HAL_Driver/Src/stm32l4xx_hal_spi.o
 .debug_abbrev  0x00002762      0x2f3 ./Drivers/STM32L4xx_HAL_Driver/Src/stm32l4xx_hal_uart.o
 .debug_abbrev  0x00002a55      0x2d0 ./Drivers/STM32L4xx_HAL_Driver/Src/stm32l4xx_hal_uart_ex.o

.debug_aranges  0x00000000     0x10c0
 .debug_aranges
                0x00000000       0x30 ./Core/Src/MPU6050.o
 .debug_aranges
                0x00000030       0x90 ./Core/Src/main.o
 .debug_aranges
                0x000000c0       0xe8 ./Core/Src/ssd1306.o
 .debug_aranges
                0x000001a8       0x50 ./Core/Src/stm32l4xx_hal_msp.o
 .debug_aranges
                0x000001f8       0x68 ./Core/Src/stm32l4xx_it.o
 .debug_aranges
                0x00000260       0xa8 ./Core/Src/syscalls.o
 .debug_aranges
                0x00000308       0x20 ./Core/Src/sysmem.o
 .debug_aranges
                0x00000328       0x28 ./Core/Src/system_stm32l4xx.o
 .debug_aranges
                0x00000350       0x28 ./Core/Startup/startup_stm32l476rgtx.o
 .debug_aranges
                0x00000378      0x130 ./Drivers/STM32L4xx_HAL_Driver/Src/stm32l4xx_hal.o
 .debug_aranges
                0x000004a8      0x128 ./Drivers/STM32L4xx_HAL_Driver/Src/stm32l4xx_hal_cortex.o
 .debug_aranges
                0x000005d0       0x80 ./Drivers/STM32L4xx_HAL_Driver/Src/stm32l4xx_hal_dma.o
 .debug_aranges
                0x00000650       0x58 ./Drivers/STM32L4xx_HAL_Driver/Src/stm32l4xx_hal_gpio.o
 .debug_aranges
                0x000006a8      0x2a0 ./Drivers/STM32L4xx_HAL_Driver/Src/stm32l4xx_hal_i2c.o
 .debug_aranges
                0x00000948       0x48 ./Drivers/STM32L4xx_HAL_Driver/Src/stm32l4xx_hal_i2c_ex.o
 .debug_aranges
                0x00000990      0x160 ./Drivers/STM32L4xx_HAL_Driver/Src/stm32l4xx_hal_pwr_ex.o
 .debug_aranges
                0x00000af0       0x90 ./Drivers/STM32L4xx_HAL_Driver/Src/stm32l4xx_hal_rcc.o
 .debug_aranges
                0x00000b80       0xc0 ./Drivers/STM32L4xx_HAL_Driver/Src/stm32l4xx_hal_rcc_ex.o
 .debug_aranges
                0x00000c40      0x1d8 ./Drivers/STM32L4xx_HAL_Driver/Src/stm32l4xx_hal_spi.o
 .debug_aranges
                0x00000e18      0x228 ./Drivers/STM32L4xx_HAL_Driver/Src/stm32l4xx_hal_uart.o
 .debug_aranges
                0x00001040       0x80 ./Drivers/STM32L4xx_HAL_Driver/Src/stm32l4xx_hal_uart_ex.o

.debug_rnglists
                0x00000000      0xcff
 .debug_rnglists
                0x00000000       0x22 ./Core/Src/MPU6050.o
 .debug_rnglists
                0x00000022       0x70 ./Core/Src/main.o
 .debug_rnglists
                0x00000092       0xb4 ./Core/Src/ssd1306.o
 .debug_rnglists
                0x00000146       0x3a ./Core/Src/stm32l4xx_hal_msp.o
 .debug_rnglists
                0x00000180       0x49 ./Core/Src/stm32l4xx_it.o
 .debug_rnglists
                0x000001c9       0x79 ./Core/Src/syscalls.o
 .debug_rnglists
                0x00000242       0x13 ./Core/Src/sysmem.o
 .debug_rnglists
                0x00000255       0x1a ./Core/Src/system_stm32l4xx.o
 .debug_rnglists
                0x0000026f       0x19 ./Core/Startup/startup_stm32l476rgtx.o
 .debug_rnglists
                0x00000288       0xdf ./Drivers/STM32L4xx_HAL_Driver/Src/stm32l4xx_hal.o
 .debug_rnglists
                0x00000367       0xda ./Drivers/STM32L4xx_HAL_Driver/Src/stm32l4xx_hal_cortex.o
 .debug_rnglists
                0x00000441       0x65 ./Drivers/STM32L4xx_HAL_Driver/Src/stm32l4xx_hal_dma.o
 .debug_rnglists
                0x000004a6       0x3f ./Drivers/STM32L4xx_HAL_Driver/Src/stm32l4xx_hal_gpio.o
 .debug_rnglists
                0x000004e5      0x228 ./Drivers/STM32L4xx_HAL_Driver/Src/stm32l4xx_hal_i2c.o
 .debug_rnglists
                0x0000070d       0x35 ./Drivers/STM32L4xx_HAL_Driver/Src/stm32l4xx_hal_i2c_ex.o
 .debug_rnglists
                0x00000742      0x109 ./Drivers/STM32L4xx_HAL_Driver/Src/stm32l4xx_hal_pwr_ex.o
 .debug_rnglists
                0x0000084b       0x6d ./Drivers/STM32L4xx_HAL_Driver/Src/stm32l4xx_hal_rcc.o
 .debug_rnglists
                0x000008b8       0x95 ./Drivers/STM32L4xx_HAL_Driver/Src/stm32l4xx_hal_rcc_ex.o
 .debug_rnglists
                0x0000094d      0x178 ./Drivers/STM32L4xx_HAL_Driver/Src/stm32l4xx_hal_spi.o
 .debug_rnglists
                0x00000ac5      0x1da ./Drivers/STM32L4xx_HAL_Driver/Src/stm32l4xx_hal_uart.o
 .debug_rnglists
                0x00000c9f       0x60 ./Drivers/STM32L4xx_HAL_Driver/Src/stm32l4xx_hal_uart_ex.o

.debug_macro    0x00000000    0x283f7
 .debug_macro   0x00000000      0x223 ./Core/Src/MPU6050.o
 .debug_macro   0x00000223      0xad8 ./Core/Src/MPU6050.o
 .debug_macro   0x00000cfb      0x1ad ./Core/Src/MPU6050.o
 .debug_macro   0x00000ea8       0x2e ./Core/Src/MPU6050.o
 .debug_macro   0x00000ed6       0x28 ./Core/Src/MPU6050.o
 .debug_macro   0x00000efe       0x22 ./Core/Src/MPU6050.o
 .debug_macro   0x00000f20       0x8e ./Core/Src/MPU6050.o
 .debug_macro   0x00000fae       0x51 ./Core/Src/MPU6050.o
 .debug_macro   0x00000fff      0x103 ./Core/Src/MPU6050.o
 .debug_macro   0x00001102       0x6a ./Core/Src/MPU6050.o
 .debug_macro   0x0000116c      0x1df ./Core/Src/MPU6050.o
 .debug_macro   0x0000134b       0x1c ./Core/Src/MPU6050.o
 .debug_macro   0x00001367       0x22 ./Core/Src/MPU6050.o
 .debug_macro   0x00001389       0xfb ./Core/Src/MPU6050.o
 .debug_macro   0x00001484     0x1011 ./Core/Src/MPU6050.o
 .debug_macro   0x00002495      0x11f ./Core/Src/MPU6050.o
 .debug_macro   0x000025b4    0x1a192 ./Core/Src/MPU6050.o
 .debug_macro   0x0001c746       0x6d ./Core/Src/MPU6050.o
 .debug_macro   0x0001c7b3     0x38fb ./Core/Src/MPU6050.o
 .debug_macro   0x000200ae      0x190 ./Core/Src/MPU6050.o
 .debug_macro   0x0002023e       0x5c ./Core/Src/MPU6050.o
 .debug_macro   0x0002029a     0x159e ./Core/Src/MPU6050.o
 .debug_macro   0x00021838      0x5a5 ./Core/Src/MPU6050.o
 .debug_macro   0x00021ddd      0x1b9 ./Core/Src/MPU6050.o
 .debug_macro   0x00021f96      0x18b ./Core/Src/MPU6050.o
 .debug_macro   0x00022121      0x2c4 ./Core/Src/MPU6050.o
 .debug_macro   0x000223e5      0x27a ./Core/Src/MPU6050.o
 .debug_macro   0x0002265f      0x23d ./Core/Src/MPU6050.o
 .debug_macro   0x0002289c      0x241 ./Core/Src/MPU6050.o
 .debug_macro   0x00022add      0x37c ./Core/Src/MPU6050.o
 .debug_macro   0x00022e59       0xd6 ./Core/Src/MPU6050.o
 .debug_macro   0x00022f2f      0x22c ./Core/Src/MPU6050.o
 .debug_macro   0x0002315b       0x61 ./Core/Src/MPU6050.o
 .debug_macro   0x000231bc       0xa5 ./Core/Src/MPU6050.o
 .debug_macro   0x00023261      0x122 ./Core/Src/MPU6050.o
 .debug_macro   0x00023383      0x3ef ./Core/Src/MPU6050.o
 .debug_macro   0x00023772      0x2fe ./Core/Src/MPU6050.o
 .debug_macro   0x00023a70      0x5cf ./Core/Src/MPU6050.o
 .debug_macro   0x0002403f       0x44 ./Core/Src/MPU6050.o
 .debug_macro   0x00024083      0x330 ./Core/Src/MPU6050.o
 .debug_macro   0x000243b3      0x359 ./Core/Src/main.o
 .debug_macro   0x0002470c       0x58 ./Core/Src/main.o
 .debug_macro   0x00024764       0x61 ./Core/Src/main.o
 .debug_macro   0x000247c5       0x2a ./Core/Src/main.o
 .debug_macro   0x000247ef       0x43 ./Core/Src/main.o
 .debug_macro   0x00024832       0x34 ./Core/Src/main.o
 .debug_macro   0x00024866       0x16 ./Core/Src/main.o
 .debug_macro   0x0002487c       0x3c ./Core/Src/main.o
 .debug_macro   0x000248b8      0x370 ./Core/Src/main.o
 .debug_macro   0x00024c28       0x10 ./Core/Src/main.o
 .debug_macro   0x00024c38       0x16 ./Core/Src/main.o
 .debug_macro   0x00024c4e       0x4a ./Core/Src/main.o
 .debug_macro   0x00024c98       0x34 ./Core/Src/main.o
 .debug_macro   0x00024ccc       0x10 ./Core/Src/main.o
 .debug_macro   0x00024cdc       0x58 ./Core/Src/main.o
 .debug_macro   0x00024d34       0x8e ./Core/Src/main.o
 .debug_macro   0x00024dc2       0x1c ./Core/Src/main.o
 .debug_macro   0x00024dde      0x185 ./Core/Src/main.o
 .debug_macro   0x00024f63       0x16 ./Core/Src/main.o
 .debug_macro   0x00024f79       0x16 ./Core/Src/main.o
 .debug_macro   0x00024f8f      0x146 ./Core/Src/main.o
 .debug_macro   0x000250d5       0x64 ./Core/Src/main.o
 .debug_macro   0x00025139       0x2e ./Core/Src/main.o
 .debug_macro   0x00025167       0x22 ./Core/Src/main.o
 .debug_macro   0x00025189      0x314 ./Core/Src/ssd1306.o
 .debug_macro   0x0002549d       0x28 ./Core/Src/ssd1306.o
 .debug_macro   0x000254c5      0x19b ./Core/Src/ssd1306.o
 .debug_macro   0x00025660       0x16 ./Core/Src/ssd1306.o
 .debug_macro   0x00025676       0x16 ./Core/Src/ssd1306.o
 .debug_macro   0x0002568c       0x29 ./Core/Src/ssd1306.o
 .debug_macro   0x000256b5       0x16 ./Core/Src/ssd1306.o
 .debug_macro   0x000256cb       0x20 ./Core/Src/ssd1306.o
 .debug_macro   0x000256eb      0x1f8 ./Core/Src/stm32l4xx_hal_msp.o
 .debug_macro   0x000258e3      0x202 ./Core/Src/stm32l4xx_it.o
 .debug_macro   0x00025ae5      0x274 ./Core/Src/syscalls.o
 .debug_macro   0x00025d59       0x10 ./Core/Src/syscalls.o
 .debug_macro   0x00025d69       0x10 ./Core/Src/syscalls.o
 .debug_macro   0x00025d79       0x10 ./Core/Src/syscalls.o
 .debug_macro   0x00025d89       0x10 ./Core/Src/syscalls.o
 .debug_macro   0x00025d99       0x1c ./Core/Src/syscalls.o
 .debug_macro   0x00025db5       0x52 ./Core/Src/syscalls.o
 .debug_macro   0x00025e07       0x22 ./Core/Src/syscalls.o
 .debug_macro   0x00025e29       0x10 ./Core/Src/syscalls.o
 .debug_macro   0x00025e39       0x52 ./Core/Src/syscalls.o
 .debug_macro   0x00025e8b       0xcf ./Core/Src/syscalls.o
 .debug_macro   0x00025f5a       0x1c ./Core/Src/syscalls.o
 .debug_macro   0x00025f76       0x3d ./Core/Src/syscalls.o
 .debug_macro   0x00025fb3       0x35 ./Core/Src/syscalls.o
 .debug_macro   0x00025fe8      0x12c ./Core/Src/syscalls.o
 .debug_macro   0x00026114       0x10 ./Core/Src/syscalls.o
 .debug_macro   0x00026124      0x242 ./Core/Src/syscalls.o
 .debug_macro   0x00026366       0x10 ./Core/Src/syscalls.o
 .debug_macro   0x00026376      0x18a ./Core/Src/syscalls.o
 .debug_macro   0x00026500       0x16 ./Core/Src/syscalls.o
 .debug_macro   0x00026516       0xce ./Core/Src/syscalls.o
 .debug_macro   0x000265e4      0x112 ./Core/Src/sysmem.o
 .debug_macro   0x000266f6      0x23c ./Core/Src/sysmem.o
 .debug_macro   0x00026932      0x1e9 ./Core/Src/system_stm32l4xx.o
 .debug_macro   0x00026b1b      0x237 ./Drivers/STM32L4xx_HAL_Driver/Src/stm32l4xx_hal.o
 .debug_macro   0x00026d52      0x1e9 ./Drivers/STM32L4xx_HAL_Driver/Src/stm32l4xx_hal_cortex.o
 .debug_macro   0x00026f3b      0x1e9 ./Drivers/STM32L4xx_HAL_Driver/Src/stm32l4xx_hal_dma.o
 .debug_macro   0x00027124      0x1f0 ./Drivers/STM32L4xx_HAL_Driver/Src/stm32l4xx_hal_gpio.o
 .debug_macro   0x00027314      0x2b5 ./Drivers/STM32L4xx_HAL_Driver/Src/stm32l4xx_hal_i2c.o
 .debug_macro   0x000275c9      0x1e9 ./Drivers/STM32L4xx_HAL_Driver/Src/stm32l4xx_hal_i2c_ex.o
 .debug_macro   0x000277b2      0x20d ./Drivers/STM32L4xx_HAL_Driver/Src/stm32l4xx_hal_pwr_ex.o
 .debug_macro   0x000279bf      0x22b ./Drivers/STM32L4xx_HAL_Driver/Src/stm32l4xx_hal_rcc.o
 .debug_macro   0x00027bea      0x21f ./Drivers/STM32L4xx_HAL_Driver/Src/stm32l4xx_hal_rcc_ex.o
 .debug_macro   0x00027e09      0x1f1 ./Drivers/STM32L4xx_HAL_Driver/Src/stm32l4xx_hal_spi.o
 .debug_macro   0x00027ffa      0x214 ./Drivers/STM32L4xx_HAL_Driver/Src/stm32l4xx_hal_uart.o
 .debug_macro   0x0002820e      0x1e9 ./Drivers/STM32L4xx_HAL_Driver/Src/stm32l4xx_hal_uart_ex.o

.debug_line     0x00000000    0x157c0
 .debug_line    0x00000000      0x85c ./Core/Src/MPU6050.o
 .debug_line    0x0000085c     0x10d9 ./Core/Src/main.o
 .debug_line    0x00001935     0x12f2 ./Core/Src/ssd1306.o
 .debug_line    0x00002c27      0x8b9 ./Core/Src/stm32l4xx_hal_msp.o
 .debug_line    0x000034e0      0x855 ./Core/Src/stm32l4xx_it.o
 .debug_line    0x00003d35      0xa5e ./Core/Src/syscalls.o
 .debug_line    0x00004793      0x681 ./Core/Src/sysmem.o
 .debug_line    0x00004e14      0x82c ./Core/Src/system_stm32l4xx.o
 .debug_line    0x00005640       0x7a ./Core/Startup/startup_stm32l476rgtx.o
 .debug_line    0x000056ba      0xb95 ./Drivers/STM32L4xx_HAL_Driver/Src/stm32l4xx_hal.o
 .debug_line    0x0000624f      0xd2f ./Drivers/STM32L4xx_HAL_Driver/Src/stm32l4xx_hal_cortex.o
 .debug_line    0x00006f7e      0xd49 ./Drivers/STM32L4xx_HAL_Driver/Src/stm32l4xx_hal_dma.o
 .debug_line    0x00007cc7      0xbe8 ./Drivers/STM32L4xx_HAL_Driver/Src/stm32l4xx_hal_gpio.o