../Core/Src/main.c:61:6:OLED_Select	8	static
../Core/Src/main.c:64:6:OLED_Unselect	8	static
../Core/Src/main.c:69:6:OLED_Command	16	static
../Core/Src/main.c:77:6:OLED_Data	16	static
../Core/Src/main.c:85:6:OLED_Reset	8	static
../Core/Src/main.c:93:6:OLED_Init	8	static
../Core/Src/main.c:103:6:loop	8	static
../Core/Src/main.c:114:6:gyroLoop	96	static
../Core/Src/main.c:165:5:__io_putchar	24	static
../Core/Src/main.c:175:6:print_float	24	static
../Core/Src/main.c:182:5:move_y	24	static
../Core/Src/main.c:208:5:move_x	24	static
../Core/Src/main.c:239:5:main	472	static
../Core/Src/main.c:367:6:SystemClock_Config	96	static
../Core/Src/main.c:417:13:MX_I2C1_Init	8	static
../Core/Src/main.c:465:13:MX_SPI2_Init	8	static
../Core/Src/main.c:505:13:MX_USART2_UART_Init	8	static
../Core/Src/main.c:540:13:MX_GPIO_Init	48	static
../Core/Src/main.c:595:6:Error_Handler	4	static,ignoring_inline_asm
