../Core/Src/main.c:61:6:loop	8	static
../Core/Src/main.c:105:5:__io_putchar	24	static
../Core/Src/main.c:115:6:print_float	24	static
../Core/Src/main.c:122:5:move_y	24	static
../Core/Src/main.c:148:5:move_x	24	static
../Core/Src/main.c:184:6:HAL_UART_RxCpltCallback	24	static
../Core/Src/main.c:231:5:main	472	static
../Core/Src/main.c:362:6:SystemClock_Config	96	static
../Core/Src/main.c:412:13:MX_I2C1_Init	8	static
../Core/Src/main.c:460:13:MX_SPI2_Init	8	static
../Core/Src/main.c:500:13:MX_USART2_UART_Init	8	static
../Core/Src/main.c:535:13:MX_GPIO_Init	48	static
../Core/Src/main.c:590:6:Error_Handler	4	static,ignoring_inline_asm
